Archive member included to satisfy reference by file (symbol)

c:/program files (x86)/atmel/studio/7.0/toolchain/avr8/avr8-gnu-toolchain/bin/../lib/gcc/avr/5.4.0/../../../../avr/lib/avr5\libm.a(addsf3.o)
                              Core/src/main.o (__subsf3)
c:/program files (x86)/atmel/studio/7.0/toolchain/avr8/avr8-gnu-toolchain/bin/../lib/gcc/avr/5.4.0/../../../../avr/lib/avr5\libm.a(addsf3x.o)
                              c:/program files (x86)/atmel/studio/7.0/toolchain/avr8/avr8-gnu-toolchain/bin/../lib/gcc/avr/5.4.0/../../../../avr/lib/avr5\libm.a(addsf3.o) (__addsf3x)
c:/program files (x86)/atmel/studio/7.0/toolchain/avr8/avr8-gnu-toolchain/bin/../lib/gcc/avr/5.4.0/../../../../avr/lib/avr5\libm.a(divsf3.o)
                              Core/src/main.o (__divsf3)
c:/program files (x86)/atmel/studio/7.0/toolchain/avr8/avr8-gnu-toolchain/bin/../lib/gcc/avr/5.4.0/../../../../avr/lib/avr5\libm.a(divsf3x.o)
                              c:/program files (x86)/atmel/studio/7.0/toolchain/avr8/avr8-gnu-toolchain/bin/../lib/gcc/avr/5.4.0/../../../../avr/lib/avr5\libm.a(divsf3.o) (__divsf3x)
c:/program files (x86)/atmel/studio/7.0/toolchain/avr8/avr8-gnu-toolchain/bin/../lib/gcc/avr/5.4.0/../../../../avr/lib/avr5\libm.a(fixsfsi.o)
                              Core/src/main.o (__fixsfsi)
c:/program files (x86)/atmel/studio/7.0/toolchain/avr8/avr8-gnu-toolchain/bin/../lib/gcc/avr/5.4.0/../../../../avr/lib/avr5\libm.a(fixunssfsi.o)
                              c:/program files (x86)/atmel/studio/7.0/toolchain/avr8/avr8-gnu-toolchain/bin/../lib/gcc/avr/5.4.0/../../../../avr/lib/avr5\libm.a(fixsfsi.o) (__fixunssfsi)
c:/program files (x86)/atmel/studio/7.0/toolchain/avr8/avr8-gnu-toolchain/bin/../lib/gcc/avr/5.4.0/../../../../avr/lib/avr5\libm.a(floatsisf.o)
                              Core/src/main.o (__floatunsisf)
c:/program files (x86)/atmel/studio/7.0/toolchain/avr8/avr8-gnu-toolchain/bin/../lib/gcc/avr/5.4.0/../../../../avr/lib/avr5\libm.a(fp_inf.o)
                              c:/program files (x86)/atmel/studio/7.0/toolchain/avr8/avr8-gnu-toolchain/bin/../lib/gcc/avr/5.4.0/../../../../avr/lib/avr5\libm.a(addsf3x.o) (__fp_inf)
c:/program files (x86)/atmel/studio/7.0/toolchain/avr8/avr8-gnu-toolchain/bin/../lib/gcc/avr/5.4.0/../../../../avr/lib/avr5\libm.a(fp_nan.o)
                              c:/program files (x86)/atmel/studio/7.0/toolchain/avr8/avr8-gnu-toolchain/bin/../lib/gcc/avr/5.4.0/../../../../avr/lib/avr5\libm.a(addsf3x.o) (__fp_nan)
c:/program files (x86)/atmel/studio/7.0/toolchain/avr8/avr8-gnu-toolchain/bin/../lib/gcc/avr/5.4.0/../../../../avr/lib/avr5\libm.a(fp_pscA.o)
                              c:/program files (x86)/atmel/studio/7.0/toolchain/avr8/avr8-gnu-toolchain/bin/../lib/gcc/avr/5.4.0/../../../../avr/lib/avr5\libm.a(addsf3x.o) (__fp_pscA)
c:/program files (x86)/atmel/studio/7.0/toolchain/avr8/avr8-gnu-toolchain/bin/../lib/gcc/avr/5.4.0/../../../../avr/lib/avr5\libm.a(fp_pscB.o)
                              c:/program files (x86)/atmel/studio/7.0/toolchain/avr8/avr8-gnu-toolchain/bin/../lib/gcc/avr/5.4.0/../../../../avr/lib/avr5\libm.a(addsf3x.o) (__fp_pscB)
c:/program files (x86)/atmel/studio/7.0/toolchain/avr8/avr8-gnu-toolchain/bin/../lib/gcc/avr/5.4.0/../../../../avr/lib/avr5\libm.a(fp_round.o)
                              c:/program files (x86)/atmel/studio/7.0/toolchain/avr8/avr8-gnu-toolchain/bin/../lib/gcc/avr/5.4.0/../../../../avr/lib/avr5\libm.a(addsf3.o) (__fp_round)
c:/program files (x86)/atmel/studio/7.0/toolchain/avr8/avr8-gnu-toolchain/bin/../lib/gcc/avr/5.4.0/../../../../avr/lib/avr5\libm.a(fp_split3.o)
                              c:/program files (x86)/atmel/studio/7.0/toolchain/avr8/avr8-gnu-toolchain/bin/../lib/gcc/avr/5.4.0/../../../../avr/lib/avr5\libm.a(addsf3x.o) (__fp_split3)
c:/program files (x86)/atmel/studio/7.0/toolchain/avr8/avr8-gnu-toolchain/bin/../lib/gcc/avr/5.4.0/../../../../avr/lib/avr5\libm.a(fp_zero.o)
                              c:/program files (x86)/atmel/studio/7.0/toolchain/avr8/avr8-gnu-toolchain/bin/../lib/gcc/avr/5.4.0/../../../../avr/lib/avr5\libm.a(addsf3x.o) (__fp_zero)
c:/program files (x86)/atmel/studio/7.0/toolchain/avr8/avr8-gnu-toolchain/bin/../lib/gcc/avr/5.4.0/../../../../avr/lib/avr5\libm.a(log.o)
                              Core/src/main.o (log)
c:/program files (x86)/atmel/studio/7.0/toolchain/avr8/avr8-gnu-toolchain/bin/../lib/gcc/avr/5.4.0/../../../../avr/lib/avr5\libm.a(mulsf3.o)
                              Core/src/main.o (__mulsf3)
c:/program files (x86)/atmel/studio/7.0/toolchain/avr8/avr8-gnu-toolchain/bin/../lib/gcc/avr/5.4.0/../../../../avr/lib/avr5\libm.a(mulsf3x.o)
                              c:/program files (x86)/atmel/studio/7.0/toolchain/avr8/avr8-gnu-toolchain/bin/../lib/gcc/avr/5.4.0/../../../../avr/lib/avr5\libm.a(log.o) (__mulsf3x)
c:/program files (x86)/atmel/studio/7.0/toolchain/avr8/avr8-gnu-toolchain/bin/../lib/gcc/avr/5.4.0/../../../../avr/lib/avr5\libm.a(fp_mpack.o)
                              c:/program files (x86)/atmel/studio/7.0/toolchain/avr8/avr8-gnu-toolchain/bin/../lib/gcc/avr/5.4.0/../../../../avr/lib/avr5\libm.a(log.o) (__fp_mpack)
c:/program files (x86)/atmel/studio/7.0/toolchain/avr8/avr8-gnu-toolchain/bin/../lib/gcc/avr/5.4.0/../../../../avr/lib/avr5\libm.a(fp_powser.o)
                              c:/program files (x86)/atmel/studio/7.0/toolchain/avr8/avr8-gnu-toolchain/bin/../lib/gcc/avr/5.4.0/../../../../avr/lib/avr5\libm.a(log.o) (__fp_powser)
c:/program files (x86)/atmel/studio/7.0/toolchain/avr8/avr8-gnu-toolchain/bin/../lib/gcc/avr/5.4.0/avr5\libgcc.a(_mulsi3.o)
                              Modules/BME280/BME280.o (__mulsi3)
c:/program files (x86)/atmel/studio/7.0/toolchain/avr8/avr8-gnu-toolchain/bin/../lib/gcc/avr/5.4.0/avr5\libgcc.a(_udivmodhi4.o)
                              Core/src/main.o (__udivmodhi4)
c:/program files (x86)/atmel/studio/7.0/toolchain/avr8/avr8-gnu-toolchain/bin/../lib/gcc/avr/5.4.0/avr5\libgcc.a(_divmodhi4.o)
                              Core/src/main.o (__divmodhi4)
c:/program files (x86)/atmel/studio/7.0/toolchain/avr8/avr8-gnu-toolchain/bin/../lib/gcc/avr/5.4.0/avr5\libgcc.a(_exit.o)
                              C:/Program Files (x86)/Atmel/Studio/7.0/Packs/atmel/ATmega_DFP/1.7.374/gcc/dev/atmega328p/avr5/crtatmega328p.o (exit)
c:/program files (x86)/atmel/studio/7.0/toolchain/avr8/avr8-gnu-toolchain/bin/../lib/gcc/avr/5.4.0/avr5\libgcc.a(_tablejump2.o)
                              Core/src/main.o (__tablejump2__)
c:/program files (x86)/atmel/studio/7.0/toolchain/avr8/avr8-gnu-toolchain/bin/../lib/gcc/avr/5.4.0/avr5\libgcc.a(_copy_data.o)
                              Aplication/CMD/cmd.o (__do_copy_data)
c:/program files (x86)/atmel/studio/7.0/toolchain/avr8/avr8-gnu-toolchain/bin/../lib/gcc/avr/5.4.0/avr5\libgcc.a(_clear_bss.o)
                              Aplication/GUI/GUI.o (__do_clear_bss)
c:/program files (x86)/atmel/studio/7.0/toolchain/avr8/avr8-gnu-toolchain/bin/../lib/gcc/avr/5.4.0/avr5\libgcc.a(_muluhisi3.o)
                              c:/program files (x86)/atmel/studio/7.0/toolchain/avr8/avr8-gnu-toolchain/bin/../lib/gcc/avr/5.4.0/avr5\libgcc.a(_mulsi3.o) (__muluhisi3)
c:/program files (x86)/atmel/studio/7.0/toolchain/avr8/avr8-gnu-toolchain/bin/../lib/gcc/avr/5.4.0/avr5\libgcc.a(_mulshisi3.o)
                              Modules/BME280/BME280.o (__mulshisi3)
c:/program files (x86)/atmel/studio/7.0/toolchain/avr8/avr8-gnu-toolchain/bin/../lib/gcc/avr/5.4.0/avr5\libgcc.a(_umulhisi3.o)
                              c:/program files (x86)/atmel/studio/7.0/toolchain/avr8/avr8-gnu-toolchain/bin/../lib/gcc/avr/5.4.0/avr5\libgcc.a(_muluhisi3.o) (__umulhisi3)
c:/program files (x86)/atmel/studio/7.0/toolchain/avr8/avr8-gnu-toolchain/bin/../lib/gcc/avr/5.4.0/../../../../avr/lib/avr5\libc.a(strcmp.o)
                              Aplication/CMD/cmd.o (strcmp)
C:/Program Files (x86)/Atmel/Studio/7.0/Packs/atmel/ATmega_DFP/1.7.374/gcc/dev/atmega328p/avr5\libatmega328p.a(eerd_byte.o)
                              Core/src/main.o (eeprom_read_byte)

Allocating common symbols
Common symbol       size              file

TimeMainClock       0x4               Core/src/main.o
TimeMainLap         0x14              Core/src/main.o
USART_Buffer        0xb               Core/src/main.o
TemperatureK        0x4               Core/src/main.o
systemFlags         0x1               Core/src/main.o
UESR_CMD_state      0x1               Core/src/main.o
myString            0xb               Core/src/main.o
bmeFactoryData      0x6               Core/src/main.o
TimeMainCronometer  0x4               Core/src/main.o
TimeMainCountdown   0x4               Core/src/main.o
TimeMainAlaram      0x4               Core/src/main.o
t_fine              0x4               Modules/BME280/BME280.o

Discarded input sections

 .data          0x00000000        0x0 C:/Program Files (x86)/Atmel/Studio/7.0/Packs/atmel/ATmega_DFP/1.7.374/gcc/dev/atmega328p/avr5/crtatmega328p.o
 .bss           0x00000000        0x0 C:/Program Files (x86)/Atmel/Studio/7.0/Packs/atmel/ATmega_DFP/1.7.374/gcc/dev/atmega328p/avr5/crtatmega328p.o
 .text          0x00000000        0x0 Aplication/Clock/clock.o
 .data          0x00000000        0x0 Aplication/Clock/clock.o
 .bss           0x00000000        0x0 Aplication/Clock/clock.o
 .text          0x00000000        0x0 Aplication/CMD/cmd.o
 .data          0x00000000        0x0 Aplication/CMD/cmd.o
 .bss           0x00000000        0x0 Aplication/CMD/cmd.o
 .rodata.str1.1
                0x00000000       0x17 Aplication/CMD/cmd.o
 .text.MY_GUI_CMDCheck
                0x00000000       0x6c Aplication/CMD/cmd.o
 .debug_info    0x00000000      0x242 Aplication/CMD/cmd.o
 .debug_abbrev  0x00000000       0xdd Aplication/CMD/cmd.o
 .debug_loc     0x00000000       0xb5 Aplication/CMD/cmd.o
 .debug_aranges
                0x00000000       0x20 Aplication/CMD/cmd.o
 .debug_ranges  0x00000000       0x10 Aplication/CMD/cmd.o
 .debug_line    0x00000000      0x120 Aplication/CMD/cmd.o
 .debug_str     0x00000000      0x4ea Aplication/CMD/cmd.o
 .comment       0x00000000       0x31 Aplication/CMD/cmd.o
 .debug_frame   0x00000000       0x38 Aplication/CMD/cmd.o
 .text          0x00000000        0x0 Aplication/Countdown/countdown.o
 .data          0x00000000        0x0 Aplication/Countdown/countdown.o
 .bss           0x00000000        0x0 Aplication/Countdown/countdown.o
 .text          0x00000000        0x0 Aplication/Cronometer/chronometer.o
 .data          0x00000000        0x0 Aplication/Cronometer/chronometer.o
 .bss           0x00000000        0x0 Aplication/Cronometer/chronometer.o
 .text          0x00000000        0x0 Aplication/GUI/GUI.o
 .data          0x00000000        0x0 Aplication/GUI/GUI.o
 .bss           0x00000000        0x0 Aplication/GUI/GUI.o
 .text.GUI_DrawMenu
                0x00000000        0x2 Aplication/GUI/GUI.o
 .text.GUI_DrawArrow
                0x00000000        0x2 Aplication/GUI/GUI.o
 .debug_info    0x00000000      0x134 Aplication/GUI/GUI.o
 .debug_abbrev  0x00000000       0xb2 Aplication/GUI/GUI.o
 .debug_aranges
                0x00000000       0x28 Aplication/GUI/GUI.o
 .debug_ranges  0x00000000       0x18 Aplication/GUI/GUI.o
 .debug_line    0x00000000       0xf1 Aplication/GUI/GUI.o
 .debug_str     0x00000000      0x25e Aplication/GUI/GUI.o
 .comment       0x00000000       0x31 Aplication/GUI/GUI.o
 .debug_frame   0x00000000       0x34 Aplication/GUI/GUI.o
 COMMON         0x00000000        0x0 Aplication/GUI/GUI.o
 .text          0x00000000        0x0 Aplication/GUI/segmentDisplay.o
 .data          0x00000000        0x0 Aplication/GUI/segmentDisplay.o
 .bss           0x00000000        0x0 Aplication/GUI/segmentDisplay.o
 .text          0x00000000        0x0 Atmega328P_Driver/src/atmega328p_ADC.o
 .data          0x00000000        0x0 Atmega328P_Driver/src/atmega328p_ADC.o
 .bss           0x00000000        0x0 Atmega328P_Driver/src/atmega328p_ADC.o
 .text          0x00000000        0x0 Atmega328P_Driver/src/atmega328p_EXTI.o
 .data          0x00000000        0x0 Atmega328P_Driver/src/atmega328p_EXTI.o
 .bss           0x00000000        0x0 Atmega328P_Driver/src/atmega328p_EXTI.o
 .text          0x00000000        0x0 Atmega328P_Driver/src/atmega328p_GPIO.o
 .data          0x00000000        0x0 Atmega328P_Driver/src/atmega328p_GPIO.o
 .bss           0x00000000        0x0 Atmega328P_Driver/src/atmega328p_GPIO.o
 .text.MY_GPIO_ReadPin
                0x00000000       0x1c Atmega328P_Driver/src/atmega328p_GPIO.o
 .text.MY_GPIO_TogglePin
                0x00000000       0x18 Atmega328P_Driver/src/atmega328p_GPIO.o
 .text.MY_GPIO_WritePin
                0x00000000       0x36 Atmega328P_Driver/src/atmega328p_GPIO.o
 .text          0x00000000        0x0 Atmega328P_Driver/src/atmega328p_I2C.o
 .data          0x00000000        0x0 Atmega328P_Driver/src/atmega328p_I2C.o
 .bss           0x00000000        0x0 Atmega328P_Driver/src/atmega328p_I2C.o
 .text.I2C_Error
                0x00000000        0x2 Atmega328P_Driver/src/atmega328p_I2C.o
 .text.I2C_Init
                0x00000000       0x1c Atmega328P_Driver/src/atmega328p_I2C.o
 .text.I2C_Start
                0x00000000       0x14 Atmega328P_Driver/src/atmega328p_I2C.o
 .text.I2C_Repeated_Start
                0x00000000       0x14 Atmega328P_Driver/src/atmega328p_I2C.o
 .text.I2C_Stop
                0x00000000        0x8 Atmega328P_Driver/src/atmega328p_I2C.o
 .text.I2C_Write
                0x00000000       0x22 Atmega328P_Driver/src/atmega328p_I2C.o
 .text.I2C_Read
                0x00000000       0x1c Atmega328P_Driver/src/atmega328p_I2C.o
 .debug_info    0x00000000      0x12a Atmega328P_Driver/src/atmega328p_I2C.o
 .debug_abbrev  0x00000000       0x92 Atmega328P_Driver/src/atmega328p_I2C.o
 .debug_loc     0x00000000       0x4e Atmega328P_Driver/src/atmega328p_I2C.o
 .debug_aranges
                0x00000000       0x50 Atmega328P_Driver/src/atmega328p_I2C.o
 .debug_ranges  0x00000000       0x40 Atmega328P_Driver/src/atmega328p_I2C.o
 .debug_line    0x00000000      0x197 Atmega328P_Driver/src/atmega328p_I2C.o
 .debug_str     0x00000000      0x1d6 Atmega328P_Driver/src/atmega328p_I2C.o
 .comment       0x00000000       0x31 Atmega328P_Driver/src/atmega328p_I2C.o
 .debug_frame   0x00000000       0x84 Atmega328P_Driver/src/atmega328p_I2C.o
 .text          0x00000000        0x0 Atmega328P_Driver/src/atmega328p_TIM.o
 .data          0x00000000        0x0 Atmega328P_Driver/src/atmega328p_TIM.o
 .bss           0x00000000        0x0 Atmega328P_Driver/src/atmega328p_TIM.o
 .text          0x00000000        0x0 Atmega328P_Driver/src/atmega328p_USART.o
 .data          0x00000000        0x0 Atmega328P_Driver/src/atmega328p_USART.o
 .bss           0x00000000        0x0 Atmega328P_Driver/src/atmega328p_USART.o
 .text.USART_Transmit_Byte
                0x00000000        0xe Atmega328P_Driver/src/atmega328p_USART.o
 .text          0x00000000        0x0 Core/src/main.o
 .data          0x00000000        0x0 Core/src/main.o
 .bss           0x00000000        0x0 Core/src/main.o
 .text.USER_ReadSystemEvent
                0x00000000       0x22 Core/src/main.o
 .text.MY_BufferClear
                0x00000000        0x2 Core/src/main.o
 .bss.USER_Sellector
                0x00000000        0x1 Core/src/main.o
 .bss.myChar    0x00000000        0x1 Core/src/main.o
 .text          0x00000000        0x0 Modules/BME280/BME280.o
 .data          0x00000000        0x0 Modules/BME280/BME280.o
 .bss           0x00000000        0x0 Modules/BME280/BME280.o
 .text.BME280_Init
                0x00000000       0x28 Modules/BME280/BME280.o
 .text.BME280_CompensationData
                0x00000000       0x26 Modules/BME280/BME280.o
 .text.readTemp
                0x00000000       0x82 Modules/BME280/BME280.o
 .text.BME280_compensate_T_int32
                0x00000000      0x130 Modules/BME280/BME280.o
 .debug_info    0x00000000      0x3cf Modules/BME280/BME280.o
 .debug_abbrev  0x00000000      0x12a Modules/BME280/BME280.o
 .debug_loc     0x00000000      0x2ec Modules/BME280/BME280.o
 .debug_aranges
                0x00000000       0x38 Modules/BME280/BME280.o
 .debug_ranges  0x00000000       0x28 Modules/BME280/BME280.o
 .debug_line    0x00000000      0x1cb Modules/BME280/BME280.o
 .debug_str     0x00000000      0x281 Modules/BME280/BME280.o
 .comment       0x00000000       0x31 Modules/BME280/BME280.o
 .debug_frame   0x00000000       0xa4 Modules/BME280/BME280.o
 COMMON         0x00000000        0x4 Modules/BME280/BME280.o
 .text          0x00000000        0x0 Modules/OLED/src/drawFunctions.o
 .data          0x00000000        0x0 Modules/OLED/src/drawFunctions.o
 .bss           0x00000000        0x0 Modules/OLED/src/drawFunctions.o
 .text.MY_GUI_DrawSymbol
                0x00000000       0x14 Modules/OLED/src/drawFunctions.o
 .text.MY_GUI_DrawString
                0x00000000       0x16 Modules/OLED/src/drawFunctions.o
 .debug_info    0x00000000      0x1ac Modules/OLED/src/drawFunctions.o
 .debug_abbrev  0x00000000       0xcc Modules/OLED/src/drawFunctions.o
 .debug_loc     0x00000000      0x137 Modules/OLED/src/drawFunctions.o
 .debug_aranges
                0x00000000       0x28 Modules/OLED/src/drawFunctions.o
 .debug_ranges  0x00000000       0x18 Modules/OLED/src/drawFunctions.o
 .debug_line    0x00000000      0x104 Modules/OLED/src/drawFunctions.o
 .debug_str     0x00000000      0x1ec Modules/OLED/src/drawFunctions.o
 .comment       0x00000000       0x31 Modules/OLED/src/drawFunctions.o
 .debug_frame   0x00000000       0x48 Modules/OLED/src/drawFunctions.o
 .text          0x00000000        0x0 Modules/OLED/src/font.o
 .data          0x00000000        0x0 Modules/OLED/src/font.o
 .bss           0x00000000        0x0 Modules/OLED/src/font.o
 .progmem.data.FONTS
                0x00000000      0x1e0 Modules/OLED/src/font.o
 .debug_info    0x00000000       0x9a Modules/OLED/src/font.o
 .debug_abbrev  0x00000000       0x5d Modules/OLED/src/font.o
 .debug_aranges
                0x00000000       0x18 Modules/OLED/src/font.o
 .debug_line    0x00000000       0x9a Modules/OLED/src/font.o
 .debug_str     0x00000000      0x170 Modules/OLED/src/font.o
 .comment       0x00000000       0x31 Modules/OLED/src/font.o
 .text          0x00000000        0x0 Modules/OLED/src/ssd1306.o
 .data          0x00000000        0x0 Modules/OLED/src/ssd1306.o
 .bss           0x00000000        0x0 Modules/OLED/src/ssd1306.o
 .text.SSD1306_Send_StartAndSLAW
                0x00000000       0x10 Modules/OLED/src/ssd1306.o
 .text.SSD1306_Send_Command
                0x00000000       0x18 Modules/OLED/src/ssd1306.o
 .text.SSD1306_Init
                0x00000000       0x84 Modules/OLED/src/ssd1306.o
 .text.SSD1306_NormalScreen
                0x00000000       0x10 Modules/OLED/src/ssd1306.o
 .text.SSD1306_InverseScreen
                0x00000000       0x10 Modules/OLED/src/ssd1306.o
 .text.SSD1306_UpdateScreen
                0x00000000       0x10 Modules/OLED/src/ssd1306.o
 .text.SSD1306_SetPosition
                0x00000000       0x70 Modules/OLED/src/ssd1306.o
 .text.SSD1306_ClearScreen
                0x00000000       0x4e Modules/OLED/src/ssd1306.o
 .text.SSD1306_UpdTxtPosition
                0x00000000       0x62 Modules/OLED/src/ssd1306.o
 .text.SSD1306_DrawChar
                0x00000000       0x92 Modules/OLED/src/ssd1306.o
 .text.SSD1306_SendByte
                0x00000000       0x3c Modules/OLED/src/ssd1306.o
 .text.SSD1306_SendBytes
                0x00000000       0x6e Modules/OLED/src/ssd1306.o
 .text.SSD1306_DrawString
                0x00000000       0x30 Modules/OLED/src/ssd1306.o
 .text.SSD1306_DrawLineHorizontal
                0x00000000       0x42 Modules/OLED/src/ssd1306.o
 .progmem.data.INIT_SSD1306
                0x00000000       0x32 Modules/OLED/src/ssd1306.o
 .bss.indexPage
                0x00000000        0x2 Modules/OLED/src/ssd1306.o
 .bss.indexCol  0x00000000        0x2 Modules/OLED/src/ssd1306.o
 .data.set_area
                0x00000000        0x2 Modules/OLED/src/ssd1306.o
 .debug_info    0x00000000      0x8aa Modules/OLED/src/ssd1306.o
 .debug_abbrev  0x00000000      0x1ae Modules/OLED/src/ssd1306.o
 .debug_loc     0x00000000      0xa32 Modules/OLED/src/ssd1306.o
 .debug_aranges
                0x00000000       0x88 Modules/OLED/src/ssd1306.o
 .debug_ranges  0x00000000       0x90 Modules/OLED/src/ssd1306.o
 .debug_line    0x00000000      0x506 Modules/OLED/src/ssd1306.o
 .debug_str     0x00000000      0x396 Modules/OLED/src/ssd1306.o
 .comment       0x00000000       0x31 Modules/OLED/src/ssd1306.o
 .debug_frame   0x00000000      0x18c Modules/OLED/src/ssd1306.o
 .text          0x00000000        0x0 Modules/OLED/src/twi.o
 .data          0x00000000        0x0 Modules/OLED/src/twi.o
 .bss           0x00000000        0x0 Modules/OLED/src/twi.o
 .text.TWI_Init
                0x00000000       0x18 Modules/OLED/src/twi.o
 .text.TWI_MT_Start
                0x00000000       0x3c Modules/OLED/src/twi.o
 .text.TWI_MT_Send_SLAW
                0x00000000       0x2a Modules/OLED/src/twi.o
 .text.TWI_MT_Send_Data
                0x00000000       0x28 Modules/OLED/src/twi.o
 .text.TWI_MR_Send_SLAR
                0x00000000       0x30 Modules/OLED/src/twi.o
 .text.TWI_Stop
                0x00000000        0x8 Modules/OLED/src/twi.o
 .debug_info    0x00000000      0x144 Modules/OLED/src/twi.o
 .debug_abbrev  0x00000000       0x96 Modules/OLED/src/twi.o
 .debug_loc     0x00000000       0x6f Modules/OLED/src/twi.o
 .debug_aranges
                0x00000000       0x48 Modules/OLED/src/twi.o
 .debug_ranges  0x00000000       0x38 Modules/OLED/src/twi.o
 .debug_line    0x00000000      0x1cd Modules/OLED/src/twi.o
 .debug_str     0x00000000      0x1c4 Modules/OLED/src/twi.o
 .comment       0x00000000       0x31 Modules/OLED/src/twi.o
 .debug_frame   0x00000000       0x74 Modules/OLED/src/twi.o
 .text          0x00000000        0x0 c:/program files (x86)/atmel/studio/7.0/toolchain/avr8/avr8-gnu-toolchain/bin/../lib/gcc/avr/5.4.0/../../../../avr/lib/avr5\libm.a(addsf3.o)
 .data          0x00000000        0x0 c:/program files (x86)/atmel/studio/7.0/toolchain/avr8/avr8-gnu-toolchain/bin/../lib/gcc/avr/5.4.0/../../../../avr/lib/avr5\libm.a(addsf3.o)
 .bss           0x00000000        0x0 c:/program files (x86)/atmel/studio/7.0/toolchain/avr8/avr8-gnu-toolchain/bin/../lib/gcc/avr/5.4.0/../../../../avr/lib/avr5\libm.a(addsf3.o)
 .text          0x00000000        0x0 c:/program files (x86)/atmel/studio/7.0/toolchain/avr8/avr8-gnu-toolchain/bin/../lib/gcc/avr/5.4.0/../../../../avr/lib/avr5\libm.a(addsf3x.o)
 .data          0x00000000        0x0 c:/program files (x86)/atmel/studio/7.0/toolchain/avr8/avr8-gnu-toolchain/bin/../lib/gcc/avr/5.4.0/../../../../avr/lib/avr5\libm.a(addsf3x.o)
 .bss           0x00000000        0x0 c:/program files (x86)/atmel/studio/7.0/toolchain/avr8/avr8-gnu-toolchain/bin/../lib/gcc/avr/5.4.0/../../../../avr/lib/avr5\libm.a(addsf3x.o)
 .text          0x00000000        0x0 c:/program files (x86)/atmel/studio/7.0/toolchain/avr8/avr8-gnu-toolchain/bin/../lib/gcc/avr/5.4.0/../../../../avr/lib/avr5\libm.a(divsf3.o)
 .data          0x00000000        0x0 c:/program files (x86)/atmel/studio/7.0/toolchain/avr8/avr8-gnu-toolchain/bin/../lib/gcc/avr/5.4.0/../../../../avr/lib/avr5\libm.a(divsf3.o)
 .bss           0x00000000        0x0 c:/program files (x86)/atmel/studio/7.0/toolchain/avr8/avr8-gnu-toolchain/bin/../lib/gcc/avr/5.4.0/../../../../avr/lib/avr5\libm.a(divsf3.o)
 .text          0x00000000        0x0 c:/program files (x86)/atmel/studio/7.0/toolchain/avr8/avr8-gnu-toolchain/bin/../lib/gcc/avr/5.4.0/../../../../avr/lib/avr5\libm.a(divsf3x.o)
 .data          0x00000000        0x0 c:/program files (x86)/atmel/studio/7.0/toolchain/avr8/avr8-gnu-toolchain/bin/../lib/gcc/avr/5.4.0/../../../../avr/lib/avr5\libm.a(divsf3x.o)
 .bss           0x00000000        0x0 c:/program files (x86)/atmel/studio/7.0/toolchain/avr8/avr8-gnu-toolchain/bin/../lib/gcc/avr/5.4.0/../../../../avr/lib/avr5\libm.a(divsf3x.o)
 .text          0x00000000        0x0 c:/program files (x86)/atmel/studio/7.0/toolchain/avr8/avr8-gnu-toolchain/bin/../lib/gcc/avr/5.4.0/../../../../avr/lib/avr5\libm.a(fixsfsi.o)
 .data          0x00000000        0x0 c:/program files (x86)/atmel/studio/7.0/toolchain/avr8/avr8-gnu-toolchain/bin/../lib/gcc/avr/5.4.0/../../../../avr/lib/avr5\libm.a(fixsfsi.o)
 .bss           0x00000000        0x0 c:/program files (x86)/atmel/studio/7.0/toolchain/avr8/avr8-gnu-toolchain/bin/../lib/gcc/avr/5.4.0/../../../../avr/lib/avr5\libm.a(fixsfsi.o)
 .text          0x00000000        0x0 c:/program files (x86)/atmel/studio/7.0/toolchain/avr8/avr8-gnu-toolchain/bin/../lib/gcc/avr/5.4.0/../../../../avr/lib/avr5\libm.a(fixunssfsi.o)
 .data          0x00000000        0x0 c:/program files (x86)/atmel/studio/7.0/toolchain/avr8/avr8-gnu-toolchain/bin/../lib/gcc/avr/5.4.0/../../../../avr/lib/avr5\libm.a(fixunssfsi.o)
 .bss           0x00000000        0x0 c:/program files (x86)/atmel/studio/7.0/toolchain/avr8/avr8-gnu-toolchain/bin/../lib/gcc/avr/5.4.0/../../../../avr/lib/avr5\libm.a(fixunssfsi.o)
 .text          0x00000000        0x0 c:/program files (x86)/atmel/studio/7.0/toolchain/avr8/avr8-gnu-toolchain/bin/../lib/gcc/avr/5.4.0/../../../../avr/lib/avr5\libm.a(floatsisf.o)
 .data          0x00000000        0x0 c:/program files (x86)/atmel/studio/7.0/toolchain/avr8/avr8-gnu-toolchain/bin/../lib/gcc/avr/5.4.0/../../../../avr/lib/avr5\libm.a(floatsisf.o)
 .bss           0x00000000        0x0 c:/program files (x86)/atmel/studio/7.0/toolchain/avr8/avr8-gnu-toolchain/bin/../lib/gcc/avr/5.4.0/../../../../avr/lib/avr5\libm.a(floatsisf.o)
 .text          0x00000000        0x0 c:/program files (x86)/atmel/studio/7.0/toolchain/avr8/avr8-gnu-toolchain/bin/../lib/gcc/avr/5.4.0/../../../../avr/lib/avr5\libm.a(fp_inf.o)
 .data          0x00000000        0x0 c:/program files (x86)/atmel/studio/7.0/toolchain/avr8/avr8-gnu-toolchain/bin/../lib/gcc/avr/5.4.0/../../../../avr/lib/avr5\libm.a(fp_inf.o)
 .bss           0x00000000        0x0 c:/program files (x86)/atmel/studio/7.0/toolchain/avr8/avr8-gnu-toolchain/bin/../lib/gcc/avr/5.4.0/../../../../avr/lib/avr5\libm.a(fp_inf.o)
 .text          0x00000000        0x0 c:/program files (x86)/atmel/studio/7.0/toolchain/avr8/avr8-gnu-toolchain/bin/../lib/gcc/avr/5.4.0/../../../../avr/lib/avr5\libm.a(fp_nan.o)
 .data          0x00000000        0x0 c:/program files (x86)/atmel/studio/7.0/toolchain/avr8/avr8-gnu-toolchain/bin/../lib/gcc/avr/5.4.0/../../../../avr/lib/avr5\libm.a(fp_nan.o)
 .bss           0x00000000        0x0 c:/program files (x86)/atmel/studio/7.0/toolchain/avr8/avr8-gnu-toolchain/bin/../lib/gcc/avr/5.4.0/../../../../avr/lib/avr5\libm.a(fp_nan.o)
 .text          0x00000000        0x0 c:/program files (x86)/atmel/studio/7.0/toolchain/avr8/avr8-gnu-toolchain/bin/../lib/gcc/avr/5.4.0/../../../../avr/lib/avr5\libm.a(fp_pscA.o)
 .data          0x00000000        0x0 c:/program files (x86)/atmel/studio/7.0/toolchain/avr8/avr8-gnu-toolchain/bin/../lib/gcc/avr/5.4.0/../../../../avr/lib/avr5\libm.a(fp_pscA.o)
 .bss           0x00000000        0x0 c:/program files (x86)/atmel/studio/7.0/toolchain/avr8/avr8-gnu-toolchain/bin/../lib/gcc/avr/5.4.0/../../../../avr/lib/avr5\libm.a(fp_pscA.o)
 .text          0x00000000        0x0 c:/program files (x86)/atmel/studio/7.0/toolchain/avr8/avr8-gnu-toolchain/bin/../lib/gcc/avr/5.4.0/../../../../avr/lib/avr5\libm.a(fp_pscB.o)
 .data          0x00000000        0x0 c:/program files (x86)/atmel/studio/7.0/toolchain/avr8/avr8-gnu-toolchain/bin/../lib/gcc/avr/5.4.0/../../../../avr/lib/avr5\libm.a(fp_pscB.o)
 .bss           0x00000000        0x0 c:/program files (x86)/atmel/studio/7.0/toolchain/avr8/avr8-gnu-toolchain/bin/../lib/gcc/avr/5.4.0/../../../../avr/lib/avr5\libm.a(fp_pscB.o)
 .text          0x00000000        0x0 c:/program files (x86)/atmel/studio/7.0/toolchain/avr8/avr8-gnu-toolchain/bin/../lib/gcc/avr/5.4.0/../../../../avr/lib/avr5\libm.a(fp_round.o)
 .data          0x00000000        0x0 c:/program files (x86)/atmel/studio/7.0/toolchain/avr8/avr8-gnu-toolchain/bin/../lib/gcc/avr/5.4.0/../../../../avr/lib/avr5\libm.a(fp_round.o)
 .bss           0x00000000        0x0 c:/program files (x86)/atmel/studio/7.0/toolchain/avr8/avr8-gnu-toolchain/bin/../lib/gcc/avr/5.4.0/../../../../avr/lib/avr5\libm.a(fp_round.o)
 .text          0x00000000        0x0 c:/program files (x86)/atmel/studio/7.0/toolchain/avr8/avr8-gnu-toolchain/bin/../lib/gcc/avr/5.4.0/../../../../avr/lib/avr5\libm.a(fp_split3.o)
 .data          0x00000000        0x0 c:/program files (x86)/atmel/studio/7.0/toolchain/avr8/avr8-gnu-toolchain/bin/../lib/gcc/avr/5.4.0/../../../../avr/lib/avr5\libm.a(fp_split3.o)
 .bss           0x00000000        0x0 c:/program files (x86)/atmel/studio/7.0/toolchain/avr8/avr8-gnu-toolchain/bin/../lib/gcc/avr/5.4.0/../../../../avr/lib/avr5\libm.a(fp_split3.o)
 .text          0x00000000        0x0 c:/program files (x86)/atmel/studio/7.0/toolchain/avr8/avr8-gnu-toolchain/bin/../lib/gcc/avr/5.4.0/../../../../avr/lib/avr5\libm.a(fp_zero.o)
 .data          0x00000000        0x0 c:/program files (x86)/atmel/studio/7.0/toolchain/avr8/avr8-gnu-toolchain/bin/../lib/gcc/avr/5.4.0/../../../../avr/lib/avr5\libm.a(fp_zero.o)
 .bss           0x00000000        0x0 c:/program files (x86)/atmel/studio/7.0/toolchain/avr8/avr8-gnu-toolchain/bin/../lib/gcc/avr/5.4.0/../../../../avr/lib/avr5\libm.a(fp_zero.o)
 .text          0x00000000        0x0 c:/program files (x86)/atmel/studio/7.0/toolchain/avr8/avr8-gnu-toolchain/bin/../lib/gcc/avr/5.4.0/../../../../avr/lib/avr5\libm.a(log.o)
 .data          0x00000000        0x0 c:/program files (x86)/atmel/studio/7.0/toolchain/avr8/avr8-gnu-toolchain/bin/../lib/gcc/avr/5.4.0/../../../../avr/lib/avr5\libm.a(log.o)
 .bss           0x00000000        0x0 c:/program files (x86)/atmel/studio/7.0/toolchain/avr8/avr8-gnu-toolchain/bin/../lib/gcc/avr/5.4.0/../../../../avr/lib/avr5\libm.a(log.o)
 .text          0x00000000        0x0 c:/program files (x86)/atmel/studio/7.0/toolchain/avr8/avr8-gnu-toolchain/bin/../lib/gcc/avr/5.4.0/../../../../avr/lib/avr5\libm.a(mulsf3.o)
 .data          0x00000000        0x0 c:/program files (x86)/atmel/studio/7.0/toolchain/avr8/avr8-gnu-toolchain/bin/../lib/gcc/avr/5.4.0/../../../../avr/lib/avr5\libm.a(mulsf3.o)
 .bss           0x00000000        0x0 c:/program files (x86)/atmel/studio/7.0/toolchain/avr8/avr8-gnu-toolchain/bin/../lib/gcc/avr/5.4.0/../../../../avr/lib/avr5\libm.a(mulsf3.o)
 .text          0x00000000        0x0 c:/program files (x86)/atmel/studio/7.0/toolchain/avr8/avr8-gnu-toolchain/bin/../lib/gcc/avr/5.4.0/../../../../avr/lib/avr5\libm.a(mulsf3x.o)
 .data          0x00000000        0x0 c:/program files (x86)/atmel/studio/7.0/toolchain/avr8/avr8-gnu-toolchain/bin/../lib/gcc/avr/5.4.0/../../../../avr/lib/avr5\libm.a(mulsf3x.o)
 .bss           0x00000000        0x0 c:/program files (x86)/atmel/studio/7.0/toolchain/avr8/avr8-gnu-toolchain/bin/../lib/gcc/avr/5.4.0/../../../../avr/lib/avr5\libm.a(mulsf3x.o)
 .text          0x00000000        0x0 c:/program files (x86)/atmel/studio/7.0/toolchain/avr8/avr8-gnu-toolchain/bin/../lib/gcc/avr/5.4.0/../../../../avr/lib/avr5\libm.a(fp_mpack.o)
 .data          0x00000000        0x0 c:/program files (x86)/atmel/studio/7.0/toolchain/avr8/avr8-gnu-toolchain/bin/../lib/gcc/avr/5.4.0/../../../../avr/lib/avr5\libm.a(fp_mpack.o)
 .bss           0x00000000        0x0 c:/program files (x86)/atmel/studio/7.0/toolchain/avr8/avr8-gnu-toolchain/bin/../lib/gcc/avr/5.4.0/../../../../avr/lib/avr5\libm.a(fp_mpack.o)
 .text          0x00000000        0x0 c:/program files (x86)/atmel/studio/7.0/toolchain/avr8/avr8-gnu-toolchain/bin/../lib/gcc/avr/5.4.0/../../../../avr/lib/avr5\libm.a(fp_powser.o)
 .data          0x00000000        0x0 c:/program files (x86)/atmel/studio/7.0/toolchain/avr8/avr8-gnu-toolchain/bin/../lib/gcc/avr/5.4.0/../../../../avr/lib/avr5\libm.a(fp_powser.o)
 .bss           0x00000000        0x0 c:/program files (x86)/atmel/studio/7.0/toolchain/avr8/avr8-gnu-toolchain/bin/../lib/gcc/avr/5.4.0/../../../../avr/lib/avr5\libm.a(fp_powser.o)
 .text          0x00000000        0x0 c:/program files (x86)/atmel/studio/7.0/toolchain/avr8/avr8-gnu-toolchain/bin/../lib/gcc/avr/5.4.0/avr5\libgcc.a(_mulsi3.o)
 .data          0x00000000        0x0 c:/program files (x86)/atmel/studio/7.0/toolchain/avr8/avr8-gnu-toolchain/bin/../lib/gcc/avr/5.4.0/avr5\libgcc.a(_mulsi3.o)
 .bss           0x00000000        0x0 c:/program files (x86)/atmel/studio/7.0/toolchain/avr8/avr8-gnu-toolchain/bin/../lib/gcc/avr/5.4.0/avr5\libgcc.a(_mulsi3.o)
 .text.libgcc.mul
                0x00000000       0x20 c:/program files (x86)/atmel/studio/7.0/toolchain/avr8/avr8-gnu-toolchain/bin/../lib/gcc/avr/5.4.0/avr5\libgcc.a(_mulsi3.o)
 .text.libgcc.div
                0x00000000        0x0 c:/program files (x86)/atmel/studio/7.0/toolchain/avr8/avr8-gnu-toolchain/bin/../lib/gcc/avr/5.4.0/avr5\libgcc.a(_mulsi3.o)
 .text.libgcc   0x00000000        0x0 c:/program files (x86)/atmel/studio/7.0/toolchain/avr8/avr8-gnu-toolchain/bin/../lib/gcc/avr/5.4.0/avr5\libgcc.a(_mulsi3.o)
 .text.libgcc.prologue
                0x00000000        0x0 c:/program files (x86)/atmel/studio/7.0/toolchain/avr8/avr8-gnu-toolchain/bin/../lib/gcc/avr/5.4.0/avr5\libgcc.a(_mulsi3.o)
 .text.libgcc.builtins
                0x00000000        0x0 c:/program files (x86)/atmel/studio/7.0/toolchain/avr8/avr8-gnu-toolchain/bin/../lib/gcc/avr/5.4.0/avr5\libgcc.a(_mulsi3.o)
 .text.libgcc.fmul
                0x00000000        0x0 c:/program files (x86)/atmel/studio/7.0/toolchain/avr8/avr8-gnu-toolchain/bin/../lib/gcc/avr/5.4.0/avr5\libgcc.a(_mulsi3.o)
 .text.libgcc.fixed
                0x00000000        0x0 c:/program files (x86)/atmel/studio/7.0/toolchain/avr8/avr8-gnu-toolchain/bin/../lib/gcc/avr/5.4.0/avr5\libgcc.a(_mulsi3.o)
 .text          0x00000000        0x0 c:/program files (x86)/atmel/studio/7.0/toolchain/avr8/avr8-gnu-toolchain/bin/../lib/gcc/avr/5.4.0/avr5\libgcc.a(_udivmodhi4.o)
 .data          0x00000000        0x0 c:/program files (x86)/atmel/studio/7.0/toolchain/avr8/avr8-gnu-toolchain/bin/../lib/gcc/avr/5.4.0/avr5\libgcc.a(_udivmodhi4.o)
 .bss           0x00000000        0x0 c:/program files (x86)/atmel/studio/7.0/toolchain/avr8/avr8-gnu-toolchain/bin/../lib/gcc/avr/5.4.0/avr5\libgcc.a(_udivmodhi4.o)
 .text.libgcc.mul
                0x00000000        0x0 c:/program files (x86)/atmel/studio/7.0/toolchain/avr8/avr8-gnu-toolchain/bin/../lib/gcc/avr/5.4.0/avr5\libgcc.a(_udivmodhi4.o)
 .text.libgcc   0x00000000        0x0 c:/program files (x86)/atmel/studio/7.0/toolchain/avr8/avr8-gnu-toolchain/bin/../lib/gcc/avr/5.4.0/avr5\libgcc.a(_udivmodhi4.o)
 .text.libgcc.prologue
                0x00000000        0x0 c:/program files (x86)/atmel/studio/7.0/toolchain/avr8/avr8-gnu-toolchain/bin/../lib/gcc/avr/5.4.0/avr5\libgcc.a(_udivmodhi4.o)
 .text.libgcc.builtins
                0x00000000        0x0 c:/program files (x86)/atmel/studio/7.0/toolchain/avr8/avr8-gnu-toolchain/bin/../lib/gcc/avr/5.4.0/avr5\libgcc.a(_udivmodhi4.o)
 .text.libgcc.fmul
                0x00000000        0x0 c:/program files (x86)/atmel/studio/7.0/toolchain/avr8/avr8-gnu-toolchain/bin/../lib/gcc/avr/5.4.0/avr5\libgcc.a(_udivmodhi4.o)
 .text.libgcc.fixed
                0x00000000        0x0 c:/program files (x86)/atmel/studio/7.0/toolchain/avr8/avr8-gnu-toolchain/bin/../lib/gcc/avr/5.4.0/avr5\libgcc.a(_udivmodhi4.o)
 .text          0x00000000        0x0 c:/program files (x86)/atmel/studio/7.0/toolchain/avr8/avr8-gnu-toolchain/bin/../lib/gcc/avr/5.4.0/avr5\libgcc.a(_divmodhi4.o)
 .data          0x00000000        0x0 c:/program files (x86)/atmel/studio/7.0/toolchain/avr8/avr8-gnu-toolchain/bin/../lib/gcc/avr/5.4.0/avr5\libgcc.a(_divmodhi4.o)
 .bss           0x00000000        0x0 c:/program files (x86)/atmel/studio/7.0/toolchain/avr8/avr8-gnu-toolchain/bin/../lib/gcc/avr/5.4.0/avr5\libgcc.a(_divmodhi4.o)
 .text.libgcc.mul
                0x00000000        0x0 c:/program files (x86)/atmel/studio/7.0/toolchain/avr8/avr8-gnu-toolchain/bin/../lib/gcc/avr/5.4.0/avr5\libgcc.a(_divmodhi4.o)
 .text.libgcc   0x00000000        0x0 c:/program files (x86)/atmel/studio/7.0/toolchain/avr8/avr8-gnu-toolchain/bin/../lib/gcc/avr/5.4.0/avr5\libgcc.a(_divmodhi4.o)
 .text.libgcc.prologue
                0x00000000        0x0 c:/program files (x86)/atmel/studio/7.0/toolchain/avr8/avr8-gnu-toolchain/bin/../lib/gcc/avr/5.4.0/avr5\libgcc.a(_divmodhi4.o)
 .text.libgcc.builtins
                0x00000000        0x0 c:/program files (x86)/atmel/studio/7.0/toolchain/avr8/avr8-gnu-toolchain/bin/../lib/gcc/avr/5.4.0/avr5\libgcc.a(_divmodhi4.o)
 .text.libgcc.fmul
                0x00000000        0x0 c:/program files (x86)/atmel/studio/7.0/toolchain/avr8/avr8-gnu-toolchain/bin/../lib/gcc/avr/5.4.0/avr5\libgcc.a(_divmodhi4.o)
 .text.libgcc.fixed
                0x00000000        0x0 c:/program files (x86)/atmel/studio/7.0/toolchain/avr8/avr8-gnu-toolchain/bin/../lib/gcc/avr/5.4.0/avr5\libgcc.a(_divmodhi4.o)
 .text          0x00000000        0x0 c:/program files (x86)/atmel/studio/7.0/toolchain/avr8/avr8-gnu-toolchain/bin/../lib/gcc/avr/5.4.0/avr5\libgcc.a(_exit.o)
 .data          0x00000000        0x0 c:/program files (x86)/atmel/studio/7.0/toolchain/avr8/avr8-gnu-toolchain/bin/../lib/gcc/avr/5.4.0/avr5\libgcc.a(_exit.o)
 .bss           0x00000000        0x0 c:/program files (x86)/atmel/studio/7.0/toolchain/avr8/avr8-gnu-toolchain/bin/../lib/gcc/avr/5.4.0/avr5\libgcc.a(_exit.o)
 .text.libgcc.mul
                0x00000000        0x0 c:/program files (x86)/atmel/studio/7.0/toolchain/avr8/avr8-gnu-toolchain/bin/../lib/gcc/avr/5.4.0/avr5\libgcc.a(_exit.o)
 .text.libgcc.div
                0x00000000        0x0 c:/program files (x86)/atmel/studio/7.0/toolchain/avr8/avr8-gnu-toolchain/bin/../lib/gcc/avr/5.4.0/avr5\libgcc.a(_exit.o)
 .text.libgcc   0x00000000        0x0 c:/program files (x86)/atmel/studio/7.0/toolchain/avr8/avr8-gnu-toolchain/bin/../lib/gcc/avr/5.4.0/avr5\libgcc.a(_exit.o)
 .text.libgcc.prologue
                0x00000000        0x0 c:/program files (x86)/atmel/studio/7.0/toolchain/avr8/avr8-gnu-toolchain/bin/../lib/gcc/avr/5.4.0/avr5\libgcc.a(_exit.o)
 .text.libgcc.builtins
                0x00000000        0x0 c:/program files (x86)/atmel/studio/7.0/toolchain/avr8/avr8-gnu-toolchain/bin/../lib/gcc/avr/5.4.0/avr5\libgcc.a(_exit.o)
 .text.libgcc.fmul
                0x00000000        0x0 c:/program files (x86)/atmel/studio/7.0/toolchain/avr8/avr8-gnu-toolchain/bin/../lib/gcc/avr/5.4.0/avr5\libgcc.a(_exit.o)
 .text.libgcc.fixed
                0x00000000        0x0 c:/program files (x86)/atmel/studio/7.0/toolchain/avr8/avr8-gnu-toolchain/bin/../lib/gcc/avr/5.4.0/avr5\libgcc.a(_exit.o)
 .text          0x00000000        0x0 c:/program files (x86)/atmel/studio/7.0/toolchain/avr8/avr8-gnu-toolchain/bin/../lib/gcc/avr/5.4.0/avr5\libgcc.a(_tablejump2.o)
 .data          0x00000000        0x0 c:/program files (x86)/atmel/studio/7.0/toolchain/avr8/avr8-gnu-toolchain/bin/../lib/gcc/avr/5.4.0/avr5\libgcc.a(_tablejump2.o)
 .bss           0x00000000        0x0 c:/program files (x86)/atmel/studio/7.0/toolchain/avr8/avr8-gnu-toolchain/bin/../lib/gcc/avr/5.4.0/avr5\libgcc.a(_tablejump2.o)
 .text.libgcc.mul
                0x00000000        0x0 c:/program files (x86)/atmel/studio/7.0/toolchain/avr8/avr8-gnu-toolchain/bin/../lib/gcc/avr/5.4.0/avr5\libgcc.a(_tablejump2.o)
 .text.libgcc.div
                0x00000000        0x0 c:/program files (x86)/atmel/studio/7.0/toolchain/avr8/avr8-gnu-toolchain/bin/../lib/gcc/avr/5.4.0/avr5\libgcc.a(_tablejump2.o)
 .text.libgcc.prologue
                0x00000000        0x0 c:/program files (x86)/atmel/studio/7.0/toolchain/avr8/avr8-gnu-toolchain/bin/../lib/gcc/avr/5.4.0/avr5\libgcc.a(_tablejump2.o)
 .text.libgcc.builtins
                0x00000000        0x0 c:/program files (x86)/atmel/studio/7.0/toolchain/avr8/avr8-gnu-toolchain/bin/../lib/gcc/avr/5.4.0/avr5\libgcc.a(_tablejump2.o)
 .text.libgcc.fmul
                0x00000000        0x0 c:/program files (x86)/atmel/studio/7.0/toolchain/avr8/avr8-gnu-toolchain/bin/../lib/gcc/avr/5.4.0/avr5\libgcc.a(_tablejump2.o)
 .text.libgcc.fixed
                0x00000000        0x0 c:/program files (x86)/atmel/studio/7.0/toolchain/avr8/avr8-gnu-toolchain/bin/../lib/gcc/avr/5.4.0/avr5\libgcc.a(_tablejump2.o)
 .text          0x00000000        0x0 c:/program files (x86)/atmel/studio/7.0/toolchain/avr8/avr8-gnu-toolchain/bin/../lib/gcc/avr/5.4.0/avr5\libgcc.a(_copy_data.o)
 .data          0x00000000        0x0 c:/program files (x86)/atmel/studio/7.0/toolchain/avr8/avr8-gnu-toolchain/bin/../lib/gcc/avr/5.4.0/avr5\libgcc.a(_copy_data.o)
 .bss           0x00000000        0x0 c:/program files (x86)/atmel/studio/7.0/toolchain/avr8/avr8-gnu-toolchain/bin/../lib/gcc/avr/5.4.0/avr5\libgcc.a(_copy_data.o)
 .text.libgcc.mul
                0x00000000        0x0 c:/program files (x86)/atmel/studio/7.0/toolchain/avr8/avr8-gnu-toolchain/bin/../lib/gcc/avr/5.4.0/avr5\libgcc.a(_copy_data.o)
 .text.libgcc.div
                0x00000000        0x0 c:/program files (x86)/atmel/studio/7.0/toolchain/avr8/avr8-gnu-toolchain/bin/../lib/gcc/avr/5.4.0/avr5\libgcc.a(_copy_data.o)
 .text.libgcc   0x00000000        0x0 c:/program files (x86)/atmel/studio/7.0/toolchain/avr8/avr8-gnu-toolchain/bin/../lib/gcc/avr/5.4.0/avr5\libgcc.a(_copy_data.o)
 .text.libgcc.prologue
                0x00000000        0x0 c:/program files (x86)/atmel/studio/7.0/toolchain/avr8/avr8-gnu-toolchain/bin/../lib/gcc/avr/5.4.0/avr5\libgcc.a(_copy_data.o)
 .text.libgcc.builtins
                0x00000000        0x0 c:/program files (x86)/atmel/studio/7.0/toolchain/avr8/avr8-gnu-toolchain/bin/../lib/gcc/avr/5.4.0/avr5\libgcc.a(_copy_data.o)
 .text.libgcc.fmul
                0x00000000        0x0 c:/program files (x86)/atmel/studio/7.0/toolchain/avr8/avr8-gnu-toolchain/bin/../lib/gcc/avr/5.4.0/avr5\libgcc.a(_copy_data.o)
 .text.libgcc.fixed
                0x00000000        0x0 c:/program files (x86)/atmel/studio/7.0/toolchain/avr8/avr8-gnu-toolchain/bin/../lib/gcc/avr/5.4.0/avr5\libgcc.a(_copy_data.o)
 .text          0x00000000        0x0 c:/program files (x86)/atmel/studio/7.0/toolchain/avr8/avr8-gnu-toolchain/bin/../lib/gcc/avr/5.4.0/avr5\libgcc.a(_clear_bss.o)
 .data          0x00000000        0x0 c:/program files (x86)/atmel/studio/7.0/toolchain/avr8/avr8-gnu-toolchain/bin/../lib/gcc/avr/5.4.0/avr5\libgcc.a(_clear_bss.o)
 .bss           0x00000000        0x0 c:/program files (x86)/atmel/studio/7.0/toolchain/avr8/avr8-gnu-toolchain/bin/../lib/gcc/avr/5.4.0/avr5\libgcc.a(_clear_bss.o)
 .text.libgcc.mul
                0x00000000        0x0 c:/program files (x86)/atmel/studio/7.0/toolchain/avr8/avr8-gnu-toolchain/bin/../lib/gcc/avr/5.4.0/avr5\libgcc.a(_clear_bss.o)
 .text.libgcc.div
                0x00000000        0x0 c:/program files (x86)/atmel/studio/7.0/toolchain/avr8/avr8-gnu-toolchain/bin/../lib/gcc/avr/5.4.0/avr5\libgcc.a(_clear_bss.o)
 .text.libgcc   0x00000000        0x0 c:/program files (x86)/atmel/studio/7.0/toolchain/avr8/avr8-gnu-toolchain/bin/../lib/gcc/avr/5.4.0/avr5\libgcc.a(_clear_bss.o)
 .text.libgcc.prologue
                0x00000000        0x0 c:/program files (x86)/atmel/studio/7.0/toolchain/avr8/avr8-gnu-toolchain/bin/../lib/gcc/avr/5.4.0/avr5\libgcc.a(_clear_bss.o)
 .text.libgcc.builtins
                0x00000000        0x0 c:/program files (x86)/atmel/studio/7.0/toolchain/avr8/avr8-gnu-toolchain/bin/../lib/gcc/avr/5.4.0/avr5\libgcc.a(_clear_bss.o)
 .text.libgcc.fmul
                0x00000000        0x0 c:/program files (x86)/atmel/studio/7.0/toolchain/avr8/avr8-gnu-toolchain/bin/../lib/gcc/avr/5.4.0/avr5\libgcc.a(_clear_bss.o)
 .text.libgcc.fixed
                0x00000000        0x0 c:/program files (x86)/atmel/studio/7.0/toolchain/avr8/avr8-gnu-toolchain/bin/../lib/gcc/avr/5.4.0/avr5\libgcc.a(_clear_bss.o)
 .text          0x00000000        0x0 c:/program files (x86)/atmel/studio/7.0/toolchain/avr8/avr8-gnu-toolchain/bin/../lib/gcc/avr/5.4.0/avr5\libgcc.a(_muluhisi3.o)
 .data          0x00000000        0x0 c:/program files (x86)/atmel/studio/7.0/toolchain/avr8/avr8-gnu-toolchain/bin/../lib/gcc/avr/5.4.0/avr5\libgcc.a(_muluhisi3.o)
 .bss           0x00000000        0x0 c:/program files (x86)/atmel/studio/7.0/toolchain/avr8/avr8-gnu-toolchain/bin/../lib/gcc/avr/5.4.0/avr5\libgcc.a(_muluhisi3.o)
 .text.libgcc.mul
                0x00000000       0x16 c:/program files (x86)/atmel/studio/7.0/toolchain/avr8/avr8-gnu-toolchain/bin/../lib/gcc/avr/5.4.0/avr5\libgcc.a(_muluhisi3.o)
 .text.libgcc.div
                0x00000000        0x0 c:/program files (x86)/atmel/studio/7.0/toolchain/avr8/avr8-gnu-toolchain/bin/../lib/gcc/avr/5.4.0/avr5\libgcc.a(_muluhisi3.o)
 .text.libgcc   0x00000000        0x0 c:/program files (x86)/atmel/studio/7.0/toolchain/avr8/avr8-gnu-toolchain/bin/../lib/gcc/avr/5.4.0/avr5\libgcc.a(_muluhisi3.o)
 .text.libgcc.prologue
                0x00000000        0x0 c:/program files (x86)/atmel/studio/7.0/toolchain/avr8/avr8-gnu-toolchain/bin/../lib/gcc/avr/5.4.0/avr5\libgcc.a(_muluhisi3.o)
 .text.libgcc.builtins
                0x00000000        0x0 c:/program files (x86)/atmel/studio/7.0/toolchain/avr8/avr8-gnu-toolchain/bin/../lib/gcc/avr/5.4.0/avr5\libgcc.a(_muluhisi3.o)
 .text.libgcc.fmul
                0x00000000        0x0 c:/program files (x86)/atmel/studio/7.0/toolchain/avr8/avr8-gnu-toolchain/bin/../lib/gcc/avr/5.4.0/avr5\libgcc.a(_muluhisi3.o)
 .text.libgcc.fixed
                0x00000000        0x0 c:/program files (x86)/atmel/studio/7.0/toolchain/avr8/avr8-gnu-toolchain/bin/../lib/gcc/avr/5.4.0/avr5\libgcc.a(_muluhisi3.o)
 .text          0x00000000        0x0 c:/program files (x86)/atmel/studio/7.0/toolchain/avr8/avr8-gnu-toolchain/bin/../lib/gcc/avr/5.4.0/avr5\libgcc.a(_mulshisi3.o)
 .data          0x00000000        0x0 c:/program files (x86)/atmel/studio/7.0/toolchain/avr8/avr8-gnu-toolchain/bin/../lib/gcc/avr/5.4.0/avr5\libgcc.a(_mulshisi3.o)
 .bss           0x00000000        0x0 c:/program files (x86)/atmel/studio/7.0/toolchain/avr8/avr8-gnu-toolchain/bin/../lib/gcc/avr/5.4.0/avr5\libgcc.a(_mulshisi3.o)
 .text.libgcc.mul
                0x00000000       0x10 c:/program files (x86)/atmel/studio/7.0/toolchain/avr8/avr8-gnu-toolchain/bin/../lib/gcc/avr/5.4.0/avr5\libgcc.a(_mulshisi3.o)
 .text.libgcc.div
                0x00000000        0x0 c:/program files (x86)/atmel/studio/7.0/toolchain/avr8/avr8-gnu-toolchain/bin/../lib/gcc/avr/5.4.0/avr5\libgcc.a(_mulshisi3.o)
 .text.libgcc   0x00000000        0x0 c:/program files (x86)/atmel/studio/7.0/toolchain/avr8/avr8-gnu-toolchain/bin/../lib/gcc/avr/5.4.0/avr5\libgcc.a(_mulshisi3.o)
 .text.libgcc.prologue
                0x00000000        0x0 c:/program files (x86)/atmel/studio/7.0/toolchain/avr8/avr8-gnu-toolchain/bin/../lib/gcc/avr/5.4.0/avr5\libgcc.a(_mulshisi3.o)
 .text.libgcc.builtins
                0x00000000        0x0 c:/program files (x86)/atmel/studio/7.0/toolchain/avr8/avr8-gnu-toolchain/bin/../lib/gcc/avr/5.4.0/avr5\libgcc.a(_mulshisi3.o)
 .text.libgcc.fmul
                0x00000000        0x0 c:/program files (x86)/atmel/studio/7.0/toolchain/avr8/avr8-gnu-toolchain/bin/../lib/gcc/avr/5.4.0/avr5\libgcc.a(_mulshisi3.o)
 .text.libgcc.fixed
                0x00000000        0x0 c:/program files (x86)/atmel/studio/7.0/toolchain/avr8/avr8-gnu-toolchain/bin/../lib/gcc/avr/5.4.0/avr5\libgcc.a(_mulshisi3.o)
 .text          0x00000000        0x0 c:/program files (x86)/atmel/studio/7.0/toolchain/avr8/avr8-gnu-toolchain/bin/../lib/gcc/avr/5.4.0/avr5\libgcc.a(_umulhisi3.o)
 .data          0x00000000        0x0 c:/program files (x86)/atmel/studio/7.0/toolchain/avr8/avr8-gnu-toolchain/bin/../lib/gcc/avr/5.4.0/avr5\libgcc.a(_umulhisi3.o)
 .bss           0x00000000        0x0 c:/program files (x86)/atmel/studio/7.0/toolchain/avr8/avr8-gnu-toolchain/bin/../lib/gcc/avr/5.4.0/avr5\libgcc.a(_umulhisi3.o)
 .text.libgcc.mul
                0x00000000       0x1e c:/program files (x86)/atmel/studio/7.0/toolchain/avr8/avr8-gnu-toolchain/bin/../lib/gcc/avr/5.4.0/avr5\libgcc.a(_umulhisi3.o)
 .text.libgcc.div
                0x00000000        0x0 c:/program files (x86)/atmel/studio/7.0/toolchain/avr8/avr8-gnu-toolchain/bin/../lib/gcc/avr/5.4.0/avr5\libgcc.a(_umulhisi3.o)
 .text.libgcc   0x00000000        0x0 c:/program files (x86)/atmel/studio/7.0/toolchain/avr8/avr8-gnu-toolchain/bin/../lib/gcc/avr/5.4.0/avr5\libgcc.a(_umulhisi3.o)
 .text.libgcc.prologue
                0x00000000        0x0 c:/program files (x86)/atmel/studio/7.0/toolchain/avr8/avr8-gnu-toolchain/bin/../lib/gcc/avr/5.4.0/avr5\libgcc.a(_umulhisi3.o)
 .text.libgcc.builtins
                0x00000000        0x0 c:/program files (x86)/atmel/studio/7.0/toolchain/avr8/avr8-gnu-toolchain/bin/../lib/gcc/avr/5.4.0/avr5\libgcc.a(_umulhisi3.o)
 .text.libgcc.fmul
                0x00000000        0x0 c:/program files (x86)/atmel/studio/7.0/toolchain/avr8/avr8-gnu-toolchain/bin/../lib/gcc/avr/5.4.0/avr5\libgcc.a(_umulhisi3.o)
 .text.libgcc.fixed
                0x00000000        0x0 c:/program files (x86)/atmel/studio/7.0/toolchain/avr8/avr8-gnu-toolchain/bin/../lib/gcc/avr/5.4.0/avr5\libgcc.a(_umulhisi3.o)
 .text          0x00000000        0x0 c:/program files (x86)/atmel/studio/7.0/toolchain/avr8/avr8-gnu-toolchain/bin/../lib/gcc/avr/5.4.0/../../../../avr/lib/avr5\libc.a(strcmp.o)
 .data          0x00000000        0x0 c:/program files (x86)/atmel/studio/7.0/toolchain/avr8/avr8-gnu-toolchain/bin/../lib/gcc/avr/5.4.0/../../../../avr/lib/avr5\libc.a(strcmp.o)
 .bss           0x00000000        0x0 c:/program files (x86)/atmel/studio/7.0/toolchain/avr8/avr8-gnu-toolchain/bin/../lib/gcc/avr/5.4.0/../../../../avr/lib/avr5\libc.a(strcmp.o)
 .text          0x00000000        0x0 C:/Program Files (x86)/Atmel/Studio/7.0/Packs/atmel/ATmega_DFP/1.7.374/gcc/dev/atmega328p/avr5\libatmega328p.a(eerd_byte.o)
 .data          0x00000000        0x0 C:/Program Files (x86)/Atmel/Studio/7.0/Packs/atmel/ATmega_DFP/1.7.374/gcc/dev/atmega328p/avr5\libatmega328p.a(eerd_byte.o)
 .bss           0x00000000        0x0 C:/Program Files (x86)/Atmel/Studio/7.0/Packs/atmel/ATmega_DFP/1.7.374/gcc/dev/atmega328p/avr5\libatmega328p.a(eerd_byte.o)

Memory Configuration

Name             Origin             Length             Attributes
text             0x00000000         0x00008000         xr
data             0x00800100         0x00000800         rw !x
eeprom           0x00810000         0x00000400         rw !x
fuse             0x00820000         0x00000003         rw !x
lock             0x00830000         0x00000400         rw !x
signature        0x00840000         0x00000400         rw !x
user_signatures  0x00850000         0x00000400         rw !x
*default*        0x00000000         0xffffffff

Linker script and memory map

Address of section .data set to 0x800100
LOAD C:/Program Files (x86)/Atmel/Studio/7.0/Packs/atmel/ATmega_DFP/1.7.374/gcc/dev/atmega328p/avr5/crtatmega328p.o
LOAD Aplication/Clock/clock.o
LOAD Aplication/CMD/cmd.o
LOAD Aplication/Countdown/countdown.o
LOAD Aplication/Cronometer/chronometer.o
LOAD Aplication/GUI/GUI.o
LOAD Aplication/GUI/segmentDisplay.o
LOAD Atmega328P_Driver/src/atmega328p_ADC.o
LOAD Atmega328P_Driver/src/atmega328p_EXTI.o
LOAD Atmega328P_Driver/src/atmega328p_GPIO.o
LOAD Atmega328P_Driver/src/atmega328p_I2C.o
LOAD Atmega328P_Driver/src/atmega328p_TIM.o
LOAD Atmega328P_Driver/src/atmega328p_USART.o
LOAD Core/src/main.o
LOAD Modules/BME280/BME280.o
LOAD Modules/OLED/src/drawFunctions.o
LOAD Modules/OLED/src/font.o
LOAD Modules/OLED/src/ssd1306.o
LOAD Modules/OLED/src/twi.o
START GROUP
LOAD c:/program files (x86)/atmel/studio/7.0/toolchain/avr8/avr8-gnu-toolchain/bin/../lib/gcc/avr/5.4.0/../../../../avr/lib/avr5\libm.a
END GROUP
START GROUP
LOAD c:/program files (x86)/atmel/studio/7.0/toolchain/avr8/avr8-gnu-toolchain/bin/../lib/gcc/avr/5.4.0/avr5\libgcc.a
LOAD c:/program files (x86)/atmel/studio/7.0/toolchain/avr8/avr8-gnu-toolchain/bin/../lib/gcc/avr/5.4.0/../../../../avr/lib/avr5\libm.a
LOAD c:/program files (x86)/atmel/studio/7.0/toolchain/avr8/avr8-gnu-toolchain/bin/../lib/gcc/avr/5.4.0/../../../../avr/lib/avr5\libc.a
LOAD C:/Program Files (x86)/Atmel/Studio/7.0/Packs/atmel/ATmega_DFP/1.7.374/gcc/dev/atmega328p/avr5\libatmega328p.a
END GROUP
                0x00000000                __TEXT_REGION_ORIGIN__ = DEFINED (__TEXT_REGION_ORIGIN__)?__TEXT_REGION_ORIGIN__:0x0
                [0x00800100]                __DATA_REGION_ORIGIN__ = DEFINED (__DATA_REGION_ORIGIN__)?__DATA_REGION_ORIGIN__:0x800060
                [0x00008000]                __TEXT_REGION_LENGTH__ = DEFINED (__TEXT_REGION_LENGTH__)?__TEXT_REGION_LENGTH__:0x20000
                [0x00000800]                __DATA_REGION_LENGTH__ = DEFINED (__DATA_REGION_LENGTH__)?__DATA_REGION_LENGTH__:0xffa0
                [0x00000400]                __EEPROM_REGION_LENGTH__ = DEFINED (__EEPROM_REGION_LENGTH__)?__EEPROM_REGION_LENGTH__:0x10000
                [0x00000003]                __FUSE_REGION_LENGTH__ = DEFINED (__FUSE_REGION_LENGTH__)?__FUSE_REGION_LENGTH__:0x400
                0x00000400                __LOCK_REGION_LENGTH__ = DEFINED (__LOCK_REGION_LENGTH__)?__LOCK_REGION_LENGTH__:0x400
                0x00000400                __SIGNATURE_REGION_LENGTH__ = DEFINED (__SIGNATURE_REGION_LENGTH__)?__SIGNATURE_REGION_LENGTH__:0x400
                0x00000400                __USER_SIGNATURE_REGION_LENGTH__ = DEFINED (__USER_SIGNATURE_REGION_LENGTH__)?__USER_SIGNATURE_REGION_LENGTH__:0x400

.hash
 *(.hash)

.dynsym
 *(.dynsym)

.dynstr
 *(.dynstr)

.gnu.version
 *(.gnu.version)

.gnu.version_d
 *(.gnu.version_d)

.gnu.version_r
 *(.gnu.version_r)

.rel.init
 *(.rel.init)

.rela.init
 *(.rela.init)

.rel.text
 *(.rel.text)
 *(.rel.text.*)
 *(.rel.gnu.linkonce.t*)

.rela.text
 *(.rela.text)
 *(.rela.text.*)
 *(.rela.gnu.linkonce.t*)

.rel.fini
 *(.rel.fini)

.rela.fini
 *(.rela.fini)

.rel.rodata
 *(.rel.rodata)
 *(.rel.rodata.*)
 *(.rel.gnu.linkonce.r*)

.rela.rodata
 *(.rela.rodata)
 *(.rela.rodata.*)
 *(.rela.gnu.linkonce.r*)

.rel.data
 *(.rel.data)
 *(.rel.data.*)
 *(.rel.gnu.linkonce.d*)

.rela.data
 *(.rela.data)
 *(.rela.data.*)
 *(.rela.gnu.linkonce.d*)

.rel.ctors
 *(.rel.ctors)

.rela.ctors
 *(.rela.ctors)

.rel.dtors
 *(.rel.dtors)

.rela.dtors
 *(.rela.dtors)

.rel.got
 *(.rel.got)

.rela.got
 *(.rela.got)

.rel.bss
 *(.rel.bss)

.rela.bss
 *(.rela.bss)

.rel.plt
 *(.rel.plt)

.rela.plt
 *(.rela.plt)

.text           0x00000000     0x1586
 *(.vectors)
 .vectors       0x00000000       0x68 C:/Program Files (x86)/Atmel/Studio/7.0/Packs/atmel/ATmega_DFP/1.7.374/gcc/dev/atmega328p/avr5/crtatmega328p.o
                0x00000000                __vector_default
                0x00000000                __vectors
 *(.vectors)
 *(.progmem.gcc*)
 .progmem.gcc_sw_table.__vector_14
                0x00000068        0xe Core/src/main.o
 .progmem.gcc_fplib
                0x00000076       0x5a c:/program files (x86)/atmel/studio/7.0/toolchain/avr8/avr8-gnu-toolchain/bin/../lib/gcc/avr/5.4.0/../../../../avr/lib/avr5\libm.a(log.o)
                0x000000d0                . = ALIGN (0x2)
                0x000000d0                __trampolines_start = .
 *(.trampolines)
 .trampolines   0x000000d0        0x0 linker stubs
 *(.trampolines*)
                0x000000d0                __trampolines_end = .
 *libprintf_flt.a:*(.progmem.data)
 *libc.a:*(.progmem.data)
 *(.progmem*)
                0x000000d0                . = ALIGN (0x2)
 *(.jumptables)
 *(.jumptables*)
 *(.lowtext)
 *(.lowtext*)
                0x000000d0                __ctors_start = .
 *(.ctors)
                0x000000d0                __ctors_end = .
                0x000000d0                __dtors_start = .
 *(.dtors)
                0x000000d0                __dtors_end = .
 SORT(*)(.ctors)
 SORT(*)(.dtors)
 *(.init0)
 .init0         0x000000d0        0x0 C:/Program Files (x86)/Atmel/Studio/7.0/Packs/atmel/ATmega_DFP/1.7.374/gcc/dev/atmega328p/avr5/crtatmega328p.o
                0x000000d0                __init
 *(.init0)
 *(.init1)
 *(.init1)
 *(.init2)
 .init2         0x000000d0        0xc C:/Program Files (x86)/Atmel/Studio/7.0/Packs/atmel/ATmega_DFP/1.7.374/gcc/dev/atmega328p/avr5/crtatmega328p.o
 *(.init2)
 *(.init3)
 *(.init3)
 *(.init4)
 .init4         0x000000dc       0x16 c:/program files (x86)/atmel/studio/7.0/toolchain/avr8/avr8-gnu-toolchain/bin/../lib/gcc/avr/5.4.0/avr5\libgcc.a(_copy_data.o)
                0x000000dc                __do_copy_data
 .init4         0x000000f2       0x10 c:/program files (x86)/atmel/studio/7.0/toolchain/avr8/avr8-gnu-toolchain/bin/../lib/gcc/avr/5.4.0/avr5\libgcc.a(_clear_bss.o)
                0x000000f2                __do_clear_bss
 *(.init4)
 *(.init5)
 *(.init5)
 *(.init6)
 *(.init6)
 *(.init7)
 *(.init7)
 *(.init8)
 *(.init8)
 *(.init9)
 .init9         0x00000102        0x8 C:/Program Files (x86)/Atmel/Studio/7.0/Packs/atmel/ATmega_DFP/1.7.374/gcc/dev/atmega328p/avr5/crtatmega328p.o
 *(.init9)
 *(.text)
 .text          0x0000010a        0x4 C:/Program Files (x86)/Atmel/Studio/7.0/Packs/atmel/ATmega_DFP/1.7.374/gcc/dev/atmega328p/avr5/crtatmega328p.o
                0x0000010a                __vector_22
                0x0000010a                __vector_24
                0x0000010a                __vector_12
                0x0000010a                __bad_interrupt
                0x0000010a                __vector_6
                0x0000010a                __vector_3
                0x0000010a                __vector_23
                0x0000010a                __vector_25
                0x0000010a                __vector_13
                0x0000010a                __vector_17
                0x0000010a                __vector_19
                0x0000010a                __vector_5
                0x0000010a                __vector_4
                0x0000010a                __vector_9
                0x0000010a                __vector_2
                0x0000010a                __vector_21
                0x0000010a                __vector_15
                0x0000010a                __vector_8
                0x0000010a                __vector_10
                0x0000010a                __vector_16
                0x0000010a                __vector_20
                0x0000010e                . = ALIGN (0x2)
 *(.text.*)
 .text.TimeClock
                0x0000010e       0x2c Aplication/Clock/clock.o
                0x0000010e                TimeClock
 .text.TimeCountdown
                0x0000013a       0x46 Aplication/Countdown/countdown.o
                0x0000013a                TimeCountdown
 .text.TimeChronometer
                0x00000180       0x3a Aplication/Cronometer/chronometer.o
                0x00000180                TimeChronometer
 .text.BinaryCodedDecimal
                0x000001ba      0x146 Aplication/GUI/segmentDisplay.o
                0x000001ba                BinaryCodedDecimal
 .text.ShiftRegister
                0x00000300       0x88 Aplication/GUI/segmentDisplay.o
                0x00000300                ShiftRegister
 .text.MY_ADC_Init
                0x00000388       0x12 Atmega328P_Driver/src/atmega328p_ADC.o
                0x00000388                MY_ADC_Init
 .text.Analog_Read
                0x0000039a       0x28 Atmega328P_Driver/src/atmega328p_ADC.o
                0x0000039a                Analog_Read
 .text.MY_EXTI_Init
                0x000003c2        0xc Atmega328P_Driver/src/atmega328p_EXTI.o
                0x000003c2                MY_EXTI_Init
 .text.MY_GPIO_Init
                0x000003ce       0x16 Atmega328P_Driver/src/atmega328p_GPIO.o
                0x000003ce                MY_GPIO_Init
 .text.MY_TIMX_Start
                0x000003e4       0x3e Atmega328P_Driver/src/atmega328p_TIM.o
                0x000003e4                MY_TIMX_Start
 .text.MY_TIM0_Init
                0x00000422       0x20 Atmega328P_Driver/src/atmega328p_TIM.o
                0x00000422                MY_TIM0_Init
 .text.MY_TIM1_Init
                0x00000442       0x32 Atmega328P_Driver/src/atmega328p_TIM.o
                0x00000442                MY_TIM1_Init
 .text.MY_TIM2_Init
                0x00000474       0x28 Atmega328P_Driver/src/atmega328p_TIM.o
                0x00000474                MY_TIM2_Init
 .text.MY_TIMX_Stop
                0x0000049c       0x2c Atmega328P_Driver/src/atmega328p_TIM.o
                0x0000049c                MY_TIMX_Stop
 .text.MY_USART_Init
                0x000004c8       0x1a Atmega328P_Driver/src/atmega328p_USART.o
                0x000004c8                MY_USART_Init
 .text.USART_Transmit_String
                0x000004e2       0x22 Atmega328P_Driver/src/atmega328p_USART.o
                0x000004e2                USART_Transmit_String
 .text.USER_Loggin
                0x00000504       0x68 Core/src/main.o
                0x00000504                USER_Loggin
 .text.USER_Clock
                0x0000056c       0x2e Core/src/main.o
                0x0000056c                USER_Clock
 .text.USER_Chronometer
                0x0000059a       0x2e Core/src/main.o
                0x0000059a                USER_Chronometer
 .text.USER_Countdown
                0x000005c8       0x2e Core/src/main.o
                0x000005c8                USER_Countdown
 .text.USER_SetClock
                0x000005f6        0xe Core/src/main.o
                0x000005f6                USER_SetClock
 .text.USER_SetAlarm
                0x00000604        0xe Core/src/main.o
                0x00000604                USER_SetAlarm
 .text.USER_SetChronometer
                0x00000612        0xe Core/src/main.o
                0x00000612                USER_SetChronometer
 .text.USER_SetCountdown
                0x00000620        0xe Core/src/main.o
                0x00000620                USER_SetCountdown
 .text.USER_CMD_Switch
                0x0000062e      0x402 Core/src/main.o
                0x0000062e                USER_CMD_Switch
 .text.main     0x00000a30      0x2e6 Core/src/main.o
                0x00000a30                main
 .text.__vector_14
                0x00000d16       0xc4 Core/src/main.o
                0x00000d16                __vector_14
 .text.__vector_11
                0x00000dda       0x54 Core/src/main.o
                0x00000dda                __vector_11
 .text.__vector_7
                0x00000e2e       0x74 Core/src/main.o
                0x00000e2e                __vector_7
 .text.__vector_18
                0x00000ea2       0x86 Core/src/main.o
                0x00000ea2                __vector_18
 .text.__vector_1
                0x00000f28       0xb2 Core/src/main.o
                0x00000f28                __vector_1
 .text.avr-libc.fplib
                0x00000fda        0xe c:/program files (x86)/atmel/studio/7.0/toolchain/avr8/avr8-gnu-toolchain/bin/../lib/gcc/avr/5.4.0/../../../../avr/lib/avr5\libm.a(addsf3.o)
                0x00000fda                __subsf3
                0x00000fdc                __addsf3
 .text.avr-libc.fplib
                0x00000fe8       0xcc c:/program files (x86)/atmel/studio/7.0/toolchain/avr8/avr8-gnu-toolchain/bin/../lib/gcc/avr/5.4.0/../../../../avr/lib/avr5\libm.a(addsf3x.o)
                0x0000100a                __addsf3x
 .text.avr-libc.fplib
                0x000010b4        0x8 c:/program files (x86)/atmel/studio/7.0/toolchain/avr8/avr8-gnu-toolchain/bin/../lib/gcc/avr/5.4.0/../../../../avr/lib/avr5\libm.a(divsf3.o)
                0x000010b4                __divsf3
 .text.avr-libc.fplib
                0x000010bc       0xdc c:/program files (x86)/atmel/studio/7.0/toolchain/avr8/avr8-gnu-toolchain/bin/../lib/gcc/avr/5.4.0/../../../../avr/lib/avr5\libm.a(divsf3x.o)
                0x000010dc                __divsf3x
                0x000010e2                __divsf3_pse
 .text.avr-libc.fplib
                0x00001198        0xe c:/program files (x86)/atmel/studio/7.0/toolchain/avr8/avr8-gnu-toolchain/bin/../lib/gcc/avr/5.4.0/../../../../avr/lib/avr5\libm.a(fixsfsi.o)
                0x00001198                __fixsfsi
 .text.avr-libc.fplib
                0x000011a6       0x5e c:/program files (x86)/atmel/studio/7.0/toolchain/avr8/avr8-gnu-toolchain/bin/../lib/gcc/avr/5.4.0/../../../../avr/lib/avr5\libm.a(fixunssfsi.o)
                0x000011a6                __fixunssfsi
 .text.avr-libc.fplib
                0x00001204       0x7a c:/program files (x86)/atmel/studio/7.0/toolchain/avr8/avr8-gnu-toolchain/bin/../lib/gcc/avr/5.4.0/../../../../avr/lib/avr5\libm.a(floatsisf.o)
                0x00001204                __floatunsisf
                0x00001208                __floatsisf
 .text.avr-libc.fplib
                0x0000127e        0xc c:/program files (x86)/atmel/studio/7.0/toolchain/avr8/avr8-gnu-toolchain/bin/../lib/gcc/avr/5.4.0/../../../../avr/lib/avr5\libm.a(fp_inf.o)
                0x0000127e                __fp_inf
 .text.avr-libc.fplib
                0x0000128a        0x6 c:/program files (x86)/atmel/studio/7.0/toolchain/avr8/avr8-gnu-toolchain/bin/../lib/gcc/avr/5.4.0/../../../../avr/lib/avr5\libm.a(fp_nan.o)
                0x0000128a                __fp_nan
 .text.avr-libc.fplib
                0x00001290        0xe c:/program files (x86)/atmel/studio/7.0/toolchain/avr8/avr8-gnu-toolchain/bin/../lib/gcc/avr/5.4.0/../../../../avr/lib/avr5\libm.a(fp_pscA.o)
                0x00001290                __fp_pscA
 .text.avr-libc.fplib
                0x0000129e        0xe c:/program files (x86)/atmel/studio/7.0/toolchain/avr8/avr8-gnu-toolchain/bin/../lib/gcc/avr/5.4.0/../../../../avr/lib/avr5\libm.a(fp_pscB.o)
                0x0000129e                __fp_pscB
 .text.avr-libc.fplib
                0x000012ac       0x22 c:/program files (x86)/atmel/studio/7.0/toolchain/avr8/avr8-gnu-toolchain/bin/../lib/gcc/avr/5.4.0/../../../../avr/lib/avr5\libm.a(fp_round.o)
                0x000012ac                __fp_round
 .text.avr-libc.fplib
                0x000012ce       0x44 c:/program files (x86)/atmel/studio/7.0/toolchain/avr8/avr8-gnu-toolchain/bin/../lib/gcc/avr/5.4.0/../../../../avr/lib/avr5\libm.a(fp_split3.o)
                0x000012ce                __fp_split3
                0x000012de                __fp_splitA
 .text.avr-libc.fplib
                0x00001312        0xe c:/program files (x86)/atmel/studio/7.0/toolchain/avr8/avr8-gnu-toolchain/bin/../lib/gcc/avr/5.4.0/../../../../avr/lib/avr5\libm.a(fp_zero.o)
                0x00001312                __fp_zero
                0x00001314                __fp_szero
 .text.avr-libc.fplib
                0x00001320       0xa0 c:/program files (x86)/atmel/studio/7.0/toolchain/avr8/avr8-gnu-toolchain/bin/../lib/gcc/avr/5.4.0/../../../../avr/lib/avr5\libm.a(log.o)
                0x00001330                log
 .text.avr-libc.fplib
                0x000013c0        0x8 c:/program files (x86)/atmel/studio/7.0/toolchain/avr8/avr8-gnu-toolchain/bin/../lib/gcc/avr/5.4.0/../../../../avr/lib/avr5\libm.a(mulsf3.o)
                0x000013c0                __mulsf3
 .text.avr-libc.fplib
                0x000013c8       0xd2 c:/program files (x86)/atmel/studio/7.0/toolchain/avr8/avr8-gnu-toolchain/bin/../lib/gcc/avr/5.4.0/../../../../avr/lib/avr5\libm.a(mulsf3x.o)
                0x000013e6                __mulsf3x
                0x000013ec                __mulsf3_pse
 .text.avr-libc.fplib
                0x0000149a       0x1c c:/program files (x86)/atmel/studio/7.0/toolchain/avr8/avr8-gnu-toolchain/bin/../lib/gcc/avr/5.4.0/../../../../avr/lib/avr5\libm.a(fp_mpack.o)
                0x0000149a                __fp_mpack
                0x0000149e                __fp_mpack_finite
 .text.avr-libc.fplib
                0x000014b6       0x4e c:/program files (x86)/atmel/studio/7.0/toolchain/avr8/avr8-gnu-toolchain/bin/../lib/gcc/avr/5.4.0/../../../../avr/lib/avr5\libm.a(fp_powser.o)
                0x000014b6                __fp_powser
 .text.libgcc.div
                0x00001504       0x28 c:/program files (x86)/atmel/studio/7.0/toolchain/avr8/avr8-gnu-toolchain/bin/../lib/gcc/avr/5.4.0/avr5\libgcc.a(_udivmodhi4.o)
                0x00001504                __udivmodhi4
 .text.libgcc.div
                0x0000152c       0x28 c:/program files (x86)/atmel/studio/7.0/toolchain/avr8/avr8-gnu-toolchain/bin/../lib/gcc/avr/5.4.0/avr5\libgcc.a(_divmodhi4.o)
                0x0000152c                _div
                0x0000152c                __divmodhi4
 .text.libgcc   0x00001554        0xc c:/program files (x86)/atmel/studio/7.0/toolchain/avr8/avr8-gnu-toolchain/bin/../lib/gcc/avr/5.4.0/avr5\libgcc.a(_tablejump2.o)
                0x00001554                __tablejump2__
 .text.avr-libc
                0x00001560       0x12 c:/program files (x86)/atmel/studio/7.0/toolchain/avr8/avr8-gnu-toolchain/bin/../lib/gcc/avr/5.4.0/../../../../avr/lib/avr5\libc.a(strcmp.o)
                0x00001560                strcmp
 .text.avr-libc
                0x00001572       0x10 C:/Program Files (x86)/Atmel/Studio/7.0/Packs/atmel/ATmega_DFP/1.7.374/gcc/dev/atmega328p/avr5\libatmega328p.a(eerd_byte.o)
                0x00001572                eeprom_read_byte
                0x00001582                . = ALIGN (0x2)
 *(.fini9)
 .fini9         0x00001582        0x0 c:/program files (x86)/atmel/studio/7.0/toolchain/avr8/avr8-gnu-toolchain/bin/../lib/gcc/avr/5.4.0/avr5\libgcc.a(_exit.o)
                0x00001582                _exit
                0x00001582                exit
 *(.fini9)
 *(.fini8)
 *(.fini8)
 *(.fini7)
 *(.fini7)
 *(.fini6)
 *(.fini6)
 *(.fini5)
 *(.fini5)
 *(.fini4)
 *(.fini4)
 *(.fini3)
 *(.fini3)
 *(.fini2)
 *(.fini2)
 *(.fini1)
 *(.fini1)
 *(.fini0)
 .fini0         0x00001582        0x4 c:/program files (x86)/atmel/studio/7.0/toolchain/avr8/avr8-gnu-toolchain/bin/../lib/gcc/avr/5.4.0/avr5\libgcc.a(_exit.o)
 *(.fini0)
                0x00001586                _etext = .

.data           0x00800100      0x1e8 load address 0x00001586
                0x00800100                PROVIDE (__data_start, .)
 *(.data)
 *(.data*)
 .data.MY_Display_state
                0x00800100        0x1 Core/src/main.o
                0x00800100                MY_Display_state
 .data.BCD      0x00800101        0xa Core/src/main.o
                0x00800101                BCD
 *(.gnu.linkonce.d*)
 *(.rodata)
 *(.rodata*)
 .rodata.str1.1
                0x0080010b      0x1dc Core/src/main.o
 *(.gnu.linkonce.r*)
                0x008002e8                . = ALIGN (0x2)
 *fill*         0x008002e7        0x1 
                0x008002e8                _edata = .
                0x008002e8                PROVIDE (__data_end, .)

.bss            0x008002e8       0x83
                0x008002e8                PROVIDE (__bss_start, .)
 *(.bss)
 *(.bss*)
 .bss.shiftCnt.1682
                0x008002e8        0x1 Aplication/GUI/segmentDisplay.o
 .bss.myISRCnt.2474
                0x008002e9        0x1 Core/src/main.o
 .bss.temperature
                0x008002ea        0x4 Core/src/main.o
                0x008002ea                temperature
 .bss.activeResistance
                0x008002ee        0x2 Core/src/main.o
                0x008002ee                activeResistance
 .bss.ADCreadout
                0x008002f0        0x2 Core/src/main.o
                0x008002f0                ADCreadout
 .bss.loginAttempts
                0x008002f2        0x1 Core/src/main.o
                0x008002f2                loginAttempts
 .bss.lapBuffer
                0x008002f3        0x1 Core/src/main.o
                0x008002f3                lapBuffer
 .bss.USART0_Flag
                0x008002f4        0x1 Core/src/main.o
                0x008002f4                USART0_Flag
 .bss.myDisplayLap
                0x008002f5        0x8 Core/src/main.o
                0x008002f5                myDisplayLap
 .bss.myDisplayTemperature
                0x008002fd        0x8 Core/src/main.o
                0x008002fd                myDisplayTemperature
 .bss.myDisplayAlarm
                0x00800305        0x8 Core/src/main.o
                0x00800305                myDisplayAlarm
 .bss.myDisplayChronometer
                0x0080030d        0x8 Core/src/main.o
                0x0080030d                myDisplayChronometer
 .bss.myDisplayCountdown
                0x00800315        0x8 Core/src/main.o
                0x00800315                myDisplayCountdown
 .bss.myDisplayClock
                0x0080031d        0x8 Core/src/main.o
                0x0080031d                myDisplayClock
 *(COMMON)
 COMMON         0x00800325       0x46 Core/src/main.o
                0x00800325                TimeMainClock
                0x00800329                TimeMainLap
                0x0080033d                USART_Buffer
                0x00800348                TemperatureK
                0x0080034c                systemFlags
                0x0080034d                UESR_CMD_state
                0x0080034e                myString
                0x00800359                bmeFactoryData
                0x0080035f                TimeMainCronometer
                0x00800363                TimeMainCountdown
                0x00800367                TimeMainAlaram
                0x0080036b                PROVIDE (__bss_end, .)
                0x00001586                __data_load_start = LOADADDR (.data)
                0x0000176e                __data_load_end = (__data_load_start + SIZEOF (.data))

.noinit         0x0080036b        0x0
                [!provide]                PROVIDE (__noinit_start, .)
 *(.noinit*)
                [!provide]                PROVIDE (__noinit_end, .)
                0x0080036b                _end = .
                [!provide]                PROVIDE (__heap_start, .)

.eeprom         0x00810000        0x0
 *(.eeprom*)
                0x00810000                __eeprom_end = .

.fuse
 *(.fuse)
 *(.lfuse)
 *(.hfuse)
 *(.efuse)

.lock
 *(.lock*)

.signature
 *(.signature*)

.user_signatures
 *(.user_signatures*)

.stab
 *(.stab)

.stabstr
 *(.stabstr)

.stab.excl
 *(.stab.excl)

.stab.exclstr
 *(.stab.exclstr)

.stab.index
 *(.stab.index)

.stab.indexstr
 *(.stab.indexstr)

.comment        0x00000000       0x30
 *(.comment)
 .comment       0x00000000       0x30 Aplication/Clock/clock.o
                                 0x31 (size before relaxing)
 .comment       0x00000030       0x31 Aplication/Countdown/countdown.o
 .comment       0x00000030       0x31 Aplication/Cronometer/chronometer.o
 .comment       0x00000030       0x31 Aplication/GUI/segmentDisplay.o
 .comment       0x00000030       0x31 Atmega328P_Driver/src/atmega328p_ADC.o
 .comment       0x00000030       0x31 Atmega328P_Driver/src/atmega328p_EXTI.o
 .comment       0x00000030       0x31 Atmega328P_Driver/src/atmega328p_GPIO.o
 .comment       0x00000030       0x31 Atmega328P_Driver/src/atmega328p_TIM.o
 .comment       0x00000030       0x31 Atmega328P_Driver/src/atmega328p_USART.o
 .comment       0x00000030       0x31 Core/src/main.o

.note.gnu.avr.deviceinfo
                0x00000000       0x40
 .note.gnu.avr.deviceinfo
                0x00000000       0x40 C:/Program Files (x86)/Atmel/Studio/7.0/Packs/atmel/ATmega_DFP/1.7.374/gcc/dev/atmega328p/avr5/crtatmega328p.o

.note.gnu.build-id
 *(.note.gnu.build-id)

.debug
 *(.debug)

.line
 *(.line)

.debug_srcinfo
 *(.debug_srcinfo)

.debug_sfnames
 *(.debug_sfnames)

.debug_aranges  0x00000000      0x238
 *(.debug_aranges)
 .debug_aranges
                0x00000000       0x20 Aplication/Clock/clock.o
 .debug_aranges
                0x00000020       0x20 Aplication/Countdown/countdown.o
 .debug_aranges
                0x00000040       0x20 Aplication/Cronometer/chronometer.o
 .debug_aranges
                0x00000060       0x28 Aplication/GUI/segmentDisplay.o
 .debug_aranges
                0x00000088       0x28 Atmega328P_Driver/src/atmega328p_ADC.o
 .debug_aranges
                0x000000b0       0x20 Atmega328P_Driver/src/atmega328p_EXTI.o
 .debug_aranges
                0x000000d0       0x38 Atmega328P_Driver/src/atmega328p_GPIO.o
 .debug_aranges
                0x00000108       0x40 Atmega328P_Driver/src/atmega328p_TIM.o
 .debug_aranges
                0x00000148       0x30 Atmega328P_Driver/src/atmega328p_USART.o
 .debug_aranges
                0x00000178       0xa0 Core/src/main.o
 .debug_aranges
                0x00000218       0x20 C:/Program Files (x86)/Atmel/Studio/7.0/Packs/atmel/ATmega_DFP/1.7.374/gcc/dev/atmega328p/avr5\libatmega328p.a(eerd_byte.o)

.debug_pubnames
 *(.debug_pubnames)

.debug_info     0x00000000     0x27c4
 *(.debug_info .gnu.linkonce.wi.*)
 .debug_info    0x00000000      0x5f4 C:/Program Files (x86)/Atmel/Studio/7.0/Packs/atmel/ATmega_DFP/1.7.374/gcc/dev/atmega328p/avr5/crtatmega328p.o
 .debug_info    0x000005f4       0xe9 Aplication/Clock/clock.o
 .debug_info    0x000006dd       0xe9 Aplication/Countdown/countdown.o
 .debug_info    0x000007c6       0xe9 Aplication/Cronometer/chronometer.o
 .debug_info    0x000008af      0x188 Aplication/GUI/segmentDisplay.o
 .debug_info    0x00000a37       0xb7 Atmega328P_Driver/src/atmega328p_ADC.o
 .debug_info    0x00000aee       0x82 Atmega328P_Driver/src/atmega328p_EXTI.o
 .debug_info    0x00000b70      0x14b Atmega328P_Driver/src/atmega328p_GPIO.o
 .debug_info    0x00000cbb      0x19f Atmega328P_Driver/src/atmega328p_TIM.o
 .debug_info    0x00000e5a       0xfb Atmega328P_Driver/src/atmega328p_USART.o
 .debug_info    0x00000f55     0x17d5 Core/src/main.o
 .debug_info    0x0000272a       0x9a C:/Program Files (x86)/Atmel/Studio/7.0/Packs/atmel/ATmega_DFP/1.7.374/gcc/dev/atmega328p/avr5\libatmega328p.a(eerd_byte.o)

.debug_abbrev   0x00000000      0xe27
 *(.debug_abbrev)
 .debug_abbrev  0x00000000      0x5a2 C:/Program Files (x86)/Atmel/Studio/7.0/Packs/atmel/ATmega_DFP/1.7.374/gcc/dev/atmega328p/avr5/crtatmega328p.o
 .debug_abbrev  0x000005a2       0x87 Aplication/Clock/clock.o
 .debug_abbrev  0x00000629       0x87 Aplication/Countdown/countdown.o
 .debug_abbrev  0x000006b0       0x87 Aplication/Cronometer/chronometer.o
 .debug_abbrev  0x00000737       0xd5 Aplication/GUI/segmentDisplay.o
 .debug_abbrev  0x0000080c       0x78 Atmega328P_Driver/src/atmega328p_ADC.o
 .debug_abbrev  0x00000884       0x4f Atmega328P_Driver/src/atmega328p_EXTI.o
 .debug_abbrev  0x000008d3       0xcb Atmega328P_Driver/src/atmega328p_GPIO.o
 .debug_abbrev  0x0000099e       0xc1 Atmega328P_Driver/src/atmega328p_TIM.o
 .debug_abbrev  0x00000a5f       0x9f Atmega328P_Driver/src/atmega328p_USART.o
 .debug_abbrev  0x00000afe      0x315 Core/src/main.o
 .debug_abbrev  0x00000e13       0x14 C:/Program Files (x86)/Atmel/Studio/7.0/Packs/atmel/ATmega_DFP/1.7.374/gcc/dev/atmega328p/avr5\libatmega328p.a(eerd_byte.o)

.debug_line     0x00000000     0x164e
 *(.debug_line .debug_line.* .debug_line_end)
 .debug_line    0x00000000      0x134 C:/Program Files (x86)/Atmel/Studio/7.0/Packs/atmel/ATmega_DFP/1.7.374/gcc/dev/atmega328p/avr5/crtatmega328p.o
 .debug_line    0x00000134       0xfa Aplication/Clock/clock.o
 .debug_line    0x0000022e      0x126 Aplication/Countdown/countdown.o
 .debug_line    0x00000354      0x117 Aplication/Cronometer/chronometer.o
 .debug_line    0x0000046b      0x14d Aplication/GUI/segmentDisplay.o
 .debug_line    0x000005b8       0xf9 Atmega328P_Driver/src/atmega328p_ADC.o
 .debug_line    0x000006b1       0xc4 Atmega328P_Driver/src/atmega328p_EXTI.o
 .debug_line    0x00000775      0x13c Atmega328P_Driver/src/atmega328p_GPIO.o
 .debug_line    0x000008b1      0x1d8 Atmega328P_Driver/src/atmega328p_TIM.o
 .debug_line    0x00000a89      0x129 Atmega328P_Driver/src/atmega328p_USART.o
 .debug_line    0x00000bb2      0xa22 Core/src/main.o
 .debug_line    0x000015d4       0x7a C:/Program Files (x86)/Atmel/Studio/7.0/Packs/atmel/ATmega_DFP/1.7.374/gcc/dev/atmega328p/avr5\libatmega328p.a(eerd_byte.o)

.debug_frame    0x00000000      0x4e8
 *(.debug_frame)
 .debug_frame   0x00000000       0x24 Aplication/Clock/clock.o
 .debug_frame   0x00000024       0x24 Aplication/Countdown/countdown.o
 .debug_frame   0x00000048       0x24 Aplication/Cronometer/chronometer.o
 .debug_frame   0x0000006c       0x40 Aplication/GUI/segmentDisplay.o
 .debug_frame   0x000000ac       0x34 Atmega328P_Driver/src/atmega328p_ADC.o
 .debug_frame   0x000000e0       0x24 Atmega328P_Driver/src/atmega328p_EXTI.o
 .debug_frame   0x00000104       0x54 Atmega328P_Driver/src/atmega328p_GPIO.o
 .debug_frame   0x00000158       0x64 Atmega328P_Driver/src/atmega328p_TIM.o
 .debug_frame   0x000001bc       0x44 Atmega328P_Driver/src/atmega328p_USART.o
 .debug_frame   0x00000200      0x2e8 Core/src/main.o

.debug_str      0x00000000      0xe17
 *(.debug_str)
 .debug_str     0x00000000      0x208 C:/Program Files (x86)/Atmel/Studio/7.0/Packs/atmel/ATmega_DFP/1.7.374/gcc/dev/atmega328p/avr5/crtatmega328p.o
 .debug_str     0x00000208      0x174 Aplication/Clock/clock.o
                                0x1b7 (size before relaxing)
 .debug_str     0x0000037c       0x32 Aplication/Countdown/countdown.o
                                0x1c3 (size before relaxing)
 .debug_str     0x000003ae       0x37 Aplication/Cronometer/chronometer.o
                                0x1c8 (size before relaxing)
 .debug_str     0x000003e5       0x81 Aplication/GUI/segmentDisplay.o
                                0x212 (size before relaxing)
 .debug_str     0x00000466       0x83 Atmega328P_Driver/src/atmega328p_ADC.o
                                0x19d (size before relaxing)
 .debug_str     0x000004e9       0x38 Atmega328P_Driver/src/atmega328p_EXTI.o
                                0x19b (size before relaxing)
 .debug_str     0x00000521       0x88 Atmega328P_Driver/src/atmega328p_GPIO.o
                                0x1eb (size before relaxing)
 .debug_str     0x000005a9       0xcb Atmega328P_Driver/src/atmega328p_TIM.o
                                0x21a (size before relaxing)
 .debug_str     0x00000674       0x86 Atmega328P_Driver/src/atmega328p_USART.o
                                0x1f7 (size before relaxing)
 .debug_str     0x000006fa      0x71d Core/src/main.o
                                0x9f2 (size before relaxing)

.debug_loc      0x00000000      0xcbe
 *(.debug_loc)
 .debug_loc     0x00000000       0x28 Aplication/Clock/clock.o
 .debug_loc     0x00000028       0x28 Aplication/Countdown/countdown.o
 .debug_loc     0x00000050       0x28 Aplication/Cronometer/chronometer.o
 .debug_loc     0x00000078       0xcd Aplication/GUI/segmentDisplay.o
 .debug_loc     0x00000145       0x21 Atmega328P_Driver/src/atmega328p_ADC.o
 .debug_loc     0x00000166       0x28 Atmega328P_Driver/src/atmega328p_GPIO.o
 .debug_loc     0x0000018e       0xf9 Atmega328P_Driver/src/atmega328p_TIM.o
 .debug_loc     0x00000287       0x47 Atmega328P_Driver/src/atmega328p_USART.o
 .debug_loc     0x000002ce      0x9f0 Core/src/main.o

.debug_macinfo
 *(.debug_macinfo)

.debug_weaknames
 *(.debug_weaknames)

.debug_funcnames
 *(.debug_funcnames)

.debug_typenames
 *(.debug_typenames)

.debug_varnames
 *(.debug_varnames)

.debug_pubtypes
 *(.debug_pubtypes)

.debug_ranges   0x00000000      0x1a8
 *(.debug_ranges)
 .debug_ranges  0x00000000       0x10 Aplication/Clock/clock.o
 .debug_ranges  0x00000010       0x10 Aplication/Countdown/countdown.o
 .debug_ranges  0x00000020       0x10 Aplication/Cronometer/chronometer.o
 .debug_ranges  0x00000030       0x18 Aplication/GUI/segmentDisplay.o
 .debug_ranges  0x00000048       0x18 Atmega328P_Driver/src/atmega328p_ADC.o
 .debug_ranges  0x00000060       0x10 Atmega328P_Driver/src/atmega328p_EXTI.o
 .debug_ranges  0x00000070       0x28 Atmega328P_Driver/src/atmega328p_GPIO.o
 .debug_ranges  0x00000098       0x30 Atmega328P_Driver/src/atmega328p_TIM.o
 .debug_ranges  0x000000c8       0x20 Atmega328P_Driver/src/atmega328p_USART.o
 .debug_ranges  0x000000e8       0xc0 Core/src/main.o

.debug_macro
 *(.debug_macro)
OUTPUT(PROJECT.elf elf32-avr)
LOAD linker stubs
