Archive member included to satisfy reference by file (symbol)

c:/program files (x86)/atmel/studio/7.0/toolchain/avr8/avr8-gnu-toolchain/bin/../lib/gcc/avr/5.4.0/../../../../avr/lib/avr5\libm.a(addsf3.o)
                              Core/src/main.o (__subsf3)
c:/program files (x86)/atmel/studio/7.0/toolchain/avr8/avr8-gnu-toolchain/bin/../lib/gcc/avr/5.4.0/../../../../avr/lib/avr5\libm.a(addsf3x.o)
                              c:/program files (x86)/atmel/studio/7.0/toolchain/avr8/avr8-gnu-toolchain/bin/../lib/gcc/avr/5.4.0/../../../../avr/lib/avr5\libm.a(addsf3.o) (__addsf3x)
c:/program files (x86)/atmel/studio/7.0/toolchain/avr8/avr8-gnu-toolchain/bin/../lib/gcc/avr/5.4.0/../../../../avr/lib/avr5\libm.a(cmpsf2.o)
                              Modules/BME280/BME280.o (__eqsf2)
c:/program files (x86)/atmel/studio/7.0/toolchain/avr8/avr8-gnu-toolchain/bin/../lib/gcc/avr/5.4.0/../../../../avr/lib/avr5\libm.a(divsf3.o)
                              Core/src/main.o (__divsf3)
c:/program files (x86)/atmel/studio/7.0/toolchain/avr8/avr8-gnu-toolchain/bin/../lib/gcc/avr/5.4.0/../../../../avr/lib/avr5\libm.a(divsf3x.o)
                              c:/program files (x86)/atmel/studio/7.0/toolchain/avr8/avr8-gnu-toolchain/bin/../lib/gcc/avr/5.4.0/../../../../avr/lib/avr5\libm.a(divsf3.o) (__divsf3x)
c:/program files (x86)/atmel/studio/7.0/toolchain/avr8/avr8-gnu-toolchain/bin/../lib/gcc/avr/5.4.0/../../../../avr/lib/avr5\libm.a(fixsfsi.o)
                              Core/src/main.o (__fixsfsi)
c:/program files (x86)/atmel/studio/7.0/toolchain/avr8/avr8-gnu-toolchain/bin/../lib/gcc/avr/5.4.0/../../../../avr/lib/avr5\libm.a(fixunssfsi.o)
                              c:/program files (x86)/atmel/studio/7.0/toolchain/avr8/avr8-gnu-toolchain/bin/../lib/gcc/avr/5.4.0/../../../../avr/lib/avr5\libm.a(fixsfsi.o) (__fixunssfsi)
c:/program files (x86)/atmel/studio/7.0/toolchain/avr8/avr8-gnu-toolchain/bin/../lib/gcc/avr/5.4.0/../../../../avr/lib/avr5\libm.a(floatsisf.o)
                              Core/src/main.o (__floatunsisf)
c:/program files (x86)/atmel/studio/7.0/toolchain/avr8/avr8-gnu-toolchain/bin/../lib/gcc/avr/5.4.0/../../../../avr/lib/avr5\libm.a(fp_cmp.o)
                              c:/program files (x86)/atmel/studio/7.0/toolchain/avr8/avr8-gnu-toolchain/bin/../lib/gcc/avr/5.4.0/../../../../avr/lib/avr5\libm.a(cmpsf2.o) (__fp_cmp)
c:/program files (x86)/atmel/studio/7.0/toolchain/avr8/avr8-gnu-toolchain/bin/../lib/gcc/avr/5.4.0/../../../../avr/lib/avr5\libm.a(fp_inf.o)
                              c:/program files (x86)/atmel/studio/7.0/toolchain/avr8/avr8-gnu-toolchain/bin/../lib/gcc/avr/5.4.0/../../../../avr/lib/avr5\libm.a(addsf3x.o) (__fp_inf)
c:/program files (x86)/atmel/studio/7.0/toolchain/avr8/avr8-gnu-toolchain/bin/../lib/gcc/avr/5.4.0/../../../../avr/lib/avr5\libm.a(fp_nan.o)
                              c:/program files (x86)/atmel/studio/7.0/toolchain/avr8/avr8-gnu-toolchain/bin/../lib/gcc/avr/5.4.0/../../../../avr/lib/avr5\libm.a(addsf3x.o) (__fp_nan)
c:/program files (x86)/atmel/studio/7.0/toolchain/avr8/avr8-gnu-toolchain/bin/../lib/gcc/avr/5.4.0/../../../../avr/lib/avr5\libm.a(fp_pscA.o)
                              c:/program files (x86)/atmel/studio/7.0/toolchain/avr8/avr8-gnu-toolchain/bin/../lib/gcc/avr/5.4.0/../../../../avr/lib/avr5\libm.a(addsf3x.o) (__fp_pscA)
c:/program files (x86)/atmel/studio/7.0/toolchain/avr8/avr8-gnu-toolchain/bin/../lib/gcc/avr/5.4.0/../../../../avr/lib/avr5\libm.a(fp_pscB.o)
                              c:/program files (x86)/atmel/studio/7.0/toolchain/avr8/avr8-gnu-toolchain/bin/../lib/gcc/avr/5.4.0/../../../../avr/lib/avr5\libm.a(addsf3x.o) (__fp_pscB)
c:/program files (x86)/atmel/studio/7.0/toolchain/avr8/avr8-gnu-toolchain/bin/../lib/gcc/avr/5.4.0/../../../../avr/lib/avr5\libm.a(fp_round.o)
                              c:/program files (x86)/atmel/studio/7.0/toolchain/avr8/avr8-gnu-toolchain/bin/../lib/gcc/avr/5.4.0/../../../../avr/lib/avr5\libm.a(addsf3.o) (__fp_round)
c:/program files (x86)/atmel/studio/7.0/toolchain/avr8/avr8-gnu-toolchain/bin/../lib/gcc/avr/5.4.0/../../../../avr/lib/avr5\libm.a(fp_split3.o)
                              c:/program files (x86)/atmel/studio/7.0/toolchain/avr8/avr8-gnu-toolchain/bin/../lib/gcc/avr/5.4.0/../../../../avr/lib/avr5\libm.a(addsf3x.o) (__fp_split3)
c:/program files (x86)/atmel/studio/7.0/toolchain/avr8/avr8-gnu-toolchain/bin/../lib/gcc/avr/5.4.0/../../../../avr/lib/avr5\libm.a(fp_zero.o)
                              c:/program files (x86)/atmel/studio/7.0/toolchain/avr8/avr8-gnu-toolchain/bin/../lib/gcc/avr/5.4.0/../../../../avr/lib/avr5\libm.a(addsf3x.o) (__fp_zero)
c:/program files (x86)/atmel/studio/7.0/toolchain/avr8/avr8-gnu-toolchain/bin/../lib/gcc/avr/5.4.0/../../../../avr/lib/avr5\libm.a(log.o)
                              Core/src/main.o (log)
c:/program files (x86)/atmel/studio/7.0/toolchain/avr8/avr8-gnu-toolchain/bin/../lib/gcc/avr/5.4.0/../../../../avr/lib/avr5\libm.a(mulsf3.o)
                              Core/src/main.o (__mulsf3)
c:/program files (x86)/atmel/studio/7.0/toolchain/avr8/avr8-gnu-toolchain/bin/../lib/gcc/avr/5.4.0/../../../../avr/lib/avr5\libm.a(mulsf3x.o)
                              c:/program files (x86)/atmel/studio/7.0/toolchain/avr8/avr8-gnu-toolchain/bin/../lib/gcc/avr/5.4.0/../../../../avr/lib/avr5\libm.a(log.o) (__mulsf3x)
c:/program files (x86)/atmel/studio/7.0/toolchain/avr8/avr8-gnu-toolchain/bin/../lib/gcc/avr/5.4.0/../../../../avr/lib/avr5\libm.a(fp_mpack.o)
                              c:/program files (x86)/atmel/studio/7.0/toolchain/avr8/avr8-gnu-toolchain/bin/../lib/gcc/avr/5.4.0/../../../../avr/lib/avr5\libm.a(log.o) (__fp_mpack)
c:/program files (x86)/atmel/studio/7.0/toolchain/avr8/avr8-gnu-toolchain/bin/../lib/gcc/avr/5.4.0/../../../../avr/lib/avr5\libm.a(fp_powser.o)
                              c:/program files (x86)/atmel/studio/7.0/toolchain/avr8/avr8-gnu-toolchain/bin/../lib/gcc/avr/5.4.0/../../../../avr/lib/avr5\libm.a(log.o) (__fp_powser)
c:/program files (x86)/atmel/studio/7.0/toolchain/avr8/avr8-gnu-toolchain/bin/../lib/gcc/avr/5.4.0/avr5\libgcc.a(_mulsi3.o)
                              Modules/BME280/BME280.o (__mulsi3)
c:/program files (x86)/atmel/studio/7.0/toolchain/avr8/avr8-gnu-toolchain/bin/../lib/gcc/avr/5.4.0/avr5\libgcc.a(_udivmodhi4.o)
                              Core/src/main.o (__udivmodhi4)
c:/program files (x86)/atmel/studio/7.0/toolchain/avr8/avr8-gnu-toolchain/bin/../lib/gcc/avr/5.4.0/avr5\libgcc.a(_divmodhi4.o)
                              Core/src/main.o (__divmodhi4)
c:/program files (x86)/atmel/studio/7.0/toolchain/avr8/avr8-gnu-toolchain/bin/../lib/gcc/avr/5.4.0/avr5\libgcc.a(_exit.o)
                              C:/Program Files (x86)/Atmel/Studio/7.0/Packs/atmel/ATmega_DFP/1.7.374/gcc/dev/atmega328p/avr5/crtatmega328p.o (exit)
c:/program files (x86)/atmel/studio/7.0/toolchain/avr8/avr8-gnu-toolchain/bin/../lib/gcc/avr/5.4.0/avr5\libgcc.a(_tablejump2.o)
                              Core/src/main.o (__tablejump2__)
c:/program files (x86)/atmel/studio/7.0/toolchain/avr8/avr8-gnu-toolchain/bin/../lib/gcc/avr/5.4.0/avr5\libgcc.a(_copy_data.o)
                              Aplication/CMD/cmd.o (__do_copy_data)
c:/program files (x86)/atmel/studio/7.0/toolchain/avr8/avr8-gnu-toolchain/bin/../lib/gcc/avr/5.4.0/avr5\libgcc.a(_clear_bss.o)
                              Aplication/GUI/GUI.o (__do_clear_bss)
c:/program files (x86)/atmel/studio/7.0/toolchain/avr8/avr8-gnu-toolchain/bin/../lib/gcc/avr/5.4.0/avr5\libgcc.a(_muluhisi3.o)
                              Modules/BME280/BME280.o (__muluhisi3)
c:/program files (x86)/atmel/studio/7.0/toolchain/avr8/avr8-gnu-toolchain/bin/../lib/gcc/avr/5.4.0/avr5\libgcc.a(_mulshisi3.o)
                              Modules/BME280/BME280.o (__mulshisi3)
c:/program files (x86)/atmel/studio/7.0/toolchain/avr8/avr8-gnu-toolchain/bin/../lib/gcc/avr/5.4.0/avr5\libgcc.a(_umulhisi3.o)
                              c:/program files (x86)/atmel/studio/7.0/toolchain/avr8/avr8-gnu-toolchain/bin/../lib/gcc/avr/5.4.0/avr5\libgcc.a(_muluhisi3.o) (__umulhisi3)
c:/program files (x86)/atmel/studio/7.0/toolchain/avr8/avr8-gnu-toolchain/bin/../lib/gcc/avr/5.4.0/../../../../avr/lib/avr5\libc.a(strcmp.o)
                              Aplication/CMD/cmd.o (strcmp)

Allocating common symbols
Common symbol       size              file

TimeMainClock       0x4               Core/src/main.o
Compensation_Data   0x21              Core/src/main.o
TimeMainLap         0x14              Core/src/main.o
USART_Buffer        0xb               Core/src/main.o
TemperatureK        0x4               Core/src/main.o
systemFlags         0x1               Core/src/main.o
UESR_CMD_state      0x1               Core/src/main.o
myTemperatureData   0x7               Core/src/main.o
myPressureData      0x7               Core/src/main.o
myHumidityData      0x6               Core/src/main.o
TimeMainCronometer  0x4               Core/src/main.o
TimeMainCountdown   0x4               Core/src/main.o
TimeMainAlaram      0x4               Core/src/main.o

Discarded input sections

 .data          0x00000000        0x0 C:/Program Files (x86)/Atmel/Studio/7.0/Packs/atmel/ATmega_DFP/1.7.374/gcc/dev/atmega328p/avr5/crtatmega328p.o
 .bss           0x00000000        0x0 C:/Program Files (x86)/Atmel/Studio/7.0/Packs/atmel/ATmega_DFP/1.7.374/gcc/dev/atmega328p/avr5/crtatmega328p.o
 .text          0x00000000        0x0 Aplication/Clock/clock.o
 .data          0x00000000        0x0 Aplication/Clock/clock.o
 .bss           0x00000000        0x0 Aplication/Clock/clock.o
 .text          0x00000000        0x0 Aplication/CMD/cmd.o
 .data          0x00000000        0x0 Aplication/CMD/cmd.o
 .bss           0x00000000        0x0 Aplication/CMD/cmd.o
 .text          0x00000000        0x0 Aplication/Countdown/countdown.o
 .data          0x00000000        0x0 Aplication/Countdown/countdown.o
 .bss           0x00000000        0x0 Aplication/Countdown/countdown.o
 .text          0x00000000        0x0 Aplication/Cronometer/chronometer.o
 .data          0x00000000        0x0 Aplication/Cronometer/chronometer.o
 .bss           0x00000000        0x0 Aplication/Cronometer/chronometer.o
 .text          0x00000000        0x0 Aplication/GUI/GUI.o
 .data          0x00000000        0x0 Aplication/GUI/GUI.o
 .bss           0x00000000        0x0 Aplication/GUI/GUI.o
 .text.GUI_DrawMenu
                0x00000000        0x2 Aplication/GUI/GUI.o
 .text.GUI_DrawArrow
                0x00000000        0x2 Aplication/GUI/GUI.o
 .debug_info    0x00000000      0x134 Aplication/GUI/GUI.o
 .debug_abbrev  0x00000000       0xb2 Aplication/GUI/GUI.o
 .debug_aranges
                0x00000000       0x28 Aplication/GUI/GUI.o
 .debug_ranges  0x00000000       0x18 Aplication/GUI/GUI.o
 .debug_line    0x00000000       0xf1 Aplication/GUI/GUI.o
 .debug_str     0x00000000      0x25e Aplication/GUI/GUI.o
 .comment       0x00000000       0x31 Aplication/GUI/GUI.o
 .debug_frame   0x00000000       0x34 Aplication/GUI/GUI.o
 COMMON         0x00000000        0x0 Aplication/GUI/GUI.o
 .text          0x00000000        0x0 Aplication/GUI/segmentDisplay.o
 .data          0x00000000        0x0 Aplication/GUI/segmentDisplay.o
 .bss           0x00000000        0x0 Aplication/GUI/segmentDisplay.o
 .text          0x00000000        0x0 Atmega328P_Driver/src/atmega328p_ADC.o
 .data          0x00000000        0x0 Atmega328P_Driver/src/atmega328p_ADC.o
 .bss           0x00000000        0x0 Atmega328P_Driver/src/atmega328p_ADC.o
 .text          0x00000000        0x0 Atmega328P_Driver/src/atmega328p_EXTI.o
 .data          0x00000000        0x0 Atmega328P_Driver/src/atmega328p_EXTI.o
 .bss           0x00000000        0x0 Atmega328P_Driver/src/atmega328p_EXTI.o
 .text          0x00000000        0x0 Atmega328P_Driver/src/atmega328p_GPIO.o
 .data          0x00000000        0x0 Atmega328P_Driver/src/atmega328p_GPIO.o
 .bss           0x00000000        0x0 Atmega328P_Driver/src/atmega328p_GPIO.o
 .text.MY_GPIO_ReadPin
                0x00000000       0x1c Atmega328P_Driver/src/atmega328p_GPIO.o
 .text.MY_GPIO_TogglePin
                0x00000000       0x18 Atmega328P_Driver/src/atmega328p_GPIO.o
 .text.MY_GPIO_WritePin
                0x00000000       0x36 Atmega328P_Driver/src/atmega328p_GPIO.o
 .text          0x00000000        0x0 Atmega328P_Driver/src/atmega328p_I2C.o
 .data          0x00000000        0x0 Atmega328P_Driver/src/atmega328p_I2C.o
 .bss           0x00000000        0x0 Atmega328P_Driver/src/atmega328p_I2C.o
 .text.I2C_Error
                0x00000000        0x2 Atmega328P_Driver/src/atmega328p_I2C.o
 .text.I2C_Start
                0x00000000       0x14 Atmega328P_Driver/src/atmega328p_I2C.o
 .text.I2C_Repeated_Start
                0x00000000       0x14 Atmega328P_Driver/src/atmega328p_I2C.o
 .text.I2C_Stop
                0x00000000        0x8 Atmega328P_Driver/src/atmega328p_I2C.o
 .text.I2C_Write
                0x00000000       0x22 Atmega328P_Driver/src/atmega328p_I2C.o
 .text.I2C_Read
                0x00000000       0x1c Atmega328P_Driver/src/atmega328p_I2C.o
 .text          0x00000000        0x0 Atmega328P_Driver/src/atmega328p_TIM.o
 .data          0x00000000        0x0 Atmega328P_Driver/src/atmega328p_TIM.o
 .bss           0x00000000        0x0 Atmega328P_Driver/src/atmega328p_TIM.o
 .text          0x00000000        0x0 Atmega328P_Driver/src/atmega328p_USART.o
 .data          0x00000000        0x0 Atmega328P_Driver/src/atmega328p_USART.o
 .bss           0x00000000        0x0 Atmega328P_Driver/src/atmega328p_USART.o
 .text.USART_Transmit_Byte
                0x00000000        0xe Atmega328P_Driver/src/atmega328p_USART.o
 .text          0x00000000        0x0 Core/src/main.o
 .data          0x00000000        0x0 Core/src/main.o
 .bss           0x00000000        0x0 Core/src/main.o
 .text.USER_Loggin
                0x00000000       0x42 Core/src/main.o
 .text.MY_BufferClear
                0x00000000        0x2 Core/src/main.o
 .bss.USER_Sellector
                0x00000000        0x1 Core/src/main.o
 .bss.loginAttempts
                0x00000000        0x1 Core/src/main.o
 .bss.myChar    0x00000000        0x1 Core/src/main.o
 .text          0x00000000        0x0 Modules/BME280/BME280.o
 .data          0x00000000        0x0 Modules/BME280/BME280.o
 .bss           0x00000000        0x0 Modules/BME280/BME280.o
 .text.BMP280_Compensation_Data
                0x00000000      0x29e Modules/BME280/BME280.o
 .text.BMP280_Init
                0x00000000       0x2c Modules/BME280/BME280.o
 .text.readTemp
                0x00000000       0x82 Modules/BME280/BME280.o
 .text.bmp280_GetRawTemperature
                0x00000000       0xa4 Modules/BME280/BME280.o
 .text.BMP280_GetTemperature
                0x00000000      0x136 Modules/BME280/BME280.o
 .text.bmp280_GetRawPressure
                0x00000000       0xa4 Modules/BME280/BME280.o
 .text.BMP280_GetPressure
                0x00000000      0x2e0 Modules/BME280/BME280.o
 .text.bmp280_GetRawHumidity
                0x00000000       0x94 Modules/BME280/BME280.o
 .text.BMP280_GetHumidity
                0x00000000      0x208 Modules/BME280/BME280.o
 .bss.t_fine    0x00000000        0x4 Modules/BME280/BME280.o
 .debug_info    0x00000000      0xb0b Modules/BME280/BME280.o
 .debug_abbrev  0x00000000      0x138 Modules/BME280/BME280.o
 .debug_loc     0x00000000      0x67e Modules/BME280/BME280.o
 .debug_aranges
                0x00000000       0x60 Modules/BME280/BME280.o
 .debug_ranges  0x00000000       0x50 Modules/BME280/BME280.o
 .debug_line    0x00000000      0x4c2 Modules/BME280/BME280.o
 .debug_str     0x00000000      0x452 Modules/BME280/BME280.o
 .comment       0x00000000       0x31 Modules/BME280/BME280.o
 .debug_frame   0x00000000      0x1b4 Modules/BME280/BME280.o
 .text          0x00000000        0x0 Modules/OLED/src/drawFunctions.o
 .data          0x00000000        0x0 Modules/OLED/src/drawFunctions.o
 .bss           0x00000000        0x0 Modules/OLED/src/drawFunctions.o
 .text.MY_GUI_DrawSymbol
                0x00000000       0x14 Modules/OLED/src/drawFunctions.o
 .text.MY_GUI_DrawString
                0x00000000       0x16 Modules/OLED/src/drawFunctions.o
 .debug_info    0x00000000      0x1ac Modules/OLED/src/drawFunctions.o
 .debug_abbrev  0x00000000       0xcc Modules/OLED/src/drawFunctions.o
 .debug_loc     0x00000000      0x137 Modules/OLED/src/drawFunctions.o
 .debug_aranges
                0x00000000       0x28 Modules/OLED/src/drawFunctions.o
 .debug_ranges  0x00000000       0x18 Modules/OLED/src/drawFunctions.o
 .debug_line    0x00000000      0x104 Modules/OLED/src/drawFunctions.o
 .debug_str     0x00000000      0x1ec Modules/OLED/src/drawFunctions.o
 .comment       0x00000000       0x31 Modules/OLED/src/drawFunctions.o
 .debug_frame   0x00000000       0x48 Modules/OLED/src/drawFunctions.o
 .text          0x00000000        0x0 Modules/OLED/src/font.o
 .data          0x00000000        0x0 Modules/OLED/src/font.o
 .bss           0x00000000        0x0 Modules/OLED/src/font.o
 .progmem.data.FONTS
                0x00000000      0x1e0 Modules/OLED/src/font.o
 .debug_info    0x00000000       0x9a Modules/OLED/src/font.o
 .debug_abbrev  0x00000000       0x5d Modules/OLED/src/font.o
 .debug_aranges
                0x00000000       0x18 Modules/OLED/src/font.o
 .debug_line    0x00000000       0x9a Modules/OLED/src/font.o
 .debug_str     0x00000000      0x170 Modules/OLED/src/font.o
 .comment       0x00000000       0x31 Modules/OLED/src/font.o
 .text          0x00000000        0x0 Modules/OLED/src/ssd1306.o
 .data          0x00000000        0x0 Modules/OLED/src/ssd1306.o
 .bss           0x00000000        0x0 Modules/OLED/src/ssd1306.o
 .text.SSD1306_Send_StartAndSLAW
                0x00000000       0x10 Modules/OLED/src/ssd1306.o
 .text.SSD1306_Send_Command
                0x00000000       0x18 Modules/OLED/src/ssd1306.o
 .text.SSD1306_Init
                0x00000000       0x84 Modules/OLED/src/ssd1306.o
 .text.SSD1306_NormalScreen
                0x00000000       0x10 Modules/OLED/src/ssd1306.o
 .text.SSD1306_InverseScreen
                0x00000000       0x10 Modules/OLED/src/ssd1306.o
 .text.SSD1306_UpdateScreen
                0x00000000       0x10 Modules/OLED/src/ssd1306.o
 .text.SSD1306_SetPosition
                0x00000000       0x70 Modules/OLED/src/ssd1306.o
 .text.SSD1306_ClearScreen
                0x00000000       0x4e Modules/OLED/src/ssd1306.o
 .text.SSD1306_UpdTxtPosition
                0x00000000       0x62 Modules/OLED/src/ssd1306.o
 .text.SSD1306_DrawChar
                0x00000000       0x92 Modules/OLED/src/ssd1306.o
 .text.SSD1306_SendByte
                0x00000000       0x3c Modules/OLED/src/ssd1306.o
 .text.SSD1306_SendBytes
                0x00000000       0x6e Modules/OLED/src/ssd1306.o
 .text.SSD1306_DrawString
                0x00000000       0x30 Modules/OLED/src/ssd1306.o
 .text.SSD1306_DrawLineHorizontal
                0x00000000       0x42 Modules/OLED/src/ssd1306.o
 .progmem.data.INIT_SSD1306
                0x00000000       0x32 Modules/OLED/src/ssd1306.o
 .bss.indexPage
                0x00000000        0x2 Modules/OLED/src/ssd1306.o
 .bss.indexCol  0x00000000        0x2 Modules/OLED/src/ssd1306.o
 .data.set_area
                0x00000000        0x2 Modules/OLED/src/ssd1306.o
 .debug_info    0x00000000      0x8aa Modules/OLED/src/ssd1306.o
 .debug_abbrev  0x00000000      0x1ae Modules/OLED/src/ssd1306.o
 .debug_loc     0x00000000      0xa32 Modules/OLED/src/ssd1306.o
 .debug_aranges
                0x00000000       0x88 Modules/OLED/src/ssd1306.o
 .debug_ranges  0x00000000       0x90 Modules/OLED/src/ssd1306.o
 .debug_line    0x00000000      0x506 Modules/OLED/src/ssd1306.o
 .debug_str     0x00000000      0x396 Modules/OLED/src/ssd1306.o
 .comment       0x00000000       0x31 Modules/OLED/src/ssd1306.o
 .debug_frame   0x00000000      0x18c Modules/OLED/src/ssd1306.o
 .text          0x00000000        0x0 Modules/OLED/src/twi.o
 .data          0x00000000        0x0 Modules/OLED/src/twi.o
 .bss           0x00000000        0x0 Modules/OLED/src/twi.o
 .text.TWI_Init
                0x00000000       0x18 Modules/OLED/src/twi.o
 .text.TWI_MT_Start
                0x00000000       0x3c Modules/OLED/src/twi.o
 .text.TWI_MT_Send_SLAW
                0x00000000       0x2a Modules/OLED/src/twi.o
 .text.TWI_MT_Send_Data
                0x00000000       0x28 Modules/OLED/src/twi.o
 .text.TWI_MR_Send_SLAR
                0x00000000       0x30 Modules/OLED/src/twi.o
 .text.TWI_Stop
                0x00000000        0x8 Modules/OLED/src/twi.o
 .debug_info    0x00000000      0x144 Modules/OLED/src/twi.o
 .debug_abbrev  0x00000000       0x96 Modules/OLED/src/twi.o
 .debug_loc     0x00000000       0x6f Modules/OLED/src/twi.o
 .debug_aranges
                0x00000000       0x48 Modules/OLED/src/twi.o
 .debug_ranges  0x00000000       0x38 Modules/OLED/src/twi.o
 .debug_line    0x00000000      0x1cd Modules/OLED/src/twi.o
 .debug_str     0x00000000      0x1c4 Modules/OLED/src/twi.o
 .comment       0x00000000       0x31 Modules/OLED/src/twi.o
 .debug_frame   0x00000000       0x74 Modules/OLED/src/twi.o
 .text          0x00000000        0x0 c:/program files (x86)/atmel/studio/7.0/toolchain/avr8/avr8-gnu-toolchain/bin/../lib/gcc/avr/5.4.0/../../../../avr/lib/avr5\libm.a(addsf3.o)
 .data          0x00000000        0x0 c:/program files (x86)/atmel/studio/7.0/toolchain/avr8/avr8-gnu-toolchain/bin/../lib/gcc/avr/5.4.0/../../../../avr/lib/avr5\libm.a(addsf3.o)
 .bss           0x00000000        0x0 c:/program files (x86)/atmel/studio/7.0/toolchain/avr8/avr8-gnu-toolchain/bin/../lib/gcc/avr/5.4.0/../../../../avr/lib/avr5\libm.a(addsf3.o)
 .text          0x00000000        0x0 c:/program files (x86)/atmel/studio/7.0/toolchain/avr8/avr8-gnu-toolchain/bin/../lib/gcc/avr/5.4.0/../../../../avr/lib/avr5\libm.a(addsf3x.o)
 .data          0x00000000        0x0 c:/program files (x86)/atmel/studio/7.0/toolchain/avr8/avr8-gnu-toolchain/bin/../lib/gcc/avr/5.4.0/../../../../avr/lib/avr5\libm.a(addsf3x.o)
 .bss           0x00000000        0x0 c:/program files (x86)/atmel/studio/7.0/toolchain/avr8/avr8-gnu-toolchain/bin/../lib/gcc/avr/5.4.0/../../../../avr/lib/avr5\libm.a(addsf3x.o)
 .text          0x00000000        0x0 c:/program files (x86)/atmel/studio/7.0/toolchain/avr8/avr8-gnu-toolchain/bin/../lib/gcc/avr/5.4.0/../../../../avr/lib/avr5\libm.a(cmpsf2.o)
 .data          0x00000000        0x0 c:/program files (x86)/atmel/studio/7.0/toolchain/avr8/avr8-gnu-toolchain/bin/../lib/gcc/avr/5.4.0/../../../../avr/lib/avr5\libm.a(cmpsf2.o)
 .bss           0x00000000        0x0 c:/program files (x86)/atmel/studio/7.0/toolchain/avr8/avr8-gnu-toolchain/bin/../lib/gcc/avr/5.4.0/../../../../avr/lib/avr5\libm.a(cmpsf2.o)
 .text.avr-libc.fplib
                0x00000000        0xa c:/program files (x86)/atmel/studio/7.0/toolchain/avr8/avr8-gnu-toolchain/bin/../lib/gcc/avr/5.4.0/../../../../avr/lib/avr5\libm.a(cmpsf2.o)
 .text          0x00000000        0x0 c:/program files (x86)/atmel/studio/7.0/toolchain/avr8/avr8-gnu-toolchain/bin/../lib/gcc/avr/5.4.0/../../../../avr/lib/avr5\libm.a(divsf3.o)
 .data          0x00000000        0x0 c:/program files (x86)/atmel/studio/7.0/toolchain/avr8/avr8-gnu-toolchain/bin/../lib/gcc/avr/5.4.0/../../../../avr/lib/avr5\libm.a(divsf3.o)
 .bss           0x00000000        0x0 c:/program files (x86)/atmel/studio/7.0/toolchain/avr8/avr8-gnu-toolchain/bin/../lib/gcc/avr/5.4.0/../../../../avr/lib/avr5\libm.a(divsf3.o)
 .text          0x00000000        0x0 c:/program files (x86)/atmel/studio/7.0/toolchain/avr8/avr8-gnu-toolchain/bin/../lib/gcc/avr/5.4.0/../../../../avr/lib/avr5\libm.a(divsf3x.o)
 .data          0x00000000        0x0 c:/program files (x86)/atmel/studio/7.0/toolchain/avr8/avr8-gnu-toolchain/bin/../lib/gcc/avr/5.4.0/../../../../avr/lib/avr5\libm.a(divsf3x.o)
 .bss           0x00000000        0x0 c:/program files (x86)/atmel/studio/7.0/toolchain/avr8/avr8-gnu-toolchain/bin/../lib/gcc/avr/5.4.0/../../../../avr/lib/avr5\libm.a(divsf3x.o)
 .text          0x00000000        0x0 c:/program files (x86)/atmel/studio/7.0/toolchain/avr8/avr8-gnu-toolchain/bin/../lib/gcc/avr/5.4.0/../../../../avr/lib/avr5\libm.a(fixsfsi.o)
 .data          0x00000000        0x0 c:/program files (x86)/atmel/studio/7.0/toolchain/avr8/avr8-gnu-toolchain/bin/../lib/gcc/avr/5.4.0/../../../../avr/lib/avr5\libm.a(fixsfsi.o)
 .bss           0x00000000        0x0 c:/program files (x86)/atmel/studio/7.0/toolchain/avr8/avr8-gnu-toolchain/bin/../lib/gcc/avr/5.4.0/../../../../avr/lib/avr5\libm.a(fixsfsi.o)
 .text          0x00000000        0x0 c:/program files (x86)/atmel/studio/7.0/toolchain/avr8/avr8-gnu-toolchain/bin/../lib/gcc/avr/5.4.0/../../../../avr/lib/avr5\libm.a(fixunssfsi.o)
 .data          0x00000000        0x0 c:/program files (x86)/atmel/studio/7.0/toolchain/avr8/avr8-gnu-toolchain/bin/../lib/gcc/avr/5.4.0/../../../../avr/lib/avr5\libm.a(fixunssfsi.o)
 .bss           0x00000000        0x0 c:/program files (x86)/atmel/studio/7.0/toolchain/avr8/avr8-gnu-toolchain/bin/../lib/gcc/avr/5.4.0/../../../../avr/lib/avr5\libm.a(fixunssfsi.o)
 .text          0x00000000        0x0 c:/program files (x86)/atmel/studio/7.0/toolchain/avr8/avr8-gnu-toolchain/bin/../lib/gcc/avr/5.4.0/../../../../avr/lib/avr5\libm.a(floatsisf.o)
 .data          0x00000000        0x0 c:/program files (x86)/atmel/studio/7.0/toolchain/avr8/avr8-gnu-toolchain/bin/../lib/gcc/avr/5.4.0/../../../../avr/lib/avr5\libm.a(floatsisf.o)
 .bss           0x00000000        0x0 c:/program files (x86)/atmel/studio/7.0/toolchain/avr8/avr8-gnu-toolchain/bin/../lib/gcc/avr/5.4.0/../../../../avr/lib/avr5\libm.a(floatsisf.o)
 .text          0x00000000        0x0 c:/program files (x86)/atmel/studio/7.0/toolchain/avr8/avr8-gnu-toolchain/bin/../lib/gcc/avr/5.4.0/../../../../avr/lib/avr5\libm.a(fp_cmp.o)
 .data          0x00000000        0x0 c:/program files (x86)/atmel/studio/7.0/toolchain/avr8/avr8-gnu-toolchain/bin/../lib/gcc/avr/5.4.0/../../../../avr/lib/avr5\libm.a(fp_cmp.o)
 .bss           0x00000000        0x0 c:/program files (x86)/atmel/studio/7.0/toolchain/avr8/avr8-gnu-toolchain/bin/../lib/gcc/avr/5.4.0/../../../../avr/lib/avr5\libm.a(fp_cmp.o)
 .text.avr-libc.fplib
                0x00000000       0x48 c:/program files (x86)/atmel/studio/7.0/toolchain/avr8/avr8-gnu-toolchain/bin/../lib/gcc/avr/5.4.0/../../../../avr/lib/avr5\libm.a(fp_cmp.o)
 .text          0x00000000        0x0 c:/program files (x86)/atmel/studio/7.0/toolchain/avr8/avr8-gnu-toolchain/bin/../lib/gcc/avr/5.4.0/../../../../avr/lib/avr5\libm.a(fp_inf.o)
 .data          0x00000000        0x0 c:/program files (x86)/atmel/studio/7.0/toolchain/avr8/avr8-gnu-toolchain/bin/../lib/gcc/avr/5.4.0/../../../../avr/lib/avr5\libm.a(fp_inf.o)
 .bss           0x00000000        0x0 c:/program files (x86)/atmel/studio/7.0/toolchain/avr8/avr8-gnu-toolchain/bin/../lib/gcc/avr/5.4.0/../../../../avr/lib/avr5\libm.a(fp_inf.o)
 .text          0x00000000        0x0 c:/program files (x86)/atmel/studio/7.0/toolchain/avr8/avr8-gnu-toolchain/bin/../lib/gcc/avr/5.4.0/../../../../avr/lib/avr5\libm.a(fp_nan.o)
 .data          0x00000000        0x0 c:/program files (x86)/atmel/studio/7.0/toolchain/avr8/avr8-gnu-toolchain/bin/../lib/gcc/avr/5.4.0/../../../../avr/lib/avr5\libm.a(fp_nan.o)
 .bss           0x00000000        0x0 c:/program files (x86)/atmel/studio/7.0/toolchain/avr8/avr8-gnu-toolchain/bin/../lib/gcc/avr/5.4.0/../../../../avr/lib/avr5\libm.a(fp_nan.o)
 .text          0x00000000        0x0 c:/program files (x86)/atmel/studio/7.0/toolchain/avr8/avr8-gnu-toolchain/bin/../lib/gcc/avr/5.4.0/../../../../avr/lib/avr5\libm.a(fp_pscA.o)
 .data          0x00000000        0x0 c:/program files (x86)/atmel/studio/7.0/toolchain/avr8/avr8-gnu-toolchain/bin/../lib/gcc/avr/5.4.0/../../../../avr/lib/avr5\libm.a(fp_pscA.o)
 .bss           0x00000000        0x0 c:/program files (x86)/atmel/studio/7.0/toolchain/avr8/avr8-gnu-toolchain/bin/../lib/gcc/avr/5.4.0/../../../../avr/lib/avr5\libm.a(fp_pscA.o)
 .text          0x00000000        0x0 c:/program files (x86)/atmel/studio/7.0/toolchain/avr8/avr8-gnu-toolchain/bin/../lib/gcc/avr/5.4.0/../../../../avr/lib/avr5\libm.a(fp_pscB.o)
 .data          0x00000000        0x0 c:/program files (x86)/atmel/studio/7.0/toolchain/avr8/avr8-gnu-toolchain/bin/../lib/gcc/avr/5.4.0/../../../../avr/lib/avr5\libm.a(fp_pscB.o)
 .bss           0x00000000        0x0 c:/program files (x86)/atmel/studio/7.0/toolchain/avr8/avr8-gnu-toolchain/bin/../lib/gcc/avr/5.4.0/../../../../avr/lib/avr5\libm.a(fp_pscB.o)
 .text          0x00000000        0x0 c:/program files (x86)/atmel/studio/7.0/toolchain/avr8/avr8-gnu-toolchain/bin/../lib/gcc/avr/5.4.0/../../../../avr/lib/avr5\libm.a(fp_round.o)
 .data          0x00000000        0x0 c:/program files (x86)/atmel/studio/7.0/toolchain/avr8/avr8-gnu-toolchain/bin/../lib/gcc/avr/5.4.0/../../../../avr/lib/avr5\libm.a(fp_round.o)
 .bss           0x00000000        0x0 c:/program files (x86)/atmel/studio/7.0/toolchain/avr8/avr8-gnu-toolchain/bin/../lib/gcc/avr/5.4.0/../../../../avr/lib/avr5\libm.a(fp_round.o)
 .text          0x00000000        0x0 c:/program files (x86)/atmel/studio/7.0/toolchain/avr8/avr8-gnu-toolchain/bin/../lib/gcc/avr/5.4.0/../../../../avr/lib/avr5\libm.a(fp_split3.o)
 .data          0x00000000        0x0 c:/program files (x86)/atmel/studio/7.0/toolchain/avr8/avr8-gnu-toolchain/bin/../lib/gcc/avr/5.4.0/../../../../avr/lib/avr5\libm.a(fp_split3.o)
 .bss           0x00000000        0x0 c:/program files (x86)/atmel/studio/7.0/toolchain/avr8/avr8-gnu-toolchain/bin/../lib/gcc/avr/5.4.0/../../../../avr/lib/avr5\libm.a(fp_split3.o)
 .text          0x00000000        0x0 c:/program files (x86)/atmel/studio/7.0/toolchain/avr8/avr8-gnu-toolchain/bin/../lib/gcc/avr/5.4.0/../../../../avr/lib/avr5\libm.a(fp_zero.o)
 .data          0x00000000        0x0 c:/program files (x86)/atmel/studio/7.0/toolchain/avr8/avr8-gnu-toolchain/bin/../lib/gcc/avr/5.4.0/../../../../avr/lib/avr5\libm.a(fp_zero.o)
 .bss           0x00000000        0x0 c:/program files (x86)/atmel/studio/7.0/toolchain/avr8/avr8-gnu-toolchain/bin/../lib/gcc/avr/5.4.0/../../../../avr/lib/avr5\libm.a(fp_zero.o)
 .text          0x00000000        0x0 c:/program files (x86)/atmel/studio/7.0/toolchain/avr8/avr8-gnu-toolchain/bin/../lib/gcc/avr/5.4.0/../../../../avr/lib/avr5\libm.a(log.o)
 .data          0x00000000        0x0 c:/program files (x86)/atmel/studio/7.0/toolchain/avr8/avr8-gnu-toolchain/bin/../lib/gcc/avr/5.4.0/../../../../avr/lib/avr5\libm.a(log.o)
 .bss           0x00000000        0x0 c:/program files (x86)/atmel/studio/7.0/toolchain/avr8/avr8-gnu-toolchain/bin/../lib/gcc/avr/5.4.0/../../../../avr/lib/avr5\libm.a(log.o)
 .text          0x00000000        0x0 c:/program files (x86)/atmel/studio/7.0/toolchain/avr8/avr8-gnu-toolchain/bin/../lib/gcc/avr/5.4.0/../../../../avr/lib/avr5\libm.a(mulsf3.o)
 .data          0x00000000        0x0 c:/program files (x86)/atmel/studio/7.0/toolchain/avr8/avr8-gnu-toolchain/bin/../lib/gcc/avr/5.4.0/../../../../avr/lib/avr5\libm.a(mulsf3.o)
 .bss           0x00000000        0x0 c:/program files (x86)/atmel/studio/7.0/toolchain/avr8/avr8-gnu-toolchain/bin/../lib/gcc/avr/5.4.0/../../../../avr/lib/avr5\libm.a(mulsf3.o)
 .text          0x00000000        0x0 c:/program files (x86)/atmel/studio/7.0/toolchain/avr8/avr8-gnu-toolchain/bin/../lib/gcc/avr/5.4.0/../../../../avr/lib/avr5\libm.a(mulsf3x.o)
 .data          0x00000000        0x0 c:/program files (x86)/atmel/studio/7.0/toolchain/avr8/avr8-gnu-toolchain/bin/../lib/gcc/avr/5.4.0/../../../../avr/lib/avr5\libm.a(mulsf3x.o)
 .bss           0x00000000        0x0 c:/program files (x86)/atmel/studio/7.0/toolchain/avr8/avr8-gnu-toolchain/bin/../lib/gcc/avr/5.4.0/../../../../avr/lib/avr5\libm.a(mulsf3x.o)
 .text          0x00000000        0x0 c:/program files (x86)/atmel/studio/7.0/toolchain/avr8/avr8-gnu-toolchain/bin/../lib/gcc/avr/5.4.0/../../../../avr/lib/avr5\libm.a(fp_mpack.o)
 .data          0x00000000        0x0 c:/program files (x86)/atmel/studio/7.0/toolchain/avr8/avr8-gnu-toolchain/bin/../lib/gcc/avr/5.4.0/../../../../avr/lib/avr5\libm.a(fp_mpack.o)
 .bss           0x00000000        0x0 c:/program files (x86)/atmel/studio/7.0/toolchain/avr8/avr8-gnu-toolchain/bin/../lib/gcc/avr/5.4.0/../../../../avr/lib/avr5\libm.a(fp_mpack.o)
 .text          0x00000000        0x0 c:/program files (x86)/atmel/studio/7.0/toolchain/avr8/avr8-gnu-toolchain/bin/../lib/gcc/avr/5.4.0/../../../../avr/lib/avr5\libm.a(fp_powser.o)
 .data          0x00000000        0x0 c:/program files (x86)/atmel/studio/7.0/toolchain/avr8/avr8-gnu-toolchain/bin/../lib/gcc/avr/5.4.0/../../../../avr/lib/avr5\libm.a(fp_powser.o)
 .bss           0x00000000        0x0 c:/program files (x86)/atmel/studio/7.0/toolchain/avr8/avr8-gnu-toolchain/bin/../lib/gcc/avr/5.4.0/../../../../avr/lib/avr5\libm.a(fp_powser.o)
 .text          0x00000000        0x0 c:/program files (x86)/atmel/studio/7.0/toolchain/avr8/avr8-gnu-toolchain/bin/../lib/gcc/avr/5.4.0/avr5\libgcc.a(_mulsi3.o)
 .data          0x00000000        0x0 c:/program files (x86)/atmel/studio/7.0/toolchain/avr8/avr8-gnu-toolchain/bin/../lib/gcc/avr/5.4.0/avr5\libgcc.a(_mulsi3.o)
 .bss           0x00000000        0x0 c:/program files (x86)/atmel/studio/7.0/toolchain/avr8/avr8-gnu-toolchain/bin/../lib/gcc/avr/5.4.0/avr5\libgcc.a(_mulsi3.o)
 .text.libgcc.mul
                0x00000000       0x20 c:/program files (x86)/atmel/studio/7.0/toolchain/avr8/avr8-gnu-toolchain/bin/../lib/gcc/avr/5.4.0/avr5\libgcc.a(_mulsi3.o)
 .text.libgcc.div
                0x00000000        0x0 c:/program files (x86)/atmel/studio/7.0/toolchain/avr8/avr8-gnu-toolchain/bin/../lib/gcc/avr/5.4.0/avr5\libgcc.a(_mulsi3.o)
 .text.libgcc   0x00000000        0x0 c:/program files (x86)/atmel/studio/7.0/toolchain/avr8/avr8-gnu-toolchain/bin/../lib/gcc/avr/5.4.0/avr5\libgcc.a(_mulsi3.o)
 .text.libgcc.prologue
                0x00000000        0x0 c:/program files (x86)/atmel/studio/7.0/toolchain/avr8/avr8-gnu-toolchain/bin/../lib/gcc/avr/5.4.0/avr5\libgcc.a(_mulsi3.o)
 .text.libgcc.builtins
                0x00000000        0x0 c:/program files (x86)/atmel/studio/7.0/toolchain/avr8/avr8-gnu-toolchain/bin/../lib/gcc/avr/5.4.0/avr5\libgcc.a(_mulsi3.o)
 .text.libgcc.fmul
                0x00000000        0x0 c:/program files (x86)/atmel/studio/7.0/toolchain/avr8/avr8-gnu-toolchain/bin/../lib/gcc/avr/5.4.0/avr5\libgcc.a(_mulsi3.o)
 .text.libgcc.fixed
                0x00000000        0x0 c:/program files (x86)/atmel/studio/7.0/toolchain/avr8/avr8-gnu-toolchain/bin/../lib/gcc/avr/5.4.0/avr5\libgcc.a(_mulsi3.o)
 .text          0x00000000        0x0 c:/program files (x86)/atmel/studio/7.0/toolchain/avr8/avr8-gnu-toolchain/bin/../lib/gcc/avr/5.4.0/avr5\libgcc.a(_udivmodhi4.o)
 .data          0x00000000        0x0 c:/program files (x86)/atmel/studio/7.0/toolchain/avr8/avr8-gnu-toolchain/bin/../lib/gcc/avr/5.4.0/avr5\libgcc.a(_udivmodhi4.o)
 .bss           0x00000000        0x0 c:/program files (x86)/atmel/studio/7.0/toolchain/avr8/avr8-gnu-toolchain/bin/../lib/gcc/avr/5.4.0/avr5\libgcc.a(_udivmodhi4.o)
 .text.libgcc.mul
                0x00000000        0x0 c:/program files (x86)/atmel/studio/7.0/toolchain/avr8/avr8-gnu-toolchain/bin/../lib/gcc/avr/5.4.0/avr5\libgcc.a(_udivmodhi4.o)
 .text.libgcc   0x00000000        0x0 c:/program files (x86)/atmel/studio/7.0/toolchain/avr8/avr8-gnu-toolchain/bin/../lib/gcc/avr/5.4.0/avr5\libgcc.a(_udivmodhi4.o)
 .text.libgcc.prologue
                0x00000000        0x0 c:/program files (x86)/atmel/studio/7.0/toolchain/avr8/avr8-gnu-toolchain/bin/../lib/gcc/avr/5.4.0/avr5\libgcc.a(_udivmodhi4.o)
 .text.libgcc.builtins
                0x00000000        0x0 c:/program files (x86)/atmel/studio/7.0/toolchain/avr8/avr8-gnu-toolchain/bin/../lib/gcc/avr/5.4.0/avr5\libgcc.a(_udivmodhi4.o)
 .text.libgcc.fmul
                0x00000000        0x0 c:/program files (x86)/atmel/studio/7.0/toolchain/avr8/avr8-gnu-toolchain/bin/../lib/gcc/avr/5.4.0/avr5\libgcc.a(_udivmodhi4.o)
 .text.libgcc.fixed
                0x00000000        0x0 c:/program files (x86)/atmel/studio/7.0/toolchain/avr8/avr8-gnu-toolchain/bin/../lib/gcc/avr/5.4.0/avr5\libgcc.a(_udivmodhi4.o)
 .text          0x00000000        0x0 c:/program files (x86)/atmel/studio/7.0/toolchain/avr8/avr8-gnu-toolchain/bin/../lib/gcc/avr/5.4.0/avr5\libgcc.a(_divmodhi4.o)
 .data          0x00000000        0x0 c:/program files (x86)/atmel/studio/7.0/toolchain/avr8/avr8-gnu-toolchain/bin/../lib/gcc/avr/5.4.0/avr5\libgcc.a(_divmodhi4.o)
 .bss           0x00000000        0x0 c:/program files (x86)/atmel/studio/7.0/toolchain/avr8/avr8-gnu-toolchain/bin/../lib/gcc/avr/5.4.0/avr5\libgcc.a(_divmodhi4.o)
 .text.libgcc.mul
                0x00000000        0x0 c:/program files (x86)/atmel/studio/7.0/toolchain/avr8/avr8-gnu-toolchain/bin/../lib/gcc/avr/5.4.0/avr5\libgcc.a(_divmodhi4.o)
 .text.libgcc   0x00000000        0x0 c:/program files (x86)/atmel/studio/7.0/toolchain/avr8/avr8-gnu-toolchain/bin/../lib/gcc/avr/5.4.0/avr5\libgcc.a(_divmodhi4.o)
 .text.libgcc.prologue
                0x00000000        0x0 c:/program files (x86)/atmel/studio/7.0/toolchain/avr8/avr8-gnu-toolchain/bin/../lib/gcc/avr/5.4.0/avr5\libgcc.a(_divmodhi4.o)
 .text.libgcc.builtins
                0x00000000        0x0 c:/program files (x86)/atmel/studio/7.0/toolchain/avr8/avr8-gnu-toolchain/bin/../lib/gcc/avr/5.4.0/avr5\libgcc.a(_divmodhi4.o)
 .text.libgcc.fmul
                0x00000000        0x0 c:/program files (x86)/atmel/studio/7.0/toolchain/avr8/avr8-gnu-toolchain/bin/../lib/gcc/avr/5.4.0/avr5\libgcc.a(_divmodhi4.o)
 .text.libgcc.fixed
                0x00000000        0x0 c:/program files (x86)/atmel/studio/7.0/toolchain/avr8/avr8-gnu-toolchain/bin/../lib/gcc/avr/5.4.0/avr5\libgcc.a(_divmodhi4.o)
 .text          0x00000000        0x0 c:/program files (x86)/atmel/studio/7.0/toolchain/avr8/avr8-gnu-toolchain/bin/../lib/gcc/avr/5.4.0/avr5\libgcc.a(_exit.o)
 .data          0x00000000        0x0 c:/program files (x86)/atmel/studio/7.0/toolchain/avr8/avr8-gnu-toolchain/bin/../lib/gcc/avr/5.4.0/avr5\libgcc.a(_exit.o)
 .bss           0x00000000        0x0 c:/program files (x86)/atmel/studio/7.0/toolchain/avr8/avr8-gnu-toolchain/bin/../lib/gcc/avr/5.4.0/avr5\libgcc.a(_exit.o)
 .text.libgcc.mul
                0x00000000        0x0 c:/program files (x86)/atmel/studio/7.0/toolchain/avr8/avr8-gnu-toolchain/bin/../lib/gcc/avr/5.4.0/avr5\libgcc.a(_exit.o)
 .text.libgcc.div
                0x00000000        0x0 c:/program files (x86)/atmel/studio/7.0/toolchain/avr8/avr8-gnu-toolchain/bin/../lib/gcc/avr/5.4.0/avr5\libgcc.a(_exit.o)
 .text.libgcc   0x00000000        0x0 c:/program files (x86)/atmel/studio/7.0/toolchain/avr8/avr8-gnu-toolchain/bin/../lib/gcc/avr/5.4.0/avr5\libgcc.a(_exit.o)
 .text.libgcc.prologue
                0x00000000        0x0 c:/program files (x86)/atmel/studio/7.0/toolchain/avr8/avr8-gnu-toolchain/bin/../lib/gcc/avr/5.4.0/avr5\libgcc.a(_exit.o)
 .text.libgcc.builtins
                0x00000000        0x0 c:/program files (x86)/atmel/studio/7.0/toolchain/avr8/avr8-gnu-toolchain/bin/../lib/gcc/avr/5.4.0/avr5\libgcc.a(_exit.o)
 .text.libgcc.fmul
                0x00000000        0x0 c:/program files (x86)/atmel/studio/7.0/toolchain/avr8/avr8-gnu-toolchain/bin/../lib/gcc/avr/5.4.0/avr5\libgcc.a(_exit.o)
 .text.libgcc.fixed
                0x00000000        0x0 c:/program files (x86)/atmel/studio/7.0/toolchain/avr8/avr8-gnu-toolchain/bin/../lib/gcc/avr/5.4.0/avr5\libgcc.a(_exit.o)
 .text          0x00000000        0x0 c:/program files (x86)/atmel/studio/7.0/toolchain/avr8/avr8-gnu-toolchain/bin/../lib/gcc/avr/5.4.0/avr5\libgcc.a(_tablejump2.o)
 .data          0x00000000        0x0 c:/program files (x86)/atmel/studio/7.0/toolchain/avr8/avr8-gnu-toolchain/bin/../lib/gcc/avr/5.4.0/avr5\libgcc.a(_tablejump2.o)
 .bss           0x00000000        0x0 c:/program files (x86)/atmel/studio/7.0/toolchain/avr8/avr8-gnu-toolchain/bin/../lib/gcc/avr/5.4.0/avr5\libgcc.a(_tablejump2.o)
 .text.libgcc.mul
                0x00000000        0x0 c:/program files (x86)/atmel/studio/7.0/toolchain/avr8/avr8-gnu-toolchain/bin/../lib/gcc/avr/5.4.0/avr5\libgcc.a(_tablejump2.o)
 .text.libgcc.div
                0x00000000        0x0 c:/program files (x86)/atmel/studio/7.0/toolchain/avr8/avr8-gnu-toolchain/bin/../lib/gcc/avr/5.4.0/avr5\libgcc.a(_tablejump2.o)
 .text.libgcc.prologue
                0x00000000        0x0 c:/program files (x86)/atmel/studio/7.0/toolchain/avr8/avr8-gnu-toolchain/bin/../lib/gcc/avr/5.4.0/avr5\libgcc.a(_tablejump2.o)
 .text.libgcc.builtins
                0x00000000        0x0 c:/program files (x86)/atmel/studio/7.0/toolchain/avr8/avr8-gnu-toolchain/bin/../lib/gcc/avr/5.4.0/avr5\libgcc.a(_tablejump2.o)
 .text.libgcc.fmul
                0x00000000        0x0 c:/program files (x86)/atmel/studio/7.0/toolchain/avr8/avr8-gnu-toolchain/bin/../lib/gcc/avr/5.4.0/avr5\libgcc.a(_tablejump2.o)
 .text.libgcc.fixed
                0x00000000        0x0 c:/program files (x86)/atmel/studio/7.0/toolchain/avr8/avr8-gnu-toolchain/bin/../lib/gcc/avr/5.4.0/avr5\libgcc.a(_tablejump2.o)
 .text          0x00000000        0x0 c:/program files (x86)/atmel/studio/7.0/toolchain/avr8/avr8-gnu-toolchain/bin/../lib/gcc/avr/5.4.0/avr5\libgcc.a(_copy_data.o)
 .data          0x00000000        0x0 c:/program files (x86)/atmel/studio/7.0/toolchain/avr8/avr8-gnu-toolchain/bin/../lib/gcc/avr/5.4.0/avr5\libgcc.a(_copy_data.o)
 .bss           0x00000000        0x0 c:/program files (x86)/atmel/studio/7.0/toolchain/avr8/avr8-gnu-toolchain/bin/../lib/gcc/avr/5.4.0/avr5\libgcc.a(_copy_data.o)
 .text.libgcc.mul
                0x00000000        0x0 c:/program files (x86)/atmel/studio/7.0/toolchain/avr8/avr8-gnu-toolchain/bin/../lib/gcc/avr/5.4.0/avr5\libgcc.a(_copy_data.o)
 .text.libgcc.div
                0x00000000        0x0 c:/program files (x86)/atmel/studio/7.0/toolchain/avr8/avr8-gnu-toolchain/bin/../lib/gcc/avr/5.4.0/avr5\libgcc.a(_copy_data.o)
 .text.libgcc   0x00000000        0x0 c:/program files (x86)/atmel/studio/7.0/toolchain/avr8/avr8-gnu-toolchain/bin/../lib/gcc/avr/5.4.0/avr5\libgcc.a(_copy_data.o)
 .text.libgcc.prologue
                0x00000000        0x0 c:/program files (x86)/atmel/studio/7.0/toolchain/avr8/avr8-gnu-toolchain/bin/../lib/gcc/avr/5.4.0/avr5\libgcc.a(_copy_data.o)
 .text.libgcc.builtins
                0x00000000        0x0 c:/program files (x86)/atmel/studio/7.0/toolchain/avr8/avr8-gnu-toolchain/bin/../lib/gcc/avr/5.4.0/avr5\libgcc.a(_copy_data.o)
 .text.libgcc.fmul
                0x00000000        0x0 c:/program files (x86)/atmel/studio/7.0/toolchain/avr8/avr8-gnu-toolchain/bin/../lib/gcc/avr/5.4.0/avr5\libgcc.a(_copy_data.o)
 .text.libgcc.fixed
                0x00000000        0x0 c:/program files (x86)/atmel/studio/7.0/toolchain/avr8/avr8-gnu-toolchain/bin/../lib/gcc/avr/5.4.0/avr5\libgcc.a(_copy_data.o)
 .text          0x00000000        0x0 c:/program files (x86)/atmel/studio/7.0/toolchain/avr8/avr8-gnu-toolchain/bin/../lib/gcc/avr/5.4.0/avr5\libgcc.a(_clear_bss.o)
 .data          0x00000000        0x0 c:/program files (x86)/atmel/studio/7.0/toolchain/avr8/avr8-gnu-toolchain/bin/../lib/gcc/avr/5.4.0/avr5\libgcc.a(_clear_bss.o)
 .bss           0x00000000        0x0 c:/program files (x86)/atmel/studio/7.0/toolchain/avr8/avr8-gnu-toolchain/bin/../lib/gcc/avr/5.4.0/avr5\libgcc.a(_clear_bss.o)
 .text.libgcc.mul
                0x00000000        0x0 c:/program files (x86)/atmel/studio/7.0/toolchain/avr8/avr8-gnu-toolchain/bin/../lib/gcc/avr/5.4.0/avr5\libgcc.a(_clear_bss.o)
 .text.libgcc.div
                0x00000000        0x0 c:/program files (x86)/atmel/studio/7.0/toolchain/avr8/avr8-gnu-toolchain/bin/../lib/gcc/avr/5.4.0/avr5\libgcc.a(_clear_bss.o)
 .text.libgcc   0x00000000        0x0 c:/program files (x86)/atmel/studio/7.0/toolchain/avr8/avr8-gnu-toolchain/bin/../lib/gcc/avr/5.4.0/avr5\libgcc.a(_clear_bss.o)
 .text.libgcc.prologue
                0x00000000        0x0 c:/program files (x86)/atmel/studio/7.0/toolchain/avr8/avr8-gnu-toolchain/bin/../lib/gcc/avr/5.4.0/avr5\libgcc.a(_clear_bss.o)
 .text.libgcc.builtins
                0x00000000        0x0 c:/program files (x86)/atmel/studio/7.0/toolchain/avr8/avr8-gnu-toolchain/bin/../lib/gcc/avr/5.4.0/avr5\libgcc.a(_clear_bss.o)
 .text.libgcc.fmul
                0x00000000        0x0 c:/program files (x86)/atmel/studio/7.0/toolchain/avr8/avr8-gnu-toolchain/bin/../lib/gcc/avr/5.4.0/avr5\libgcc.a(_clear_bss.o)
 .text.libgcc.fixed
                0x00000000        0x0 c:/program files (x86)/atmel/studio/7.0/toolchain/avr8/avr8-gnu-toolchain/bin/../lib/gcc/avr/5.4.0/avr5\libgcc.a(_clear_bss.o)
 .text          0x00000000        0x0 c:/program files (x86)/atmel/studio/7.0/toolchain/avr8/avr8-gnu-toolchain/bin/../lib/gcc/avr/5.4.0/avr5\libgcc.a(_muluhisi3.o)
 .data          0x00000000        0x0 c:/program files (x86)/atmel/studio/7.0/toolchain/avr8/avr8-gnu-toolchain/bin/../lib/gcc/avr/5.4.0/avr5\libgcc.a(_muluhisi3.o)
 .bss           0x00000000        0x0 c:/program files (x86)/atmel/studio/7.0/toolchain/avr8/avr8-gnu-toolchain/bin/../lib/gcc/avr/5.4.0/avr5\libgcc.a(_muluhisi3.o)
 .text.libgcc.mul
                0x00000000       0x16 c:/program files (x86)/atmel/studio/7.0/toolchain/avr8/avr8-gnu-toolchain/bin/../lib/gcc/avr/5.4.0/avr5\libgcc.a(_muluhisi3.o)
 .text.libgcc.div
                0x00000000        0x0 c:/program files (x86)/atmel/studio/7.0/toolchain/avr8/avr8-gnu-toolchain/bin/../lib/gcc/avr/5.4.0/avr5\libgcc.a(_muluhisi3.o)
 .text.libgcc   0x00000000        0x0 c:/program files (x86)/atmel/studio/7.0/toolchain/avr8/avr8-gnu-toolchain/bin/../lib/gcc/avr/5.4.0/avr5\libgcc.a(_muluhisi3.o)
 .text.libgcc.prologue
                0x00000000        0x0 c:/program files (x86)/atmel/studio/7.0/toolchain/avr8/avr8-gnu-toolchain/bin/../lib/gcc/avr/5.4.0/avr5\libgcc.a(_muluhisi3.o)
 .text.libgcc.builtins
                0x00000000        0x0 c:/program files (x86)/atmel/studio/7.0/toolchain/avr8/avr8-gnu-toolchain/bin/../lib/gcc/avr/5.4.0/avr5\libgcc.a(_muluhisi3.o)
 .text.libgcc.fmul
                0x00000000        0x0 c:/program files (x86)/atmel/studio/7.0/toolchain/avr8/avr8-gnu-toolchain/bin/../lib/gcc/avr/5.4.0/avr5\libgcc.a(_muluhisi3.o)
 .text.libgcc.fixed
                0x00000000        0x0 c:/program files (x86)/atmel/studio/7.0/toolchain/avr8/avr8-gnu-toolchain/bin/../lib/gcc/avr/5.4.0/avr5\libgcc.a(_muluhisi3.o)
 .text          0x00000000        0x0 c:/program files (x86)/atmel/studio/7.0/toolchain/avr8/avr8-gnu-toolchain/bin/../lib/gcc/avr/5.4.0/avr5\libgcc.a(_mulshisi3.o)
 .data          0x00000000        0x0 c:/program files (x86)/atmel/studio/7.0/toolchain/avr8/avr8-gnu-toolchain/bin/../lib/gcc/avr/5.4.0/avr5\libgcc.a(_mulshisi3.o)
 .bss           0x00000000        0x0 c:/program files (x86)/atmel/studio/7.0/toolchain/avr8/avr8-gnu-toolchain/bin/../lib/gcc/avr/5.4.0/avr5\libgcc.a(_mulshisi3.o)
 .text.libgcc.mul
                0x00000000       0x10 c:/program files (x86)/atmel/studio/7.0/toolchain/avr8/avr8-gnu-toolchain/bin/../lib/gcc/avr/5.4.0/avr5\libgcc.a(_mulshisi3.o)
 .text.libgcc.div
                0x00000000        0x0 c:/program files (x86)/atmel/studio/7.0/toolchain/avr8/avr8-gnu-toolchain/bin/../lib/gcc/avr/5.4.0/avr5\libgcc.a(_mulshisi3.o)
 .text.libgcc   0x00000000        0x0 c:/program files (x86)/atmel/studio/7.0/toolchain/avr8/avr8-gnu-toolchain/bin/../lib/gcc/avr/5.4.0/avr5\libgcc.a(_mulshisi3.o)
 .text.libgcc.prologue
                0x00000000        0x0 c:/program files (x86)/atmel/studio/7.0/toolchain/avr8/avr8-gnu-toolchain/bin/../lib/gcc/avr/5.4.0/avr5\libgcc.a(_mulshisi3.o)
 .text.libgcc.builtins
                0x00000000        0x0 c:/program files (x86)/atmel/studio/7.0/toolchain/avr8/avr8-gnu-toolchain/bin/../lib/gcc/avr/5.4.0/avr5\libgcc.a(_mulshisi3.o)
 .text.libgcc.fmul
                0x00000000        0x0 c:/program files (x86)/atmel/studio/7.0/toolchain/avr8/avr8-gnu-toolchain/bin/../lib/gcc/avr/5.4.0/avr5\libgcc.a(_mulshisi3.o)
 .text.libgcc.fixed
                0x00000000        0x0 c:/program files (x86)/atmel/studio/7.0/toolchain/avr8/avr8-gnu-toolchain/bin/../lib/gcc/avr/5.4.0/avr5\libgcc.a(_mulshisi3.o)
 .text          0x00000000        0x0 c:/program files (x86)/atmel/studio/7.0/toolchain/avr8/avr8-gnu-toolchain/bin/../lib/gcc/avr/5.4.0/avr5\libgcc.a(_umulhisi3.o)
 .data          0x00000000        0x0 c:/program files (x86)/atmel/studio/7.0/toolchain/avr8/avr8-gnu-toolchain/bin/../lib/gcc/avr/5.4.0/avr5\libgcc.a(_umulhisi3.o)
 .bss           0x00000000        0x0 c:/program files (x86)/atmel/studio/7.0/toolchain/avr8/avr8-gnu-toolchain/bin/../lib/gcc/avr/5.4.0/avr5\libgcc.a(_umulhisi3.o)
 .text.libgcc.mul
                0x00000000       0x1e c:/program files (x86)/atmel/studio/7.0/toolchain/avr8/avr8-gnu-toolchain/bin/../lib/gcc/avr/5.4.0/avr5\libgcc.a(_umulhisi3.o)
 .text.libgcc.div
                0x00000000        0x0 c:/program files (x86)/atmel/studio/7.0/toolchain/avr8/avr8-gnu-toolchain/bin/../lib/gcc/avr/5.4.0/avr5\libgcc.a(_umulhisi3.o)
 .text.libgcc   0x00000000        0x0 c:/program files (x86)/atmel/studio/7.0/toolchain/avr8/avr8-gnu-toolchain/bin/../lib/gcc/avr/5.4.0/avr5\libgcc.a(_umulhisi3.o)
 .text.libgcc.prologue
                0x00000000        0x0 c:/program files (x86)/atmel/studio/7.0/toolchain/avr8/avr8-gnu-toolchain/bin/../lib/gcc/avr/5.4.0/avr5\libgcc.a(_umulhisi3.o)
 .text.libgcc.builtins
                0x00000000        0x0 c:/program files (x86)/atmel/studio/7.0/toolchain/avr8/avr8-gnu-toolchain/bin/../lib/gcc/avr/5.4.0/avr5\libgcc.a(_umulhisi3.o)
 .text.libgcc.fmul
                0x00000000        0x0 c:/program files (x86)/atmel/studio/7.0/toolchain/avr8/avr8-gnu-toolchain/bin/../lib/gcc/avr/5.4.0/avr5\libgcc.a(_umulhisi3.o)
 .text.libgcc.fixed
                0x00000000        0x0 c:/program files (x86)/atmel/studio/7.0/toolchain/avr8/avr8-gnu-toolchain/bin/../lib/gcc/avr/5.4.0/avr5\libgcc.a(_umulhisi3.o)
 .text          0x00000000        0x0 c:/program files (x86)/atmel/studio/7.0/toolchain/avr8/avr8-gnu-toolchain/bin/../lib/gcc/avr/5.4.0/../../../../avr/lib/avr5\libc.a(strcmp.o)
 .data          0x00000000        0x0 c:/program files (x86)/atmel/studio/7.0/toolchain/avr8/avr8-gnu-toolchain/bin/../lib/gcc/avr/5.4.0/../../../../avr/lib/avr5\libc.a(strcmp.o)
 .bss           0x00000000        0x0 c:/program files (x86)/atmel/studio/7.0/toolchain/avr8/avr8-gnu-toolchain/bin/../lib/gcc/avr/5.4.0/../../../../avr/lib/avr5\libc.a(strcmp.o)

Memory Configuration

Name             Origin             Length             Attributes
text             0x00000000         0x00008000         xr
data             0x00800100         0x00000800         rw !x
eeprom           0x00810000         0x00000400         rw !x
fuse             0x00820000         0x00000003         rw !x
lock             0x00830000         0x00000400         rw !x
signature        0x00840000         0x00000400         rw !x
user_signatures  0x00850000         0x00000400         rw !x
*default*        0x00000000         0xffffffff

Linker script and memory map

Address of section .data set to 0x800100
LOAD C:/Program Files (x86)/Atmel/Studio/7.0/Packs/atmel/ATmega_DFP/1.7.374/gcc/dev/atmega328p/avr5/crtatmega328p.o
LOAD Aplication/Clock/clock.o
LOAD Aplication/CMD/cmd.o
LOAD Aplication/Countdown/countdown.o
LOAD Aplication/Cronometer/chronometer.o
LOAD Aplication/GUI/GUI.o
LOAD Aplication/GUI/segmentDisplay.o
LOAD Atmega328P_Driver/src/atmega328p_ADC.o
LOAD Atmega328P_Driver/src/atmega328p_EXTI.o
LOAD Atmega328P_Driver/src/atmega328p_GPIO.o
LOAD Atmega328P_Driver/src/atmega328p_I2C.o
LOAD Atmega328P_Driver/src/atmega328p_TIM.o
LOAD Atmega328P_Driver/src/atmega328p_USART.o
LOAD Core/src/main.o
LOAD Modules/BME280/BME280.o
LOAD Modules/OLED/src/drawFunctions.o
LOAD Modules/OLED/src/font.o
LOAD Modules/OLED/src/ssd1306.o
LOAD Modules/OLED/src/twi.o
START GROUP
LOAD c:/program files (x86)/atmel/studio/7.0/toolchain/avr8/avr8-gnu-toolchain/bin/../lib/gcc/avr/5.4.0/../../../../avr/lib/avr5\libm.a
END GROUP
START GROUP
LOAD c:/program files (x86)/atmel/studio/7.0/toolchain/avr8/avr8-gnu-toolchain/bin/../lib/gcc/avr/5.4.0/avr5\libgcc.a
LOAD c:/program files (x86)/atmel/studio/7.0/toolchain/avr8/avr8-gnu-toolchain/bin/../lib/gcc/avr/5.4.0/../../../../avr/lib/avr5\libm.a
LOAD c:/program files (x86)/atmel/studio/7.0/toolchain/avr8/avr8-gnu-toolchain/bin/../lib/gcc/avr/5.4.0/../../../../avr/lib/avr5\libc.a
LOAD C:/Program Files (x86)/Atmel/Studio/7.0/Packs/atmel/ATmega_DFP/1.7.374/gcc/dev/atmega328p/avr5\libatmega328p.a
END GROUP
                0x00000000                __TEXT_REGION_ORIGIN__ = DEFINED (__TEXT_REGION_ORIGIN__)?__TEXT_REGION_ORIGIN__:0x0
                [0x00800100]                __DATA_REGION_ORIGIN__ = DEFINED (__DATA_REGION_ORIGIN__)?__DATA_REGION_ORIGIN__:0x800060
                [0x00008000]                __TEXT_REGION_LENGTH__ = DEFINED (__TEXT_REGION_LENGTH__)?__TEXT_REGION_LENGTH__:0x20000
                [0x00000800]                __DATA_REGION_LENGTH__ = DEFINED (__DATA_REGION_LENGTH__)?__DATA_REGION_LENGTH__:0xffa0
                [0x00000400]                __EEPROM_REGION_LENGTH__ = DEFINED (__EEPROM_REGION_LENGTH__)?__EEPROM_REGION_LENGTH__:0x10000
                [0x00000003]                __FUSE_REGION_LENGTH__ = DEFINED (__FUSE_REGION_LENGTH__)?__FUSE_REGION_LENGTH__:0x400
                0x00000400                __LOCK_REGION_LENGTH__ = DEFINED (__LOCK_REGION_LENGTH__)?__LOCK_REGION_LENGTH__:0x400
                0x00000400                __SIGNATURE_REGION_LENGTH__ = DEFINED (__SIGNATURE_REGION_LENGTH__)?__SIGNATURE_REGION_LENGTH__:0x400
                0x00000400                __USER_SIGNATURE_REGION_LENGTH__ = DEFINED (__USER_SIGNATURE_REGION_LENGTH__)?__USER_SIGNATURE_REGION_LENGTH__:0x400

.hash
 *(.hash)

.dynsym
 *(.dynsym)

.dynstr
 *(.dynstr)

.gnu.version
 *(.gnu.version)

.gnu.version_d
 *(.gnu.version_d)

.gnu.version_r
 *(.gnu.version_r)

.rel.init
 *(.rel.init)

.rela.init
 *(.rela.init)

.rel.text
 *(.rel.text)
 *(.rel.text.*)
 *(.rel.gnu.linkonce.t*)

.rela.text
 *(.rela.text)
 *(.rela.text.*)
 *(.rela.gnu.linkonce.t*)

.rel.fini
 *(.rel.fini)

.rela.fini
 *(.rela.fini)

.rel.rodata
 *(.rel.rodata)
 *(.rel.rodata.*)
 *(.rel.gnu.linkonce.r*)

.rela.rodata
 *(.rela.rodata)
 *(.rela.rodata.*)
 *(.rela.gnu.linkonce.r*)

.rel.data
 *(.rel.data)
 *(.rel.data.*)
 *(.rel.gnu.linkonce.d*)

.rela.data
 *(.rela.data)
 *(.rela.data.*)
 *(.rela.gnu.linkonce.d*)

.rel.ctors
 *(.rel.ctors)

.rela.ctors
 *(.rela.ctors)

.rel.dtors
 *(.rel.dtors)

.rela.dtors
 *(.rela.dtors)

.rel.got
 *(.rel.got)

.rela.got
 *(.rela.got)

.rel.bss
 *(.rel.bss)

.rela.bss
 *(.rela.bss)

.rel.plt
 *(.rel.plt)

.rela.plt
 *(.rela.plt)

.text           0x00000000     0x15ba
 *(.vectors)
 .vectors       0x00000000       0x68 C:/Program Files (x86)/Atmel/Studio/7.0/Packs/atmel/ATmega_DFP/1.7.374/gcc/dev/atmega328p/avr5/crtatmega328p.o
                0x00000000                __vector_default
                0x00000000                __vectors
 *(.vectors)
 *(.progmem.gcc*)
 .progmem.gcc_sw_table.__vector_14
                0x00000068        0xe Core/src/main.o
 .progmem.gcc_fplib
                0x00000076       0x5a c:/program files (x86)/atmel/studio/7.0/toolchain/avr8/avr8-gnu-toolchain/bin/../lib/gcc/avr/5.4.0/../../../../avr/lib/avr5\libm.a(log.o)
                0x000000d0                . = ALIGN (0x2)
                0x000000d0                __trampolines_start = .
 *(.trampolines)
 .trampolines   0x000000d0        0x0 linker stubs
 *(.trampolines*)
                0x000000d0                __trampolines_end = .
 *libprintf_flt.a:*(.progmem.data)
 *libc.a:*(.progmem.data)
 *(.progmem*)
                0x000000d0                . = ALIGN (0x2)
 *(.jumptables)
 *(.jumptables*)
 *(.lowtext)
 *(.lowtext*)
                0x000000d0                __ctors_start = .
 *(.ctors)
                0x000000d0                __ctors_end = .
                0x000000d0                __dtors_start = .
 *(.dtors)
                0x000000d0                __dtors_end = .
 SORT(*)(.ctors)
 SORT(*)(.dtors)
 *(.init0)
 .init0         0x000000d0        0x0 C:/Program Files (x86)/Atmel/Studio/7.0/Packs/atmel/ATmega_DFP/1.7.374/gcc/dev/atmega328p/avr5/crtatmega328p.o
                0x000000d0                __init
 *(.init0)
 *(.init1)
 *(.init1)
 *(.init2)
 .init2         0x000000d0        0xc C:/Program Files (x86)/Atmel/Studio/7.0/Packs/atmel/ATmega_DFP/1.7.374/gcc/dev/atmega328p/avr5/crtatmega328p.o
 *(.init2)
 *(.init3)
 *(.init3)
 *(.init4)
 .init4         0x000000dc       0x16 c:/program files (x86)/atmel/studio/7.0/toolchain/avr8/avr8-gnu-toolchain/bin/../lib/gcc/avr/5.4.0/avr5\libgcc.a(_copy_data.o)
                0x000000dc                __do_copy_data
 .init4         0x000000f2       0x10 c:/program files (x86)/atmel/studio/7.0/toolchain/avr8/avr8-gnu-toolchain/bin/../lib/gcc/avr/5.4.0/avr5\libgcc.a(_clear_bss.o)
                0x000000f2                __do_clear_bss
 *(.init4)
 *(.init5)
 *(.init5)
 *(.init6)
 *(.init6)
 *(.init7)
 *(.init7)
 *(.init8)
 *(.init8)
 *(.init9)
 .init9         0x00000102        0x8 C:/Program Files (x86)/Atmel/Studio/7.0/Packs/atmel/ATmega_DFP/1.7.374/gcc/dev/atmega328p/avr5/crtatmega328p.o
 *(.init9)
 *(.text)
 .text          0x0000010a        0x4 C:/Program Files (x86)/Atmel/Studio/7.0/Packs/atmel/ATmega_DFP/1.7.374/gcc/dev/atmega328p/avr5/crtatmega328p.o
                0x0000010a                __vector_22
                0x0000010a                __vector_24
                0x0000010a                __vector_12
                0x0000010a                __bad_interrupt
                0x0000010a                __vector_6
                0x0000010a                __vector_3
                0x0000010a                __vector_23
                0x0000010a                __vector_25
                0x0000010a                __vector_13
                0x0000010a                __vector_17
                0x0000010a                __vector_19
                0x0000010a                __vector_5
                0x0000010a                __vector_4
                0x0000010a                __vector_9
                0x0000010a                __vector_2
                0x0000010a                __vector_21
                0x0000010a                __vector_15
                0x0000010a                __vector_8
                0x0000010a                __vector_10
                0x0000010a                __vector_16
                0x0000010a                __vector_20
                0x0000010e                . = ALIGN (0x2)
 *(.text.*)
 .text.TimeClock
                0x0000010e       0x2c Aplication/Clock/clock.o
                0x0000010e                TimeClock
 .text.MY_GUI_CMDCheck
                0x0000013a       0x72 Aplication/CMD/cmd.o
                0x0000013a                MY_GUI_CMDCheck
 .text.TimeCountdown
                0x000001ac       0x46 Aplication/Countdown/countdown.o
                0x000001ac                TimeCountdown
 .text.TimeChronometer
                0x000001f2       0x3a Aplication/Cronometer/chronometer.o
                0x000001f2                TimeChronometer
 .text.BinaryCodedDecimal
                0x0000022c      0x146 Aplication/GUI/segmentDisplay.o
                0x0000022c                BinaryCodedDecimal
 .text.ShiftRegister
                0x00000372       0x88 Aplication/GUI/segmentDisplay.o
                0x00000372                ShiftRegister
 .text.MY_ADC_Init
                0x000003fa       0x12 Atmega328P_Driver/src/atmega328p_ADC.o
                0x000003fa                MY_ADC_Init
 .text.Analog_Read
                0x0000040c       0x28 Atmega328P_Driver/src/atmega328p_ADC.o
                0x0000040c                Analog_Read
 .text.MY_EXTI_Init
                0x00000434        0xc Atmega328P_Driver/src/atmega328p_EXTI.o
                0x00000434                MY_EXTI_Init
 .text.MY_GPIO_Init
                0x00000440       0x16 Atmega328P_Driver/src/atmega328p_GPIO.o
                0x00000440                MY_GPIO_Init
 .text.I2C_Init
                0x00000456       0x1c Atmega328P_Driver/src/atmega328p_I2C.o
                0x00000456                I2C_Init
 .text.MY_TIMX_Start
                0x00000472       0x3e Atmega328P_Driver/src/atmega328p_TIM.o
                0x00000472                MY_TIMX_Start
 .text.MY_TIM0_Init
                0x000004b0       0x20 Atmega328P_Driver/src/atmega328p_TIM.o
                0x000004b0                MY_TIM0_Init
 .text.MY_TIM1_Init
                0x000004d0       0x32 Atmega328P_Driver/src/atmega328p_TIM.o
                0x000004d0                MY_TIM1_Init
 .text.MY_TIM2_Init
                0x00000502       0x28 Atmega328P_Driver/src/atmega328p_TIM.o
                0x00000502                MY_TIM2_Init
 .text.MY_TIMX_Stop
                0x0000052a       0x2c Atmega328P_Driver/src/atmega328p_TIM.o
                0x0000052a                MY_TIMX_Stop
 .text.MY_USART_Init
                0x00000556       0x1a Atmega328P_Driver/src/atmega328p_USART.o
                0x00000556                MY_USART_Init
 .text.USART_Transmit_String
                0x00000570       0x22 Atmega328P_Driver/src/atmega328p_USART.o
                0x00000570                USART_Transmit_String
 .text.USER_Clock
                0x00000592       0x2e Core/src/main.o
                0x00000592                USER_Clock
 .text.USER_Chronometer
                0x000005c0       0x2e Core/src/main.o
                0x000005c0                USER_Chronometer
 .text.USER_Countdown
                0x000005ee       0x2e Core/src/main.o
                0x000005ee                USER_Countdown
 .text.USER_SetClock
                0x0000061c        0xe Core/src/main.o
                0x0000061c                USER_SetClock
 .text.USER_SetAlarm
                0x0000062a        0xe Core/src/main.o
                0x0000062a                USER_SetAlarm
 .text.USER_SetChronometer
                0x00000638        0xe Core/src/main.o
                0x00000638                USER_SetChronometer
 .text.USER_SetCountdown
                0x00000646        0xe Core/src/main.o
                0x00000646                USER_SetCountdown
 .text.USER_CMD_Switch
                0x00000654      0x412 Core/src/main.o
                0x00000654                USER_CMD_Switch
 .text.main     0x00000a66      0x2ec Core/src/main.o
                0x00000a66                main
 .text.__vector_14
                0x00000d52       0xc4 Core/src/main.o
                0x00000d52                __vector_14
 .text.__vector_11
                0x00000e16       0x54 Core/src/main.o
                0x00000e16                __vector_11
 .text.__vector_7
                0x00000e6a       0x74 Core/src/main.o
                0x00000e6a                __vector_7
 .text.__vector_18
                0x00000ede       0x86 Core/src/main.o
                0x00000ede                __vector_18
 .text.__vector_1
                0x00000f64       0xba Core/src/main.o
                0x00000f64                __vector_1
 .text.avr-libc.fplib
                0x0000101e        0xe c:/program files (x86)/atmel/studio/7.0/toolchain/avr8/avr8-gnu-toolchain/bin/../lib/gcc/avr/5.4.0/../../../../avr/lib/avr5\libm.a(addsf3.o)
                0x0000101e                __subsf3
                0x00001020                __addsf3
 .text.avr-libc.fplib
                0x0000102c       0xcc c:/program files (x86)/atmel/studio/7.0/toolchain/avr8/avr8-gnu-toolchain/bin/../lib/gcc/avr/5.4.0/../../../../avr/lib/avr5\libm.a(addsf3x.o)
                0x0000104e                __addsf3x
 .text.avr-libc.fplib
                0x000010f8        0x8 c:/program files (x86)/atmel/studio/7.0/toolchain/avr8/avr8-gnu-toolchain/bin/../lib/gcc/avr/5.4.0/../../../../avr/lib/avr5\libm.a(divsf3.o)
                0x000010f8                __divsf3
 .text.avr-libc.fplib
                0x00001100       0xdc c:/program files (x86)/atmel/studio/7.0/toolchain/avr8/avr8-gnu-toolchain/bin/../lib/gcc/avr/5.4.0/../../../../avr/lib/avr5\libm.a(divsf3x.o)
                0x00001120                __divsf3x
                0x00001126                __divsf3_pse
 .text.avr-libc.fplib
                0x000011dc        0xe c:/program files (x86)/atmel/studio/7.0/toolchain/avr8/avr8-gnu-toolchain/bin/../lib/gcc/avr/5.4.0/../../../../avr/lib/avr5\libm.a(fixsfsi.o)
                0x000011dc                __fixsfsi
 .text.avr-libc.fplib
                0x000011ea       0x5e c:/program files (x86)/atmel/studio/7.0/toolchain/avr8/avr8-gnu-toolchain/bin/../lib/gcc/avr/5.4.0/../../../../avr/lib/avr5\libm.a(fixunssfsi.o)
                0x000011ea                __fixunssfsi
 .text.avr-libc.fplib
                0x00001248       0x7a c:/program files (x86)/atmel/studio/7.0/toolchain/avr8/avr8-gnu-toolchain/bin/../lib/gcc/avr/5.4.0/../../../../avr/lib/avr5\libm.a(floatsisf.o)
                0x00001248                __floatunsisf
                0x0000124c                __floatsisf
 .text.avr-libc.fplib
                0x000012c2        0xc c:/program files (x86)/atmel/studio/7.0/toolchain/avr8/avr8-gnu-toolchain/bin/../lib/gcc/avr/5.4.0/../../../../avr/lib/avr5\libm.a(fp_inf.o)
                0x000012c2                __fp_inf
 .text.avr-libc.fplib
                0x000012ce        0x6 c:/program files (x86)/atmel/studio/7.0/toolchain/avr8/avr8-gnu-toolchain/bin/../lib/gcc/avr/5.4.0/../../../../avr/lib/avr5\libm.a(fp_nan.o)
                0x000012ce                __fp_nan
 .text.avr-libc.fplib
                0x000012d4        0xe c:/program files (x86)/atmel/studio/7.0/toolchain/avr8/avr8-gnu-toolchain/bin/../lib/gcc/avr/5.4.0/../../../../avr/lib/avr5\libm.a(fp_pscA.o)
                0x000012d4                __fp_pscA
 .text.avr-libc.fplib
                0x000012e2        0xe c:/program files (x86)/atmel/studio/7.0/toolchain/avr8/avr8-gnu-toolchain/bin/../lib/gcc/avr/5.4.0/../../../../avr/lib/avr5\libm.a(fp_pscB.o)
                0x000012e2                __fp_pscB
 .text.avr-libc.fplib
                0x000012f0       0x22 c:/program files (x86)/atmel/studio/7.0/toolchain/avr8/avr8-gnu-toolchain/bin/../lib/gcc/avr/5.4.0/../../../../avr/lib/avr5\libm.a(fp_round.o)
                0x000012f0                __fp_round
 .text.avr-libc.fplib
                0x00001312       0x44 c:/program files (x86)/atmel/studio/7.0/toolchain/avr8/avr8-gnu-toolchain/bin/../lib/gcc/avr/5.4.0/../../../../avr/lib/avr5\libm.a(fp_split3.o)
                0x00001312                __fp_split3
                0x00001322                __fp_splitA
 .text.avr-libc.fplib
                0x00001356        0xe c:/program files (x86)/atmel/studio/7.0/toolchain/avr8/avr8-gnu-toolchain/bin/../lib/gcc/avr/5.4.0/../../../../avr/lib/avr5\libm.a(fp_zero.o)
                0x00001356                __fp_zero
                0x00001358                __fp_szero
 .text.avr-libc.fplib
                0x00001364       0xa0 c:/program files (x86)/atmel/studio/7.0/toolchain/avr8/avr8-gnu-toolchain/bin/../lib/gcc/avr/5.4.0/../../../../avr/lib/avr5\libm.a(log.o)
                0x00001374                log
 .text.avr-libc.fplib
                0x00001404        0x8 c:/program files (x86)/atmel/studio/7.0/toolchain/avr8/avr8-gnu-toolchain/bin/../lib/gcc/avr/5.4.0/../../../../avr/lib/avr5\libm.a(mulsf3.o)
                0x00001404                __mulsf3
 .text.avr-libc.fplib
                0x0000140c       0xd2 c:/program files (x86)/atmel/studio/7.0/toolchain/avr8/avr8-gnu-toolchain/bin/../lib/gcc/avr/5.4.0/../../../../avr/lib/avr5\libm.a(mulsf3x.o)
                0x0000142a                __mulsf3x
                0x00001430                __mulsf3_pse
 .text.avr-libc.fplib
                0x000014de       0x1c c:/program files (x86)/atmel/studio/7.0/toolchain/avr8/avr8-gnu-toolchain/bin/../lib/gcc/avr/5.4.0/../../../../avr/lib/avr5\libm.a(fp_mpack.o)
                0x000014de                __fp_mpack
                0x000014e2                __fp_mpack_finite
 .text.avr-libc.fplib
                0x000014fa       0x4e c:/program files (x86)/atmel/studio/7.0/toolchain/avr8/avr8-gnu-toolchain/bin/../lib/gcc/avr/5.4.0/../../../../avr/lib/avr5\libm.a(fp_powser.o)
                0x000014fa                __fp_powser
 .text.libgcc.div
                0x00001548       0x28 c:/program files (x86)/atmel/studio/7.0/toolchain/avr8/avr8-gnu-toolchain/bin/../lib/gcc/avr/5.4.0/avr5\libgcc.a(_udivmodhi4.o)
                0x00001548                __udivmodhi4
 .text.libgcc.div
                0x00001570       0x28 c:/program files (x86)/atmel/studio/7.0/toolchain/avr8/avr8-gnu-toolchain/bin/../lib/gcc/avr/5.4.0/avr5\libgcc.a(_divmodhi4.o)
                0x00001570                _div
                0x00001570                __divmodhi4
 .text.libgcc   0x00001598        0xc c:/program files (x86)/atmel/studio/7.0/toolchain/avr8/avr8-gnu-toolchain/bin/../lib/gcc/avr/5.4.0/avr5\libgcc.a(_tablejump2.o)
                0x00001598                __tablejump2__
 .text.avr-libc
                0x000015a4       0x12 c:/program files (x86)/atmel/studio/7.0/toolchain/avr8/avr8-gnu-toolchain/bin/../lib/gcc/avr/5.4.0/../../../../avr/lib/avr5\libc.a(strcmp.o)
                0x000015a4                strcmp
                0x000015b6                . = ALIGN (0x2)
 *(.fini9)
 .fini9         0x000015b6        0x0 c:/program files (x86)/atmel/studio/7.0/toolchain/avr8/avr8-gnu-toolchain/bin/../lib/gcc/avr/5.4.0/avr5\libgcc.a(_exit.o)
                0x000015b6                _exit
                0x000015b6                exit
 *(.fini9)
 *(.fini8)
 *(.fini8)
 *(.fini7)
 *(.fini7)
 *(.fini6)
 *(.fini6)
 *(.fini5)
 *(.fini5)
 *(.fini4)
 *(.fini4)
 *(.fini3)
 *(.fini3)
 *(.fini2)
 *(.fini2)
 *(.fini1)
 *(.fini1)
 *(.fini0)
 .fini0         0x000015b6        0x4 c:/program files (x86)/atmel/studio/7.0/toolchain/avr8/avr8-gnu-toolchain/bin/../lib/gcc/avr/5.4.0/avr5\libgcc.a(_exit.o)
 *(.fini0)
                0x000015ba                _etext = .

.data           0x00800100      0x1fe load address 0x000015ba
                0x00800100                PROVIDE (__data_start, .)
 *(.data)
 *(.data*)
 .data.MY_Display_state
                0x00800100        0x1 Core/src/main.o
                0x00800100                MY_Display_state
 .data.BCD      0x00800101        0xa Core/src/main.o
                0x00800101                BCD
 *(.gnu.linkonce.d*)
 *(.rodata)
 *(.rodata*)
 .rodata.str1.1
                0x0080010b       0x17 Aplication/CMD/cmd.o
 .rodata.str1.1
                0x00800122      0x1dc Core/src/main.o
 *(.gnu.linkonce.r*)
                0x008002fe                . = ALIGN (0x2)
                0x008002fe                _edata = .
                0x008002fe                PROVIDE (__data_end, .)

.bss            0x008002fe       0xa6
                0x008002fe                PROVIDE (__bss_start, .)
 *(.bss)
 *(.bss*)
 .bss.shiftCnt.1682
                0x008002fe        0x1 Aplication/GUI/segmentDisplay.o
 .bss.myISRCnt.2507
                0x008002ff        0x1 Core/src/main.o
 .bss.temperature
                0x00800300        0x4 Core/src/main.o
                0x00800300                temperature
 .bss.activeResistance
                0x00800304        0x2 Core/src/main.o
                0x00800304                activeResistance
 .bss.ADCreadout
                0x00800306        0x2 Core/src/main.o
                0x00800306                ADCreadout
 .bss.lapBuffer
                0x00800308        0x1 Core/src/main.o
                0x00800308                lapBuffer
 .bss.USART0_Flag
                0x00800309        0x1 Core/src/main.o
                0x00800309                USART0_Flag
 .bss.myDisplayLap
                0x0080030a        0x8 Core/src/main.o
                0x0080030a                myDisplayLap
 .bss.myDisplayTemperature
                0x00800312        0x8 Core/src/main.o
                0x00800312                myDisplayTemperature
 .bss.myDisplayAlarm
                0x0080031a        0x8 Core/src/main.o
                0x0080031a                myDisplayAlarm
 .bss.myDisplayChronometer
                0x00800322        0x8 Core/src/main.o
                0x00800322                myDisplayChronometer
 .bss.myDisplayCountdown
                0x0080032a        0x8 Core/src/main.o
                0x0080032a                myDisplayCountdown
 .bss.myDisplayClock
                0x00800332        0x8 Core/src/main.o
                0x00800332                myDisplayClock
 *(COMMON)
 COMMON         0x0080033a       0x6a Core/src/main.o
                0x0080033a                TimeMainClock
                0x0080033e                Compensation_Data
                0x0080035f                TimeMainLap
                0x00800373                USART_Buffer
                0x0080037e                TemperatureK
                0x00800382                systemFlags
                0x00800383                UESR_CMD_state
                0x00800384                myTemperatureData
                0x0080038b                myPressureData
                0x00800392                myHumidityData
                0x00800398                TimeMainCronometer
                0x0080039c                TimeMainCountdown
                0x008003a0                TimeMainAlaram
                0x008003a4                PROVIDE (__bss_end, .)
                0x000015ba                __data_load_start = LOADADDR (.data)
                0x000017b8                __data_load_end = (__data_load_start + SIZEOF (.data))

.noinit         0x008003a4        0x0
                [!provide]                PROVIDE (__noinit_start, .)
 *(.noinit*)
                [!provide]                PROVIDE (__noinit_end, .)
                0x008003a4                _end = .
                [!provide]                PROVIDE (__heap_start, .)

.eeprom         0x00810000        0x0
 *(.eeprom*)
                0x00810000                __eeprom_end = .

.fuse
 *(.fuse)
 *(.lfuse)
 *(.hfuse)
 *(.efuse)

.lock
 *(.lock*)

.signature
 *(.signature*)

.user_signatures
 *(.user_signatures*)

.stab
 *(.stab)

.stabstr
 *(.stabstr)

.stab.excl
 *(.stab.excl)

.stab.exclstr
 *(.stab.exclstr)

.stab.index
 *(.stab.index)

.stab.indexstr
 *(.stab.indexstr)

.comment        0x00000000       0x30
 *(.comment)
 .comment       0x00000000       0x30 Aplication/Clock/clock.o
                                 0x31 (size before relaxing)
 .comment       0x00000030       0x31 Aplication/CMD/cmd.o
 .comment       0x00000030       0x31 Aplication/Countdown/countdown.o
 .comment       0x00000030       0x31 Aplication/Cronometer/chronometer.o
 .comment       0x00000030       0x31 Aplication/GUI/segmentDisplay.o
 .comment       0x00000030       0x31 Atmega328P_Driver/src/atmega328p_ADC.o
 .comment       0x00000030       0x31 Atmega328P_Driver/src/atmega328p_EXTI.o
 .comment       0x00000030       0x31 Atmega328P_Driver/src/atmega328p_GPIO.o
 .comment       0x00000030       0x31 Atmega328P_Driver/src/atmega328p_I2C.o
 .comment       0x00000030       0x31 Atmega328P_Driver/src/atmega328p_TIM.o
 .comment       0x00000030       0x31 Atmega328P_Driver/src/atmega328p_USART.o
 .comment       0x00000030       0x31 Core/src/main.o

.note.gnu.avr.deviceinfo
                0x00000000       0x40
 .note.gnu.avr.deviceinfo
                0x00000000       0x40 C:/Program Files (x86)/Atmel/Studio/7.0/Packs/atmel/ATmega_DFP/1.7.374/gcc/dev/atmega328p/avr5/crtatmega328p.o

.note.gnu.build-id
 *(.note.gnu.build-id)

.debug
 *(.debug)

.line
 *(.line)

.debug_srcinfo
 *(.debug_srcinfo)

.debug_sfnames
 *(.debug_sfnames)

.debug_aranges  0x00000000      0x280
 *(.debug_aranges)
 .debug_aranges
                0x00000000       0x20 Aplication/Clock/clock.o
 .debug_aranges
                0x00000020       0x20 Aplication/CMD/cmd.o
 .debug_aranges
                0x00000040       0x20 Aplication/Countdown/countdown.o
 .debug_aranges
                0x00000060       0x20 Aplication/Cronometer/chronometer.o
 .debug_aranges
                0x00000080       0x28 Aplication/GUI/segmentDisplay.o
 .debug_aranges
                0x000000a8       0x28 Atmega328P_Driver/src/atmega328p_ADC.o
 .debug_aranges
                0x000000d0       0x20 Atmega328P_Driver/src/atmega328p_EXTI.o
 .debug_aranges
                0x000000f0       0x38 Atmega328P_Driver/src/atmega328p_GPIO.o
 .debug_aranges
                0x00000128       0x50 Atmega328P_Driver/src/atmega328p_I2C.o
 .debug_aranges
                0x00000178       0x40 Atmega328P_Driver/src/atmega328p_TIM.o
 .debug_aranges
                0x000001b8       0x30 Atmega328P_Driver/src/atmega328p_USART.o
 .debug_aranges
                0x000001e8       0x98 Core/src/main.o

.debug_pubnames
 *(.debug_pubnames)

.debug_info     0x00000000     0x2c40
 *(.debug_info .gnu.linkonce.wi.*)
 .debug_info    0x00000000      0x5f4 C:/Program Files (x86)/Atmel/Studio/7.0/Packs/atmel/ATmega_DFP/1.7.374/gcc/dev/atmega328p/avr5/crtatmega328p.o
 .debug_info    0x000005f4       0xe9 Aplication/Clock/clock.o
 .debug_info    0x000006dd      0x242 Aplication/CMD/cmd.o
 .debug_info    0x0000091f       0xe9 Aplication/Countdown/countdown.o
 .debug_info    0x00000a08       0xe9 Aplication/Cronometer/chronometer.o
 .debug_info    0x00000af1      0x188 Aplication/GUI/segmentDisplay.o
 .debug_info    0x00000c79       0xb7 Atmega328P_Driver/src/atmega328p_ADC.o
 .debug_info    0x00000d30       0x82 Atmega328P_Driver/src/atmega328p_EXTI.o
 .debug_info    0x00000db2      0x14b Atmega328P_Driver/src/atmega328p_GPIO.o
 .debug_info    0x00000efd      0x12a Atmega328P_Driver/src/atmega328p_I2C.o
 .debug_info    0x00001027      0x19f Atmega328P_Driver/src/atmega328p_TIM.o
 .debug_info    0x000011c6       0xfb Atmega328P_Driver/src/atmega328p_USART.o
 .debug_info    0x000012c1     0x197f Core/src/main.o

.debug_abbrev   0x00000000      0xf6a
 *(.debug_abbrev)
 .debug_abbrev  0x00000000      0x5a2 C:/Program Files (x86)/Atmel/Studio/7.0/Packs/atmel/ATmega_DFP/1.7.374/gcc/dev/atmega328p/avr5/crtatmega328p.o
 .debug_abbrev  0x000005a2       0x87 Aplication/Clock/clock.o
 .debug_abbrev  0x00000629       0xdd Aplication/CMD/cmd.o
 .debug_abbrev  0x00000706       0x87 Aplication/Countdown/countdown.o
 .debug_abbrev  0x0000078d       0x87 Aplication/Cronometer/chronometer.o
 .debug_abbrev  0x00000814       0xd5 Aplication/GUI/segmentDisplay.o
 .debug_abbrev  0x000008e9       0x78 Atmega328P_Driver/src/atmega328p_ADC.o
 .debug_abbrev  0x00000961       0x4f Atmega328P_Driver/src/atmega328p_EXTI.o
 .debug_abbrev  0x000009b0       0xcb Atmega328P_Driver/src/atmega328p_GPIO.o
 .debug_abbrev  0x00000a7b       0x92 Atmega328P_Driver/src/atmega328p_I2C.o
 .debug_abbrev  0x00000b0d       0xc1 Atmega328P_Driver/src/atmega328p_TIM.o
 .debug_abbrev  0x00000bce       0x9f Atmega328P_Driver/src/atmega328p_USART.o
 .debug_abbrev  0x00000c6d      0x2fd Core/src/main.o

.debug_line     0x00000000     0x17f5
 *(.debug_line .debug_line.* .debug_line_end)
 .debug_line    0x00000000      0x134 C:/Program Files (x86)/Atmel/Studio/7.0/Packs/atmel/ATmega_DFP/1.7.374/gcc/dev/atmega328p/avr5/crtatmega328p.o
 .debug_line    0x00000134       0xfa Aplication/Clock/clock.o
 .debug_line    0x0000022e      0x126 Aplication/CMD/cmd.o
 .debug_line    0x00000354      0x126 Aplication/Countdown/countdown.o
 .debug_line    0x0000047a      0x117 Aplication/Cronometer/chronometer.o
 .debug_line    0x00000591      0x14d Aplication/GUI/segmentDisplay.o
 .debug_line    0x000006de       0xf9 Atmega328P_Driver/src/atmega328p_ADC.o
 .debug_line    0x000007d7       0xc4 Atmega328P_Driver/src/atmega328p_EXTI.o
 .debug_line    0x0000089b      0x13c Atmega328P_Driver/src/atmega328p_GPIO.o
 .debug_line    0x000009d7      0x197 Atmega328P_Driver/src/atmega328p_I2C.o
 .debug_line    0x00000b6e      0x1d8 Atmega328P_Driver/src/atmega328p_TIM.o
 .debug_line    0x00000d46      0x129 Atmega328P_Driver/src/atmega328p_USART.o
 .debug_line    0x00000e6f      0x986 Core/src/main.o

.debug_frame    0x00000000      0x590
 *(.debug_frame)
 .debug_frame   0x00000000       0x24 Aplication/Clock/clock.o
 .debug_frame   0x00000024       0x38 Aplication/CMD/cmd.o
 .debug_frame   0x0000005c       0x24 Aplication/Countdown/countdown.o
 .debug_frame   0x00000080       0x24 Aplication/Cronometer/chronometer.o
 .debug_frame   0x000000a4       0x40 Aplication/GUI/segmentDisplay.o
 .debug_frame   0x000000e4       0x34 Atmega328P_Driver/src/atmega328p_ADC.o
 .debug_frame   0x00000118       0x24 Atmega328P_Driver/src/atmega328p_EXTI.o
 .debug_frame   0x0000013c       0x54 Atmega328P_Driver/src/atmega328p_GPIO.o
 .debug_frame   0x00000190       0x84 Atmega328P_Driver/src/atmega328p_I2C.o
 .debug_frame   0x00000214       0x64 Atmega328P_Driver/src/atmega328p_TIM.o
 .debug_frame   0x00000278       0x44 Atmega328P_Driver/src/atmega328p_USART.o
 .debug_frame   0x000002bc      0x2d4 Core/src/main.o

.debug_str      0x00000000      0xfc4
 *(.debug_str)
 .debug_str     0x00000000      0x208 C:/Program Files (x86)/Atmel/Studio/7.0/Packs/atmel/ATmega_DFP/1.7.374/gcc/dev/atmega328p/avr5/crtatmega328p.o
 .debug_str     0x00000208      0x174 Aplication/Clock/clock.o
                                0x1b7 (size before relaxing)
 .debug_str     0x0000037c      0x394 Aplication/CMD/cmd.o
                                0x4fa (size before relaxing)
 .debug_str     0x00000710       0x32 Aplication/Countdown/countdown.o
                                0x1c3 (size before relaxing)
 .debug_str     0x00000742       0x37 Aplication/Cronometer/chronometer.o
                                0x1c8 (size before relaxing)
 .debug_str     0x00000779       0x79 Aplication/GUI/segmentDisplay.o
                                0x212 (size before relaxing)
 .debug_str     0x000007f2       0x83 Atmega328P_Driver/src/atmega328p_ADC.o
                                0x19d (size before relaxing)
 .debug_str     0x00000875       0x81 Atmega328P_Driver/src/atmega328p_EXTI.o
                                0x19b (size before relaxing)
 .debug_str     0x000008f6       0x88 Atmega328P_Driver/src/atmega328p_GPIO.o
                                0x1eb (size before relaxing)
 .debug_str     0x0000097e       0x90 Atmega328P_Driver/src/atmega328p_I2C.o
                                0x1f3 (size before relaxing)
 .debug_str     0x00000a0e       0xcb Atmega328P_Driver/src/atmega328p_TIM.o
                                0x21a (size before relaxing)
 .debug_str     0x00000ad9       0x86 Atmega328P_Driver/src/atmega328p_USART.o
                                0x1f7 (size before relaxing)
 .debug_str     0x00000b5f      0x465 Core/src/main.o
                                0xa9a (size before relaxing)

.debug_loc      0x00000000      0xde0
 *(.debug_loc)
 .debug_loc     0x00000000       0x28 Aplication/Clock/clock.o
 .debug_loc     0x00000028      0x105 Aplication/CMD/cmd.o
 .debug_loc     0x0000012d       0x28 Aplication/Countdown/countdown.o
 .debug_loc     0x00000155       0x28 Aplication/Cronometer/chronometer.o
 .debug_loc     0x0000017d       0xcd Aplication/GUI/segmentDisplay.o
 .debug_loc     0x0000024a       0x21 Atmega328P_Driver/src/atmega328p_ADC.o
 .debug_loc     0x0000026b       0x28 Atmega328P_Driver/src/atmega328p_GPIO.o
 .debug_loc     0x00000293       0x4e Atmega328P_Driver/src/atmega328p_I2C.o
 .debug_loc     0x000002e1       0xf9 Atmega328P_Driver/src/atmega328p_TIM.o
 .debug_loc     0x000003da       0x47 Atmega328P_Driver/src/atmega328p_USART.o
 .debug_loc     0x00000421      0x9bf Core/src/main.o

.debug_macinfo
 *(.debug_macinfo)

.debug_weaknames
 *(.debug_weaknames)

.debug_funcnames
 *(.debug_funcnames)

.debug_typenames
 *(.debug_typenames)

.debug_varnames
 *(.debug_varnames)

.debug_pubtypes
 *(.debug_pubtypes)

.debug_ranges   0x00000000      0x1f0
 *(.debug_ranges)
 .debug_ranges  0x00000000       0x10 Aplication/Clock/clock.o
 .debug_ranges  0x00000010       0x10 Aplication/CMD/cmd.o
 .debug_ranges  0x00000020       0x10 Aplication/Countdown/countdown.o
 .debug_ranges  0x00000030       0x10 Aplication/Cronometer/chronometer.o
 .debug_ranges  0x00000040       0x18 Aplication/GUI/segmentDisplay.o
 .debug_ranges  0x00000058       0x18 Atmega328P_Driver/src/atmega328p_ADC.o
 .debug_ranges  0x00000070       0x10 Atmega328P_Driver/src/atmega328p_EXTI.o
 .debug_ranges  0x00000080       0x28 Atmega328P_Driver/src/atmega328p_GPIO.o
 .debug_ranges  0x000000a8       0x40 Atmega328P_Driver/src/atmega328p_I2C.o
 .debug_ranges  0x000000e8       0x30 Atmega328P_Driver/src/atmega328p_TIM.o
 .debug_ranges  0x00000118       0x20 Atmega328P_Driver/src/atmega328p_USART.o
 .debug_ranges  0x00000138       0xb8 Core/src/main.o

.debug_macro
 *(.debug_macro)
OUTPUT(PROJECT.elf elf32-avr)
LOAD linker stubs
